[node2] Iniciando ServerNode
[node2] clientPort=5002 peerPort=6002
[node2] clientWorkerPool=64 peerWorkerPool=16 schedulerPool=4 coordinationExecutor=1
[node2] Peers configurados:
[node2]  - node1@localhost:5001:6001 [ALIVE]
[node2]  - node3@localhost:5003:6003 [ALIVE]
[node2][TcpPeerTransport] Iniciando TcpPeerTransport en puerto 6002
[node2][PeerListener] PeerListener escuchando en puerto 6002
[node2][PeerConnMgr] Enviando PEER_HELLO a node3 localhost:6003
[node2][L=1   ] SEND     PEER_HELLO                   node2→node3
[node2][PeerConnMgr] Enviando PEER_HELLO a node1 localhost:6001
[node2][L=2   ] SEND     PEER_HELLO                   node2→node1
[node2][TcpPeerTransport] TcpPeerTransport iniciado
[node2] Emisor de Heartbeats programado cada 2000ms
[node2] Sweeper de fallos programado. Tolerancia máxima: 6000ms
[node2] ServerNode iniciado — Ricart-Agrawala y Bully activos.
[node2] ClientListener escuchando en puerto 5002
[node2][L=3   ] RECEIVE  PEER_HELLO                   node3→node2
[node2][PeerConnMgr] PEER_HELLO enviado a node3
[node2][PeerConnMgr] PEER_HELLO enviado a node1
[node2][L=4   ] RECEIVE  PEER_HELLO                   node1→node2
[node2][PeerMessageHandler] Mensaje recibido: type=PEER_HELLO source=node1 L=1 → local L=4
[node2][PeerMessageHandler] Mensaje recibido: type=PEER_HELLO source=node3 L=1 → local L=3
[node2][PeerMessageHandler] PEER_HELLO recibido desde node1
[node2][PeerMessageHandler] Peer registrado: node1@localhost:5001:6001 [ALIVE]
[node2][PeerMessageHandler] PEER_HELLO recibido desde node3
[node2][PeerMessageHandler] Peer registrado: node3@localhost:5003:6003 [ALIVE]
[node2][L=5   ] SEND     PEER_HELLO_ACK               node2→node1
[node2][L=6   ] SEND     PEER_HELLO_ACK               node2→node3
[node2][PeerMessageHandler] PEER_HELLO_ACK enviado a node1 L=5
[node2][L=7   ] RECEIVE  PEER_HELLO_ACK               node1→node2
[node2][PeerConnMgr] PEER_HELLO_ACK recibido desde node1 L=7
[node2][PeerConnMgr] Peer detectado: node1
[node2][PeerMessageHandler] PEER_HELLO_ACK enviado a node3 L=6
[node2][L=8   ] RECEIVE  PEER_HELLO_ACK               node3→node2
[node2][PeerConnMgr] PEER_HELLO_ACK recibido desde node3 L=8
[node2][PeerConnMgr] Peer detectado: node3
[node2][L=9   ] SEND     HEARTBEAT                    node2→node3
[node2][L=10  ] SEND     HEARTBEAT                    node2→node1
[node2][L=11  ] RECEIVE  HEARTBEAT                    node3→node2
[node2][PeerMessageHandler] Mensaje recibido: type=HEARTBEAT source=node3 L=9 → local L=11
[node2][PeerConnMgr] Mensaje enviado a node1 type=HEARTBEAT L=10
[node2][PeerConnMgr] Mensaje enviado a node3 type=HEARTBEAT L=9
[node2][L=12  ] RECEIVE  HEARTBEAT                    node1→node2
[node2][PeerMessageHandler] Mensaje recibido: type=HEARTBEAT source=node1 L=9 → local L=12
[node2] Sin coordinador conocido — iniciando elección Bully inicial
[node2][Bully] === INICIANDO ELECCIÓN ===
[node2][L=13  ] SEND     HEARTBEAT                    node2→node3
[node2][L=15  ] SEND     HEARTBEAT                    node2→node1
[node2][L=14  ] SEND     ELECTION                     node2→node3
[node2][Bully] ELECTION → node3
[node2][PeerConnMgr] Mensaje enviado a node3 type=HEARTBEAT L=13
[node2][PeerConnMgr] Mensaje enviado a node3 type=ELECTION L=14
[node2][L=16  ] RECEIVE  HEARTBEAT                    node3→node2
[node2][PeerMessageHandler] Mensaje recibido: type=HEARTBEAT source=node3 L=14 → local L=16
[node2][L=17  ] RECEIVE  ELECTION_COORDINATOR         node3→node2
[node2][PeerMessageHandler] Mensaje recibido: type=ELECTION_COORDINATOR source=node3 L=16 → local L=17
[node2][Bully] === COORDINADOR ELECTO: node3 ===
[node2][PeerConnMgr] Mensaje enviado a node1 type=HEARTBEAT L=15
[node2][L=18  ] RECEIVE  HEARTBEAT                    node1→node2
[node2][PeerMessageHandler] Mensaje recibido: type=HEARTBEAT source=node1 L=14 → local L=18
[node2][L=19  ] RECEIVE  ELECTION                     node1→node2
[node2][PeerMessageHandler] Mensaje recibido: type=ELECTION source=node1 L=15 → local L=19
[node2][L=21  ] RECEIVE  ELECTION_OK                  node3→node2
[node2][Bully] ELECTION recibido de node1 (tenemos ID mayor)
[node2][L=23  ] RECEIVE  ELECTION_COORDINATOR         node3→node2
[node2][PeerMessageHandler] Mensaje recibido: type=ELECTION_OK source=node3 L=20 → local L=21
[node2][L=24  ] SEND     ELECTION_OK                  node2→node1
[node2][Bully] === INICIANDO ELECCIÓN ===
[node2][L=27  ] RECEIVE  ELECTION_COORDINATOR         node3→node2
[node2][PeerMessageHandler] Mensaje recibido: type=ELECTION_COORDINATOR source=node3 L=26 → local L=27
[node2][PeerMessageHandler] Mensaje recibido: type=ELECTION_COORDINATOR source=node3 L=22 → local L=23
[node2][PeerConnMgr] Mensaje enviado a node1 type=ELECTION_OK L=24
[node2][L=28  ] SEND     ELECTION                     node2→node3
[node2][Bully] ELECTION → node3
[node2][PeerConnMgr] Mensaje enviado a node3 type=ELECTION L=28
[node2][Bully] ELECTION_OK recibido de node3 — esperando COORDINATOR
[node2][Bully] === COORDINADOR ELECTO: node3 ===
[node2][Bully] === COORDINADOR ELECTO: node3 ===
[node2][L=31  ] RECEIVE  ELECTION_OK                  node3→node2
[node2][PeerMessageHandler] Mensaje recibido: type=ELECTION_OK source=node3 L=30 → local L=31
[node2][Bully] ELECTION_OK recibido de node3 — esperando COORDINATOR
[node2][L=32  ] RECEIVE  ELECTION_COORDINATOR         node3→node2
[node2][PeerMessageHandler] Mensaje recibido: type=ELECTION_COORDINATOR source=node3 L=31 → local L=32
[node2][Bully] === COORDINADOR ELECTO: node3 ===
[node2][L=33  ] SEND     HEARTBEAT                    node2→node3
[node2] [DEMO R-A] Intentando crear grupo 'grupo-demo-ricart' con mutex distribuido...
[node2][L=35  ] RECEIVE  HEARTBEAT                    node3→node2
[node2][PeerMessageHandler] Mensaje recibido: type=HEARTBEAT source=node3 L=33 → local L=35
[node2][L=34  ] SEND     HEARTBEAT                    node2→node1
[node2][L=37  ] RECEIVE  HEARTBEAT                    node1→node2
[node2][PeerMessageHandler] Mensaje recibido: type=HEARTBEAT source=node1 L=34 → local L=37
[node2][Ricart-Agrawala] ACQUIRE 'GROUP_REGISTRY': REQUEST L=36 → [node3, node1]
[node2][PeerConnMgr] Mensaje enviado a node3 type=HEARTBEAT L=33
[node2][PeerConnMgr] Mensaje enviado a node1 type=HEARTBEAT L=34
[node2][L=38  ] RECEIVE  MUTEX_REQUEST                node1→node2
[node2][PeerMessageHandler] Mensaje recibido: type=MUTEX_REQUEST source=node1 L=36 → local L=38
[node2][L=39  ] RECEIVE  MUTEX_REQUEST                node3→node2
[node2][PeerMessageHandler] Mensaje recibido: type=MUTEX_REQUEST source=node3 L=35 → local L=39
[node2][L=36  ] SEND     MUTEX_REQUEST                node2→node3
[node2][L=36  ] SEND     MUTEX_REQUEST                node2→node1
[node2][PeerConnMgr] Mensaje enviado a node3 type=MUTEX_REQUEST L=36
[node2][Ricart-Agrawala] REQUEST de node1 L=36 → REPLY inmediato
[node2][PeerConnMgr] Mensaje enviado a node1 type=MUTEX_REQUEST L=36
[node2][L=40  ] SEND     MUTEX_REPLY                  node2→node1
[node2][Ricart-Agrawala] REQUEST de node3 L=35 → REPLY inmediato
[node2][L=41  ] SEND     MUTEX_REPLY                  node2→node3
[node2][PeerConnMgr] Mensaje enviado a node1 type=MUTEX_REPLY L=40
[node2][PeerConnMgr] Mensaje enviado a node3 type=MUTEX_REPLY L=41
[node2][L=45  ] RECEIVE  MUTEX_REPLY                  node3→node2
[node2][PeerMessageHandler] Mensaje recibido: type=MUTEX_REPLY source=node3 L=44 → local L=45
[node2][Ricart-Agrawala] REPLY de node3 — pendientes: [node1]
[node2][L=46  ] RECEIVE  MUTEX_REPLY                  node1→node2
[node2][PeerMessageHandler] Mensaje recibido: type=MUTEX_REPLY source=node1 L=45 → local L=46
[node2][Ricart-Agrawala] REPLY de node1 — pendientes: []
[node2][Ricart-Agrawala] HELD — todos los replies recibidos
[node2][Ricart-Agrawala] RELEASED — respondiendo a 0 diferidos
[node2] [DEMO R-A] Grupo 'grupo-demo-ricart' CREADO exitosamente por node2
[node2][L=47  ] RECEIVE  HEARTBEAT                    node3→node2
[node2][L=48  ] SEND     HEARTBEAT                    node2→node3
[node2][PeerMessageHandler] Mensaje recibido: type=HEARTBEAT source=node3 L=45 → local L=47
[node2][L=49  ] SEND     HEARTBEAT                    node2→node1
[node2][PeerConnMgr] Mensaje enviado a node3 type=HEARTBEAT L=48
[node2][PeerConnMgr] Mensaje enviado a node1 type=HEARTBEAT L=49
[node2][L=50  ] RECEIVE  HEARTBEAT                    node1→node2
[node2][PeerMessageHandler] Mensaje recibido: type=HEARTBEAT source=node1 L=48 → local L=50
[node2] Nueva conexión de cliente desde: /127.0.0.1
[node2][L=51  ] SEND     HEARTBEAT                    node2→node3
[node2][L=52  ] SEND     HEARTBEAT                    node2→node1
[node2][PeerConnMgr] Mensaje enviado a node3 type=HEARTBEAT L=51
[node2][L=53  ] RECEIVE  HEARTBEAT                    node1→node2
[node2][PeerMessageHandler] Mensaje recibido: type=HEARTBEAT source=node1 L=51 → local L=53
[node2][PeerConnMgr] Mensaje enviado a node1 type=HEARTBEAT L=52
[node2][L=54  ] RECEIVE  HEARTBEAT                    node3→node2
[node2][PeerMessageHandler] Mensaje recibido: type=HEARTBEAT source=node3 L=51 → local L=54
[node2][L=56  ] RECEIVE  USER_LOGIN_ANNOUNCE          node1→node2
[node2][PeerMessageHandler] Mensaje recibido: type=USER_LOGIN_ANNOUNCE source=node1 L=55 → local L=56
[node2][PeerMessageHandler] Usuario felipe registrado remoto en nodo node1
[node2][L=57  ] LOCAL    LOGIN                        luis@node2
Usuario luis autenticado en node2 L=57
[node2][PeerConnMgr] Mensaje enviado a node1 type=USER_LOGIN_ANNOUNCE L=57
[node2][PeerConnMgr] Mensaje enviado a node3 type=USER_LOGIN_ANNOUNCE L=57
[node2][L=60  ] RECEIVE  APP                          node1→node2
[node2][PeerMessageHandler] Mensaje recibido: type=APP source=node1 L=59 → local L=60
[node2][PeerMessageHandler] Mensaje privado entregado localmente a luis
[node2][L=61  ] RECEIVE  USER_LOGIN_ANNOUNCE          node3→node2
[node2][PeerMessageHandler] Mensaje recibido: type=USER_LOGIN_ANNOUNCE source=node3 L=59 → local L=61
[node2][PeerMessageHandler] Usuario maria registrado remoto en nodo node3
[node2][L=62  ] RECEIVE  HEARTBEAT                    node1→node2
[node2][PeerMessageHandler] Mensaje recibido: type=HEARTBEAT source=node1 L=61 → local L=62
[node2][L=63  ] SEND     HEARTBEAT                    node2→node3
[node2][L=65  ] RECEIVE  HEARTBEAT                    node3→node2
[node2][L=66  ] SEND     HEARTBEAT                    node2→node1
[node2][PeerMessageHandler] Mensaje recibido: type=HEARTBEAT source=node3 L=64 → local L=65
[node2][PeerConnMgr] Mensaje enviado a node3 type=HEARTBEAT L=63
[node2][PeerConnMgr] Mensaje enviado a node1 type=HEARTBEAT L=66
[node2][L=67  ] SEND     APP_PRIVATE                  node2→node3
[Router] Mensaje privado reenviado a nodo node3 para maria L=67
[node2][PeerConnMgr] Mensaje enviado a node3 type=APP L=67
[node2][L=69  ] RECEIVE  MUTEX_REQUEST                node1→node2
[node2][PeerMessageHandler] Mensaje recibido: type=MUTEX_REQUEST source=node1 L=68 → local L=69
[node2][Ricart-Agrawala] REQUEST de node1 L=68 → REPLY inmediato
[node2][L=70  ] SEND     MUTEX_REPLY                  node2→node1
[node2][PeerConnMgr] Mensaje enviado a node1 type=MUTEX_REPLY L=70
[node2][L=74  ] RECEIVE  APP                          node1→node2
[node2][PeerMessageHandler] Mensaje recibido: type=APP source=node1 L=73 → local L=74
[node2][Ricart-Agrawala] ACQUIRE 'GROUP_REGISTRY': REQUEST L=75 → [node3, node1]
[node2][L=75  ] SEND     MUTEX_REQUEST                node2→node3
[node2][L=75  ] SEND     MUTEX_REQUEST                node2→node1
[node2][PeerConnMgr] Mensaje enviado a node3 type=MUTEX_REQUEST L=75
[node2][PeerConnMgr] Mensaje enviado a node1 type=MUTEX_REQUEST L=75
[node2][L=76  ] RECEIVE  MUTEX_REQUEST                node3→node2
[node2][PeerMessageHandler] Mensaje recibido: type=MUTEX_REQUEST source=node3 L=75 → local L=76
[node2][Ricart-Agrawala] REQUEST de node3 L=75 → DEFERIDO (estado=WANTED)
[node2][L=78  ] RECEIVE  MUTEX_REPLY                  node3→node2
[node2][PeerMessageHandler] Mensaje recibido: type=MUTEX_REPLY source=node3 L=77 → local L=78
[node2][Ricart-Agrawala] REPLY de node3 — pendientes: [node1]
[node2][L=79  ] RECEIVE  MUTEX_REPLY                  node1→node2
[node2][PeerMessageHandler] Mensaje recibido: type=MUTEX_REPLY source=node1 L=78 → local L=79
[node2][Ricart-Agrawala] REPLY de node1 — pendientes: []
[node2][Ricart-Agrawala] HELD — todos los replies recibidos
[node2][Ricart-Agrawala] RELEASED — respondiendo a 1 diferidos
[node2][L=80  ] SEND     MUTEX_REPLY                  node2→node3
[node2][PeerMessageHandler] Grupo creado remotamente: amigos por felipe
[node2][PeerConnMgr] Mensaje enviado a node3 type=MUTEX_REPLY L=80
[node2][Ricart-Agrawala] ACQUIRE 'GROUP_REGISTRY': REQUEST L=81 → [node3, node1]
[node2][L=81  ] SEND     MUTEX_REQUEST                node2→node3
[node2][L=81  ] SEND     MUTEX_REQUEST                node2→node1
[node2][PeerConnMgr] Mensaje enviado a node3 type=MUTEX_REQUEST L=81
[node2][PeerConnMgr] Mensaje enviado a node1 type=MUTEX_REQUEST L=81
[node2][L=84  ] RECEIVE  MUTEX_REPLY                  node3→node2
[node2][L=85  ] RECEIVE  MUTEX_REPLY                  node1→node2
[node2][PeerMessageHandler] Mensaje recibido: type=MUTEX_REPLY source=node3 L=83 → local L=84
[node2][PeerMessageHandler] Mensaje recibido: type=MUTEX_REPLY source=node1 L=83 → local L=85
[node2][Ricart-Agrawala] REPLY de node3 — pendientes: [node1]
[node2][Ricart-Agrawala] REPLY de node1 — pendientes: []
[node2][Ricart-Agrawala] HELD — todos los replies recibidos
[node2][Ricart-Agrawala] RELEASED — respondiendo a 0 diferidos
[node2][L=86  ] SEND     APP_JOIN_GROUP               node2→*
[Router] Usuario luis se unió a amigos y se difundió. L=86
[node2][PeerConnMgr] Mensaje enviado a node3 type=APP L=86
[node2][PeerConnMgr] Mensaje enviado a node1 type=APP L=86
[node2][L=89  ] RECEIVE  MUTEX_REQUEST                node3→node2
[node2][L=90  ] RECEIVE  MUTEX_REQUEST                node1→node2
[node2][PeerMessageHandler] Mensaje recibido: type=MUTEX_REQUEST source=node3 L=88 → local L=89
[node2][PeerMessageHandler] Mensaje recibido: type=MUTEX_REQUEST source=node1 L=88 → local L=90
[node2][Ricart-Agrawala] REQUEST de node3 L=88 → REPLY inmediato
[node2][L=91  ] SEND     MUTEX_REPLY                  node2→node3
[node2][Ricart-Agrawala] REQUEST de node1 L=88 → REPLY inmediato
[node2][L=92  ] SEND     MUTEX_REPLY                  node2→node1
[node2][PeerConnMgr] Mensaje enviado a node3 type=MUTEX_REPLY L=91
[node2][PeerConnMgr] Mensaje enviado a node1 type=MUTEX_REPLY L=92
[node2][L=96  ] RECEIVE  HEARTBEAT                    node1→node2
[node2][PeerMessageHandler] Mensaje recibido: type=HEARTBEAT source=node1 L=95 → local L=96
[node2][L=97  ] SEND     HEARTBEAT                    node2→node3
[node2][L=98  ] SEND     HEARTBEAT                    node2→node1
[node2][L=99  ] RECEIVE  HEARTBEAT                    node3→node2
[node2][PeerConnMgr] Mensaje enviado a node3 type=HEARTBEAT L=97
[node2][PeerMessageHandler] Mensaje recibido: type=HEARTBEAT source=node3 L=98 → local L=99
[node2][PeerConnMgr] Mensaje enviado a node1 type=HEARTBEAT L=98
[node2][L=102 ] RECEIVE  MUTEX_REQUEST                node3→node2
[node2][PeerMessageHandler] Mensaje recibido: type=MUTEX_REQUEST source=node3 L=101 → local L=102
[node2][Ricart-Agrawala] REQUEST de node3 L=101 → REPLY inmediato
[node2][L=103 ] SEND     MUTEX_REPLY                  node2→node3
[node2][PeerConnMgr] Mensaje enviado a node3 type=MUTEX_REPLY L=103
[node2][L=107 ] RECEIVE  APP                          node3→node2
[node2][PeerMessageHandler] Mensaje recibido: type=APP source=node3 L=106 → local L=107
[node2][Ricart-Agrawala] ACQUIRE 'GROUP_REGISTRY': REQUEST L=108 → [node3, node1]
[node2][L=108 ] SEND     MUTEX_REQUEST                node2→node3
[node2][L=108 ] SEND     MUTEX_REQUEST                node2→node1
[node2][PeerConnMgr] Mensaje enviado a node3 type=MUTEX_REQUEST L=108
[node2][PeerConnMgr] Mensaje enviado a node1 type=MUTEX_REQUEST L=108
[node2][L=109 ] RECEIVE  MUTEX_REQUEST                node1→node2
[node2][PeerMessageHandler] Mensaje recibido: type=MUTEX_REQUEST source=node1 L=108 → local L=109
[node2][Ricart-Agrawala] REQUEST de node1 L=108 → REPLY inmediato
[node2][L=110 ] SEND     MUTEX_REPLY                  node2→node1
[node2][L=111 ] RECEIVE  MUTEX_REPLY                  node3→node2
[node2][PeerMessageHandler] Mensaje recibido: type=MUTEX_REPLY source=node3 L=110 → local L=111
[node2][Ricart-Agrawala] REPLY de node3 — pendientes: [node1]
[node2][PeerConnMgr] Mensaje enviado a node1 type=MUTEX_REPLY L=110
[node2][L=112 ] RECEIVE  APP                          node1→node2
[node2][PeerMessageHandler] Mensaje recibido: type=APP source=node1 L=109 → local L=112
[node2][L=115 ] RECEIVE  MUTEX_REPLY                  node1→node2
[node2][PeerMessageHandler] Mensaje recibido: type=MUTEX_REPLY source=node1 L=114 → local L=115
[node2][Ricart-Agrawala] REPLY de node1 — pendientes: []
[node2][Ricart-Agrawala] HELD — todos los replies recibidos
[node2][Ricart-Agrawala] RELEASED — respondiendo a 0 diferidos
[node2][PeerMessageHandler] Usuario maria se unió al grupo amigos (desde otro nodo)
[node2][PeerMessageHandler] Mensaje grupal entregado localmente a luis
[node2][L=116 ] SEND     HEARTBEAT                    node2→node3
[node2][L=117 ] SEND     HEARTBEAT                    node2→node1
[node2][PeerConnMgr] Mensaje enviado a node3 type=HEARTBEAT L=116
[node2][L=118 ] RECEIVE  HEARTBEAT                    node1→node2
[node2][PeerConnMgr] Mensaje enviado a node1 type=HEARTBEAT L=117
[node2][L=119 ] RECEIVE  HEARTBEAT                    node3→node2
[node2][PeerMessageHandler] Mensaje recibido: type=HEARTBEAT source=node3 L=114 → local L=119
[node2][PeerMessageHandler] Mensaje recibido: type=HEARTBEAT source=node1 L=115 → local L=118
[node2][L=120 ] RECEIVE  APP                          node3→node2
[node2][PeerMessageHandler] Mensaje recibido: type=APP source=node3 L=119 → local L=120
[node2][PeerMessageHandler] Mensaje grupal entregado localmente a luis
[node2][L=121 ] SEND     HEARTBEAT                    node2→node3
[node2][L=122 ] SEND     HEARTBEAT                    node2→node1
[node2][PeerConnMgr] Mensaje enviado a node3 type=HEARTBEAT L=121
[node2][L=123 ] RECEIVE  HEARTBEAT                    node1→node2
[node2][PeerMessageHandler] Mensaje recibido: type=HEARTBEAT source=node1 L=121 → local L=123
[node2][L=124 ] RECEIVE  HEARTBEAT                    node3→node2
[node2][PeerMessageHandler] Mensaje recibido: type=HEARTBEAT source=node3 L=120 → local L=124
[node2][PeerConnMgr] Mensaje enviado a node1 type=HEARTBEAT L=122
[node2][L=126 ] RECEIVE  USER_LOGOUT_ANNOUNCE         node3→node2
[node2][PeerMessageHandler] Mensaje recibido: type=USER_LOGOUT_ANNOUNCE source=node3 L=125 → local L=126
[node2][PeerMessageHandler] Usuario maria desconectado remoto en nodo node3
[node2][L=127 ] RECEIVE  USER_LOGOUT_ANNOUNCE         node3→node2
[node2][PeerMessageHandler] Mensaje recibido: type=USER_LOGOUT_ANNOUNCE source=node3 L=124 → local L=127
[node2][PeerMessageHandler] Usuario maria desconectado remoto en nodo node3
[node2][L=130 ] RECEIVE  USER_LOGOUT_ANNOUNCE         node1→node2
[node2][PeerMessageHandler] Mensaje recibido: type=USER_LOGOUT_ANNOUNCE source=node1 L=129 → local L=130
[node2][PeerMessageHandler] Usuario felipe desconectado remoto en nodo node1
[node2][L=131 ] RECEIVE  USER_LOGOUT_ANNOUNCE         node1→node2
[node2][PeerMessageHandler] Mensaje recibido: type=USER_LOGOUT_ANNOUNCE source=node1 L=128 → local L=131
[node2][PeerMessageHandler] Usuario felipe desconectado remoto en nodo node1
[node2][L=132 ] LOCAL    LOGOUT                       luis@node2
[node2][L=133 ] LOCAL    LOGOUT                       luis@node2
[node2][PeerConnMgr] Mensaje enviado a node3 type=USER_LOGOUT_ANNOUNCE L=132
[node2][PeerConnMgr] Mensaje enviado a node3 type=USER_LOGOUT_ANNOUNCE L=133
[node2][PeerConnMgr] Mensaje enviado a node1 type=USER_LOGOUT_ANNOUNCE L=132
[node2][PeerConnMgr] Mensaje enviado a node1 type=USER_LOGOUT_ANNOUNCE L=133
[node2] Deteniendo ServerNode
[node2][TcpPeerTransport] Deteniendo TcpPeerTransport
[node2][PeerListener] PeerListener detenido
[node2][TcpPeerTransport] TcpPeerTransport detenido

========== LOG DE EVENTOS ORDENADO POR LAMPORT [node2] ==========
SEQ   L       NODO   EVENTO   TIPO                         DETALLE
--------------------------------------------------------------------------------
1     L=1     [node2 ] SEND     PEER_HELLO                   node2→node3
2     L=2     [node2 ] SEND     PEER_HELLO                   node2→node1
3     L=3     [node2 ] RECEIVE  PEER_HELLO                   node3→node2
4     L=4     [node2 ] RECEIVE  PEER_HELLO                   node1→node2
5     L=5     [node2 ] SEND     PEER_HELLO_ACK               node2→node1
6     L=6     [node2 ] SEND     PEER_HELLO_ACK               node2→node3
7     L=7     [node2 ] RECEIVE  PEER_HELLO_ACK               node1→node2
8     L=8     [node2 ] RECEIVE  PEER_HELLO_ACK               node3→node2
9     L=9     [node2 ] SEND     HEARTBEAT                    node2→node3
10    L=10    [node2 ] SEND     HEARTBEAT                    node2→node1
11    L=11    [node2 ] RECEIVE  HEARTBEAT                    node3→node2
12    L=12    [node2 ] RECEIVE  HEARTBEAT                    node1→node2
13    L=13    [node2 ] SEND     HEARTBEAT                    node2→node3
15    L=14    [node2 ] SEND     ELECTION                     node2→node3
14    L=15    [node2 ] SEND     HEARTBEAT                    node2→node1
16    L=16    [node2 ] RECEIVE  HEARTBEAT                    node3→node2
17    L=17    [node2 ] RECEIVE  ELECTION_COORDINATOR         node3→node2
18    L=18    [node2 ] RECEIVE  HEARTBEAT                    node1→node2
19    L=19    [node2 ] RECEIVE  ELECTION                     node1→node2
20    L=21    [node2 ] RECEIVE  ELECTION_OK                  node3→node2
21    L=23    [node2 ] RECEIVE  ELECTION_COORDINATOR         node3→node2
22    L=24    [node2 ] SEND     ELECTION_OK                  node2→node1
23    L=27    [node2 ] RECEIVE  ELECTION_COORDINATOR         node3→node2
24    L=28    [node2 ] SEND     ELECTION                     node2→node3
25    L=31    [node2 ] RECEIVE  ELECTION_OK                  node3→node2
26    L=32    [node2 ] RECEIVE  ELECTION_COORDINATOR         node3→node2
27    L=33    [node2 ] SEND     HEARTBEAT                    node2→node3
28    L=34    [node2 ] SEND     HEARTBEAT                    node2→node1
29    L=35    [node2 ] RECEIVE  HEARTBEAT                    node3→node2
31    L=36    [node2 ] SEND     MUTEX_REQUEST                node2→node3
34    L=36    [node2 ] SEND     MUTEX_REQUEST                node2→node1
30    L=37    [node2 ] RECEIVE  HEARTBEAT                    node1→node2
32    L=38    [node2 ] RECEIVE  MUTEX_REQUEST                node1→node2
33    L=39    [node2 ] RECEIVE  MUTEX_REQUEST                node3→node2
35    L=40    [node2 ] SEND     MUTEX_REPLY                  node2→node1
36    L=41    [node2 ] SEND     MUTEX_REPLY                  node2→node3
37    L=45    [node2 ] RECEIVE  MUTEX_REPLY                  node3→node2
38    L=46    [node2 ] RECEIVE  MUTEX_REPLY                  node1→node2
39    L=47    [node2 ] RECEIVE  HEARTBEAT                    node3→node2
40    L=48    [node2 ] SEND     HEARTBEAT                    node2→node3
41    L=49    [node2 ] SEND     HEARTBEAT                    node2→node1
42    L=50    [node2 ] RECEIVE  HEARTBEAT                    node1→node2
43    L=51    [node2 ] SEND     HEARTBEAT                    node2→node3
44    L=52    [node2 ] SEND     HEARTBEAT                    node2→node1
45    L=53    [node2 ] RECEIVE  HEARTBEAT                    node1→node2
46    L=54    [node2 ] RECEIVE  HEARTBEAT                    node3→node2
47    L=56    [node2 ] RECEIVE  USER_LOGIN_ANNOUNCE          node1→node2
48    L=57    [node2 ] LOCAL    LOGIN                        luis@node2
49    L=60    [node2 ] RECEIVE  APP                          node1→node2
50    L=61    [node2 ] RECEIVE  USER_LOGIN_ANNOUNCE          node3→node2
51    L=62    [node2 ] RECEIVE  HEARTBEAT                    node1→node2
52    L=63    [node2 ] SEND     HEARTBEAT                    node2→node3
53    L=65    [node2 ] RECEIVE  HEARTBEAT                    node3→node2
54    L=66    [node2 ] SEND     HEARTBEAT                    node2→node1
55    L=67    [node2 ] SEND     APP_PRIVATE                  node2→node3
56    L=69    [node2 ] RECEIVE  MUTEX_REQUEST                node1→node2
57    L=70    [node2 ] SEND     MUTEX_REPLY                  node2→node1
58    L=74    [node2 ] RECEIVE  APP                          node1→node2
59    L=75    [node2 ] SEND     MUTEX_REQUEST                node2→node3
60    L=75    [node2 ] SEND     MUTEX_REQUEST                node2→node1
61    L=76    [node2 ] RECEIVE  MUTEX_REQUEST                node3→node2
62    L=78    [node2 ] RECEIVE  MUTEX_REPLY                  node3→node2
63    L=79    [node2 ] RECEIVE  MUTEX_REPLY                  node1→node2
64    L=80    [node2 ] SEND     MUTEX_REPLY                  node2→node3
65    L=81    [node2 ] SEND     MUTEX_REQUEST                node2→node3
66    L=81    [node2 ] SEND     MUTEX_REQUEST                node2→node1
67    L=84    [node2 ] RECEIVE  MUTEX_REPLY                  node3→node2
68    L=85    [node2 ] RECEIVE  MUTEX_REPLY                  node1→node2
69    L=86    [node2 ] SEND     APP_JOIN_GROUP               node2→*
70    L=89    [node2 ] RECEIVE  MUTEX_REQUEST                node3→node2
71    L=90    [node2 ] RECEIVE  MUTEX_REQUEST                node1→node2
72    L=91    [node2 ] SEND     MUTEX_REPLY                  node2→node3
73    L=92    [node2 ] SEND     MUTEX_REPLY                  node2→node1
74    L=96    [node2 ] RECEIVE  HEARTBEAT                    node1→node2
75    L=97    [node2 ] SEND     HEARTBEAT                    node2→node3
76    L=98    [node2 ] SEND     HEARTBEAT                    node2→node1
77    L=99    [node2 ] RECEIVE  HEARTBEAT                    node3→node2
78    L=102   [node2 ] RECEIVE  MUTEX_REQUEST                node3→node2
79    L=103   [node2 ] SEND     MUTEX_REPLY                  node2→node3
80    L=107   [node2 ] RECEIVE  APP                          node3→node2
81    L=108   [node2 ] SEND     MUTEX_REQUEST                node2→node3
82    L=108   [node2 ] SEND     MUTEX_REQUEST                node2→node1
83    L=109   [node2 ] RECEIVE  MUTEX_REQUEST                node1→node2
84    L=110   [node2 ] SEND     MUTEX_REPLY                  node2→node1
85    L=111   [node2 ] RECEIVE  MUTEX_REPLY                  node3→node2
86    L=112   [node2 ] RECEIVE  APP                          node1→node2
87    L=115   [node2 ] RECEIVE  MUTEX_REPLY                  node1→node2
88    L=116   [node2 ] SEND     HEARTBEAT                    node2→node3
89    L=117   [node2 ] SEND     HEARTBEAT                    node2→node1
90    L=118   [node2 ] RECEIVE  HEARTBEAT                    node1→node2
91    L=119   [node2 ] RECEIVE  HEARTBEAT                    node3→node2
92    L=120   [node2 ] RECEIVE  APP                          node3→node2
93    L=121   [node2 ] SEND     HEARTBEAT                    node2→node3
94    L=122   [node2 ] SEND     HEARTBEAT                    node2→node1
95    L=123   [node2 ] RECEIVE  HEARTBEAT                    node1→node2
96    L=124   [node2 ] RECEIVE  HEARTBEAT                    node3→node2
97    L=126   [node2 ] RECEIVE  USER_LOGOUT_ANNOUNCE         node3→node2
98    L=127   [node2 ] RECEIVE  USER_LOGOUT_ANNOUNCE         node3→node2
99    L=130   [node2 ] RECEIVE  USER_LOGOUT_ANNOUNCE         node1→node2
100   L=131   [node2 ] RECEIVE  USER_LOGOUT_ANNOUNCE         node1→node2
101   L=132   [node2 ] LOCAL    LOGOUT                       luis@node2
102   L=133   [node2 ] LOCAL    LOGOUT                       luis@node2
================================================================================
[node2][EventLogger] Log escrito en /Users/felipeastudillo/Desktop/Proyectos/Universidad/Proyecto_Paralela/Parte_Fin<l/Aplicacion-WhatsApp/logs/events-node2.log (102 eventos)
[node2] ServerNode detenido
