[node3] Iniciando ServerNode
[node3] clientPort=5003 peerPort=6003
[node3] clientWorkerPool=64 peerWorkerPool=16 schedulerPool=4 coordinationExecutor=1
[node3] Peers configurados:
[node3]  - node1@localhost:5001:6001 [ALIVE]
[node3]  - node2@localhost:5002:6002 [ALIVE]
[node3][TcpPeerTransport] Iniciando TcpPeerTransport en puerto 6003
[node3][PeerListener] PeerListener escuchando en puerto 6003
[node3][PeerConnMgr] Enviando PEER_HELLO a node2 localhost:6002
[node3][L=1   ] SEND     PEER_HELLO                   node3→node2
[node3][PeerConnMgr] Enviando PEER_HELLO a node1 localhost:6001
[node3][L=2   ] SEND     PEER_HELLO                   node3→node1
[node3][TcpPeerTransport] TcpPeerTransport iniciado
[node3] Emisor de Heartbeats programado cada 2000ms
[node3] Sweeper de fallos programado. Tolerancia máxima: 6000ms
[node3] ServerNode iniciado — Ricart-Agrawala y Bully activos.
[node3] ClientListener escuchando en puerto 5003
[node3][PeerConnMgr] PEER_HELLO enviado a node1
[node3][PeerConnMgr] PEER_HELLO enviado a node2
[node3][L=3   ] RECEIVE  PEER_HELLO                   node1→node3
[node3][L=4   ] RECEIVE  PEER_HELLO                   node2→node3
[node3][PeerMessageHandler] Mensaje recibido: type=PEER_HELLO source=node1 L=2 → local L=3
[node3][PeerMessageHandler] Mensaje recibido: type=PEER_HELLO source=node2 L=1 → local L=4
[node3][PeerMessageHandler] PEER_HELLO recibido desde node2
[node3][PeerMessageHandler] Peer registrado: node2@localhost:5002:6002 [ALIVE]
[node3][PeerMessageHandler] PEER_HELLO recibido desde node1
[node3][PeerMessageHandler] Peer registrado: node1@localhost:5001:6001 [ALIVE]
[node3][L=5   ] SEND     PEER_HELLO_ACK               node3→node2
[node3][L=6   ] SEND     PEER_HELLO_ACK               node3→node1
[node3][L=7   ] RECEIVE  PEER_HELLO_ACK               node1→node3
[node3][L=8   ] RECEIVE  PEER_HELLO_ACK               node2→node3
[node3][PeerMessageHandler] PEER_HELLO_ACK enviado a node2 L=5
[node3][PeerConnMgr] PEER_HELLO_ACK recibido desde node1 L=7
[node3][PeerMessageHandler] PEER_HELLO_ACK enviado a node1 L=6
[node3][PeerConnMgr] PEER_HELLO_ACK recibido desde node2 L=8
[node3][PeerConnMgr] Peer detectado: node1
[node3][PeerConnMgr] Peer detectado: node2
[node3][L=9   ] SEND     HEARTBEAT                    node3→node2
[node3][L=10  ] SEND     HEARTBEAT                    node3→node1
[node3][L=11  ] RECEIVE  HEARTBEAT                    node2→node3
[node3][PeerMessageHandler] Mensaje recibido: type=HEARTBEAT source=node2 L=9 → local L=11
[node3][PeerConnMgr] Mensaje enviado a node2 type=HEARTBEAT L=9
[node3][PeerConnMgr] Mensaje enviado a node1 type=HEARTBEAT L=10
[node3][L=13  ] RECEIVE  HEARTBEAT                    node1→node3
[node3][PeerMessageHandler] Mensaje recibido: type=HEARTBEAT source=node1 L=12 → local L=13
[node3] Sin coordinador conocido — iniciando elección Bully inicial
[node3][Bully] === INICIANDO ELECCIÓN ===
[node3][L=14  ] SEND     HEARTBEAT                    node3→node2
[node3][L=15  ] SEND     HEARTBEAT                    node3→node1
[node3][Bully] === ME PROCLAMO COORDINADOR: node3 ===
[node3][PeerConnMgr] Mensaje enviado a node2 type=HEARTBEAT L=14
[node3][L=17  ] RECEIVE  HEARTBEAT                    node2→node3
[node3][PeerMessageHandler] Mensaje recibido: type=HEARTBEAT source=node2 L=13 → local L=17
[node3][L=16  ] SEND     ELECTION_COORDINATOR         node3→node2
[node3][L=19  ] RECEIVE  ELECTION                     node2→node3
[node3][PeerMessageHandler] Mensaje recibido: type=ELECTION source=node2 L=14 → local L=19
[node3][L=18  ] SEND     ELECTION_COORDINATOR         node3→node1
[node3][PeerConnMgr] Mensaje enviado a node2 type=ELECTION_COORDINATOR L=16
[node3][Bully] ELECTION recibido de node2 (tenemos ID mayor)
[node3][PeerConnMgr] Mensaje enviado a node1 type=HEARTBEAT L=15
[node3][L=21  ] RECEIVE  HEARTBEAT                    node1→node3
[node3][PeerMessageHandler] Mensaje recibido: type=HEARTBEAT source=node1 L=16 → local L=21
[node3][L=20  ] SEND     ELECTION_OK                  node3→node2
[node3][Bully] === INICIANDO ELECCIÓN ===
[node3][Bully] === ME PROCLAMO COORDINADOR: node3 ===
[node3][L=22  ] SEND     ELECTION_COORDINATOR         node3→node2
[node3][L=23  ] SEND     ELECTION_COORDINATOR         node3→node1
[node3][PeerConnMgr] Mensaje enviado a node1 type=ELECTION_COORDINATOR L=18
[node3][L=24  ] RECEIVE  ELECTION                     node1→node3
[node3][PeerMessageHandler] Mensaje recibido: type=ELECTION source=node1 L=17 → local L=24
[node3][Bully] ELECTION recibido de node1 (tenemos ID mayor)
[node3][L=25  ] SEND     ELECTION_OK                  node3→node1
[node3][Bully] === INICIANDO ELECCIÓN ===
[node3][Bully] === ME PROCLAMO COORDINADOR: node3 ===
[node3][PeerConnMgr] Mensaje enviado a node1 type=ELECTION_COORDINATOR L=23
[node3][PeerConnMgr] Mensaje enviado a node2 type=ELECTION_OK L=20
[node3][PeerConnMgr] Mensaje enviado a node2 type=ELECTION_COORDINATOR L=22
[node3][L=26  ] SEND     ELECTION_COORDINATOR         node3→node2
[node3][L=27  ] SEND     ELECTION_COORDINATOR         node3→node1
[node3][PeerConnMgr] Mensaje enviado a node1 type=ELECTION_OK L=25
[node3][PeerConnMgr] Mensaje enviado a node2 type=ELECTION_COORDINATOR L=26
[node3][PeerConnMgr] Mensaje enviado a node1 type=ELECTION_COORDINATOR L=27
[node3][L=29  ] RECEIVE  ELECTION                     node2→node3
[node3][PeerMessageHandler] Mensaje recibido: type=ELECTION source=node2 L=28 → local L=29
[node3][Bully] ELECTION recibido de node2 (tenemos ID mayor)
[node3][L=30  ] SEND     ELECTION_OK                  node3→node2
[node3][Bully] === INICIANDO ELECCIÓN ===
[node3][Bully] === ME PROCLAMO COORDINADOR: node3 ===
[node3][L=31  ] SEND     ELECTION_COORDINATOR         node3→node2
[node3][L=32  ] SEND     ELECTION_COORDINATOR         node3→node1
[node3][PeerConnMgr] Mensaje enviado a node2 type=ELECTION_OK L=30
[node3][PeerConnMgr] Mensaje enviado a node2 type=ELECTION_COORDINATOR L=31
[node3][PeerConnMgr] Mensaje enviado a node1 type=ELECTION_COORDINATOR L=32
[node3][L=33  ] SEND     HEARTBEAT                    node3→node2
[node3] [DEMO R-A] Intentando crear grupo 'grupo-demo-ricart' con mutex distribuido...
[node3][L=34  ] SEND     HEARTBEAT                    node3→node1
[node3][PeerConnMgr] Mensaje enviado a node2 type=HEARTBEAT L=33
[node3][PeerConnMgr] Mensaje enviado a node1 type=HEARTBEAT L=34
[node3][Ricart-Agrawala] ACQUIRE 'GROUP_REGISTRY': REQUEST L=35 → [node2, node1]
[node3][L=35  ] SEND     MUTEX_REQUEST                node3→node2
[node3][L=35  ] SEND     MUTEX_REQUEST                node3→node1
[node3][L=36  ] RECEIVE  HEARTBEAT                    node1→node3
[node3][PeerMessageHandler] Mensaje recibido: type=HEARTBEAT source=node1 L=35 → local L=36
[node3][PeerConnMgr] Mensaje enviado a node2 type=MUTEX_REQUEST L=35
[node3][L=37  ] RECEIVE  HEARTBEAT                    node2→node3
[node3][PeerMessageHandler] Mensaje recibido: type=HEARTBEAT source=node2 L=33 → local L=37
[node3][PeerConnMgr] Mensaje enviado a node1 type=MUTEX_REQUEST L=35
[node3][L=38  ] RECEIVE  MUTEX_REQUEST                node1→node3
[node3][PeerMessageHandler] Mensaje recibido: type=MUTEX_REQUEST source=node1 L=36 → local L=38
[node3][Ricart-Agrawala] REQUEST de node1 L=36 → DEFERIDO (estado=WANTED)
[node3][L=39  ] RECEIVE  MUTEX_REQUEST                node2→node3
[node3][PeerMessageHandler] Mensaje recibido: type=MUTEX_REQUEST source=node2 L=36 → local L=39
[node3][Ricart-Agrawala] REQUEST de node2 L=36 → DEFERIDO (estado=WANTED)
[node3][L=41  ] RECEIVE  MUTEX_REPLY                  node1→node3
[node3][PeerMessageHandler] Mensaje recibido: type=MUTEX_REPLY source=node1 L=40 → local L=41
[node3][Ricart-Agrawala] REPLY de node1 — pendientes: [node2]
[node3][L=42  ] RECEIVE  MUTEX_REPLY                  node2→node3
[node3][PeerMessageHandler] Mensaje recibido: type=MUTEX_REPLY source=node2 L=41 → local L=42
[node3][Ricart-Agrawala] REPLY de node2 — pendientes: []
[node3][Ricart-Agrawala] HELD — todos los replies recibidos
[node3][Ricart-Agrawala] RELEASED — respondiendo a 2 diferidos
[node3][L=43  ] SEND     MUTEX_REPLY                  node3→node1
[node3][L=44  ] SEND     MUTEX_REPLY                  node3→node2
[node3] [DEMO R-A] Grupo 'grupo-demo-ricart' CREADO exitosamente por node3
[node3][PeerConnMgr] Mensaje enviado a node1 type=MUTEX_REPLY L=43
[node3][PeerConnMgr] Mensaje enviado a node2 type=MUTEX_REPLY L=44
[node3][L=45  ] SEND     HEARTBEAT                    node3→node2
[node3][L=46  ] SEND     HEARTBEAT                    node3→node1
[node3][PeerConnMgr] Mensaje enviado a node2 type=HEARTBEAT L=45
[node3][PeerConnMgr] Mensaje enviado a node1 type=HEARTBEAT L=46
[node3][L=49  ] RECEIVE  HEARTBEAT                    node2→node3
[node3][PeerMessageHandler] Mensaje recibido: type=HEARTBEAT source=node2 L=48 → local L=49
[node3][L=50  ] RECEIVE  HEARTBEAT                    node1→node3
[node3][PeerMessageHandler] Mensaje recibido: type=HEARTBEAT source=node1 L=49 → local L=50
[node3] Nueva conexión de cliente desde: /127.0.0.1
[node3][L=51  ] SEND     HEARTBEAT                    node3→node2
[node3][L=52  ] SEND     HEARTBEAT                    node3→node1
[node3][PeerConnMgr] Mensaje enviado a node2 type=HEARTBEAT L=51
[node3][PeerConnMgr] Mensaje enviado a node1 type=HEARTBEAT L=52
[node3][L=53  ] RECEIVE  HEARTBEAT                    node2→node3
[node3][PeerMessageHandler] Mensaje recibido: type=HEARTBEAT source=node2 L=51 → local L=53
[node3][L=54  ] RECEIVE  HEARTBEAT                    node1→node3
[node3][PeerMessageHandler] Mensaje recibido: type=HEARTBEAT source=node1 L=52 → local L=54
[node3][L=56  ] RECEIVE  USER_LOGIN_ANNOUNCE          node1→node3
[node3][PeerMessageHandler] Mensaje recibido: type=USER_LOGIN_ANNOUNCE source=node1 L=55 → local L=56
[node3][PeerMessageHandler] Usuario felipe registrado remoto en nodo node1
[node3][L=58  ] RECEIVE  USER_LOGIN_ANNOUNCE          node2→node3
[node3][PeerMessageHandler] Mensaje recibido: type=USER_LOGIN_ANNOUNCE source=node2 L=57 → local L=58
[node3][PeerMessageHandler] Usuario luis registrado remoto en nodo node2
[node3][L=59  ] LOCAL    LOGIN                        maria@node3
Usuario maria autenticado en node3 L=59
[node3][PeerConnMgr] Mensaje enviado a node2 type=USER_LOGIN_ANNOUNCE L=59
[node3][PeerConnMgr] Mensaje enviado a node1 type=USER_LOGIN_ANNOUNCE L=59
[node3][L=63  ] RECEIVE  HEARTBEAT                    node1→node3
[node3][PeerMessageHandler] Mensaje recibido: type=HEARTBEAT source=node1 L=62 → local L=63
[node3][L=64  ] SEND     HEARTBEAT                    node3→node2
[node3][L=65  ] SEND     HEARTBEAT                    node3→node1
[node3][PeerConnMgr] Mensaje enviado a node2 type=HEARTBEAT L=64
[node3][PeerConnMgr] Mensaje enviado a node1 type=HEARTBEAT L=65
[node3][L=66  ] RECEIVE  HEARTBEAT                    node2→node3
[node3][PeerMessageHandler] Mensaje recibido: type=HEARTBEAT source=node2 L=63 → local L=66
[node3][L=68  ] RECEIVE  APP                          node2→node3
[node3][PeerMessageHandler] Mensaje recibido: type=APP source=node2 L=67 → local L=68
[node3][PeerMessageHandler] Mensaje privado entregado localmente a maria
[node3][L=69  ] RECEIVE  MUTEX_REQUEST                node1→node3
[node3][PeerMessageHandler] Mensaje recibido: type=MUTEX_REQUEST source=node1 L=68 → local L=69
[node3][Ricart-Agrawala] REQUEST de node1 L=68 → REPLY inmediato
[node3][L=70  ] SEND     MUTEX_REPLY                  node3→node1
[node3][PeerConnMgr] Mensaje enviado a node1 type=MUTEX_REPLY L=70
[node3][L=74  ] RECEIVE  APP                          node1→node3
[node3][PeerMessageHandler] Mensaje recibido: type=APP source=node1 L=73 → local L=74
[node3][Ricart-Agrawala] ACQUIRE 'GROUP_REGISTRY': REQUEST L=75 → [node2, node1]
[node3][L=75  ] SEND     MUTEX_REQUEST                node3→node2
[node3][L=75  ] SEND     MUTEX_REQUEST                node3→node1
[node3][PeerConnMgr] Mensaje enviado a node2 type=MUTEX_REQUEST L=75
[node3][L=76  ] RECEIVE  MUTEX_REQUEST                node2→node3
[node3][PeerMessageHandler] Mensaje recibido: type=MUTEX_REQUEST source=node2 L=75 → local L=76
[node3][Ricart-Agrawala] REQUEST de node2 L=75 → REPLY inmediato
[node3][L=77  ] SEND     MUTEX_REPLY                  node3→node2
[node3][PeerConnMgr] Mensaje enviado a node1 type=MUTEX_REQUEST L=75
[node3][PeerConnMgr] Mensaje enviado a node2 type=MUTEX_REPLY L=77
[node3][L=80  ] RECEIVE  MUTEX_REPLY                  node1→node3
[node3][PeerMessageHandler] Mensaje recibido: type=MUTEX_REPLY source=node1 L=79 → local L=80
[node3][Ricart-Agrawala] REPLY de node1 — pendientes: [node2]
[node3][L=81  ] RECEIVE  MUTEX_REPLY                  node2→node3
[node3][PeerMessageHandler] Mensaje recibido: type=MUTEX_REPLY source=node2 L=80 → local L=81
[node3][Ricart-Agrawala] REPLY de node2 — pendientes: []
[node3][Ricart-Agrawala] HELD — todos los replies recibidos
[node3][Ricart-Agrawala] RELEASED — respondiendo a 0 diferidos
[node3][PeerMessageHandler] Grupo creado remotamente: amigos por felipe
[node3][L=82  ] RECEIVE  MUTEX_REQUEST                node2→node3
[node3][PeerMessageHandler] Mensaje recibido: type=MUTEX_REQUEST source=node2 L=81 → local L=82
[node3][Ricart-Agrawala] REQUEST de node2 L=81 → REPLY inmediato
[node3][L=83  ] SEND     MUTEX_REPLY                  node3→node2
[node3][PeerConnMgr] Mensaje enviado a node2 type=MUTEX_REPLY L=83
[node3][L=87  ] RECEIVE  APP                          node2→node3
[node3][PeerMessageHandler] Mensaje recibido: type=APP source=node2 L=86 → local L=87
[node3][Ricart-Agrawala] ACQUIRE 'GROUP_REGISTRY': REQUEST L=88 → [node2, node1]
[node3][L=88  ] SEND     MUTEX_REQUEST                node3→node2
[node3][L=88  ] SEND     MUTEX_REQUEST                node3→node1
[node3][PeerConnMgr] Mensaje enviado a node2 type=MUTEX_REQUEST L=88
[node3][PeerConnMgr] Mensaje enviado a node1 type=MUTEX_REQUEST L=88
[node3][L=89  ] RECEIVE  MUTEX_REQUEST                node1→node3
[node3][PeerMessageHandler] Mensaje recibido: type=MUTEX_REQUEST source=node1 L=88 → local L=89
[node3][Ricart-Agrawala] REQUEST de node1 L=88 → REPLY inmediato
[node3][L=90  ] SEND     MUTEX_REPLY                  node3→node1
[node3][PeerConnMgr] Mensaje enviado a node1 type=MUTEX_REPLY L=90
[node3][L=92  ] RECEIVE  MUTEX_REPLY                  node2→node3
[node3][PeerMessageHandler] Mensaje recibido: type=MUTEX_REPLY source=node2 L=91 → local L=92
[node3][Ricart-Agrawala] REPLY de node2 — pendientes: [node1]
[node3][L=95  ] RECEIVE  MUTEX_REPLY                  node1→node3
[node3][PeerMessageHandler] Mensaje recibido: type=MUTEX_REPLY source=node1 L=94 → local L=95
[node3][Ricart-Agrawala] REPLY de node1 — pendientes: []
[node3][Ricart-Agrawala] HELD — todos los replies recibidos
[node3][Ricart-Agrawala] RELEASED — respondiendo a 0 diferidos
[node3][PeerMessageHandler] Usuario luis se unió al grupo amigos (desde otro nodo)
[node3][L=97  ] RECEIVE  HEARTBEAT                    node1→node3
[node3][PeerMessageHandler] Mensaje recibido: type=HEARTBEAT source=node1 L=96 → local L=97
[node3][L=98  ] SEND     HEARTBEAT                    node3→node2
[node3][L=99  ] SEND     HEARTBEAT                    node3→node1
[node3][PeerConnMgr] Mensaje enviado a node2 type=HEARTBEAT L=98
[node3][PeerConnMgr] Mensaje enviado a node1 type=HEARTBEAT L=99
[node3][L=100 ] RECEIVE  HEARTBEAT                    node2→node3
[node3][PeerMessageHandler] Mensaje recibido: type=HEARTBEAT source=node2 L=97 → local L=100
[node3][Ricart-Agrawala] ACQUIRE 'GROUP_REGISTRY': REQUEST L=101 → [node2, node1]
[node3][L=101 ] SEND     MUTEX_REQUEST                node3→node2
[node3][L=101 ] SEND     MUTEX_REQUEST                node3→node1
[node3][PeerConnMgr] Mensaje enviado a node2 type=MUTEX_REQUEST L=101
[node3][PeerConnMgr] Mensaje enviado a node1 type=MUTEX_REQUEST L=101
[node3][L=104 ] RECEIVE  MUTEX_REPLY                  node2→node3
[node3][L=105 ] RECEIVE  MUTEX_REPLY                  node1→node3
[node3][PeerMessageHandler] Mensaje recibido: type=MUTEX_REPLY source=node2 L=103 → local L=104
[node3][PeerMessageHandler] Mensaje recibido: type=MUTEX_REPLY source=node1 L=103 → local L=105
[node3][Ricart-Agrawala] REPLY de node2 — pendientes: [node1]
[node3][Ricart-Agrawala] REPLY de node1 — pendientes: []
[node3][Ricart-Agrawala] HELD — todos los replies recibidos
[node3][Ricart-Agrawala] RELEASED — respondiendo a 0 diferidos
[node3][L=106 ] SEND     APP_JOIN_GROUP               node3→*
[Router] Usuario maria se unió a amigos y se difundió. L=106
[node3][PeerConnMgr] Mensaje enviado a node2 type=APP L=106
[node3][PeerConnMgr] Mensaje enviado a node1 type=APP L=106
[node3][L=109 ] RECEIVE  MUTEX_REQUEST                node2→node3
[node3][PeerMessageHandler] Mensaje recibido: type=MUTEX_REQUEST source=node2 L=108 → local L=109
[node3][Ricart-Agrawala] REQUEST de node2 L=108 → REPLY inmediato
[node3][L=110 ] SEND     MUTEX_REPLY                  node3→node2
[node3][PeerConnMgr] Mensaje enviado a node2 type=MUTEX_REPLY L=110
[node3][L=111 ] RECEIVE  MUTEX_REQUEST                node1→node3
[node3][PeerMessageHandler] Mensaje recibido: type=MUTEX_REQUEST source=node1 L=108 → local L=111
[node3][Ricart-Agrawala] REQUEST de node1 L=108 → REPLY inmediato
[node3][L=112 ] SEND     MUTEX_REPLY                  node3→node1
[node3][PeerConnMgr] Mensaje enviado a node1 type=MUTEX_REPLY L=112
[node3][L=113 ] RECEIVE  APP                          node1→node3
[node3][PeerMessageHandler] Mensaje recibido: type=APP source=node1 L=109 → local L=113
[node3][PeerMessageHandler] Mensaje grupal entregado localmente a maria
[node3][L=114 ] SEND     HEARTBEAT                    node3→node2
[node3][L=115 ] SEND     HEARTBEAT                    node3→node1
[node3][PeerConnMgr] Mensaje enviado a node2 type=HEARTBEAT L=114
[node3][PeerConnMgr] Mensaje enviado a node1 type=HEARTBEAT L=115
[node3][L=117 ] RECEIVE  HEARTBEAT                    node2→node3
[node3][PeerMessageHandler] Mensaje recibido: type=HEARTBEAT source=node2 L=116 → local L=117
[node3][L=118 ] RECEIVE  HEARTBEAT                    node1→node3
[node3][PeerMessageHandler] Mensaje recibido: type=HEARTBEAT source=node1 L=116 → local L=118
[node3][L=119 ] SEND     APP_GROUP                    node3→*
[Router] Mensaje grupal difundido a todos los nodos. L=119
[node3][PeerConnMgr] Mensaje enviado a node1 type=APP L=119
[node3][PeerConnMgr] Mensaje enviado a node2 type=APP L=119
[node3][L=120 ] SEND     HEARTBEAT                    node3→node2
[node3][L=121 ] SEND     HEARTBEAT                    node3→node1
[node3][PeerConnMgr] Mensaje enviado a node2 type=HEARTBEAT L=120
[node3][L=122 ] RECEIVE  HEARTBEAT                    node2→node3
[node3][PeerMessageHandler] Mensaje recibido: type=HEARTBEAT source=node2 L=121 → local L=122
[node3][L=123 ] RECEIVE  HEARTBEAT                    node1→node3
[node3][PeerMessageHandler] Mensaje recibido: type=HEARTBEAT source=node1 L=122 → local L=123
[node3][PeerConnMgr] Mensaje enviado a node1 type=HEARTBEAT L=121
[node3][L=124 ] LOCAL    LOGOUT                       maria@node3
[node3][L=125 ] LOCAL    LOGOUT                       maria@node3
[node3][PeerConnMgr] Mensaje enviado a node2 type=USER_LOGOUT_ANNOUNCE L=125
[node3][PeerConnMgr] Mensaje enviado a node1 type=USER_LOGOUT_ANNOUNCE L=124
[node3][PeerConnMgr] Mensaje enviado a node2 type=USER_LOGOUT_ANNOUNCE L=124
[node3][PeerConnMgr] Mensaje enviado a node1 type=USER_LOGOUT_ANNOUNCE L=125
[node3][L=129 ] RECEIVE  USER_LOGOUT_ANNOUNCE         node1→node3
[node3][PeerMessageHandler] Mensaje recibido: type=USER_LOGOUT_ANNOUNCE source=node1 L=128 → local L=129
[node3][PeerMessageHandler] Usuario felipe desconectado remoto en nodo node1
[node3][L=130 ] RECEIVE  USER_LOGOUT_ANNOUNCE         node1→node3
[node3][PeerMessageHandler] Mensaje recibido: type=USER_LOGOUT_ANNOUNCE source=node1 L=129 → local L=130
[node3][PeerMessageHandler] Usuario felipe desconectado remoto en nodo node1
[node3][L=133 ] RECEIVE  USER_LOGOUT_ANNOUNCE         node2→node3
[node3][PeerMessageHandler] Mensaje recibido: type=USER_LOGOUT_ANNOUNCE source=node2 L=132 → local L=133
[node3][PeerMessageHandler] Usuario luis desconectado remoto en nodo node2
[node3][L=134 ] RECEIVE  USER_LOGOUT_ANNOUNCE         node2→node3
[node3][PeerMessageHandler] Mensaje recibido: type=USER_LOGOUT_ANNOUNCE source=node2 L=133 → local L=134
[node3][PeerMessageHandler] Usuario luis desconectado remoto en nodo node2
[node3] Deteniendo ServerNode
[node3][TcpPeerTransport] Deteniendo TcpPeerTransport
[node3][PeerListener] PeerListener detenido
[node3][TcpPeerTransport] TcpPeerTransport detenido

========== LOG DE EVENTOS ORDENADO POR LAMPORT [node3] ==========
SEQ   L       NODO   EVENTO   TIPO                         DETALLE
--------------------------------------------------------------------------------
1     L=1     [node3 ] SEND     PEER_HELLO                   node3→node2
2     L=2     [node3 ] SEND     PEER_HELLO                   node3→node1
3     L=3     [node3 ] RECEIVE  PEER_HELLO                   node1→node3
4     L=4     [node3 ] RECEIVE  PEER_HELLO                   node2→node3
5     L=5     [node3 ] SEND     PEER_HELLO_ACK               node3→node2
6     L=6     [node3 ] SEND     PEER_HELLO_ACK               node3→node1
7     L=7     [node3 ] RECEIVE  PEER_HELLO_ACK               node1→node3
8     L=8     [node3 ] RECEIVE  PEER_HELLO_ACK               node2→node3
9     L=9     [node3 ] SEND     HEARTBEAT                    node3→node2
10    L=10    [node3 ] SEND     HEARTBEAT                    node3→node1
11    L=11    [node3 ] RECEIVE  HEARTBEAT                    node2→node3
12    L=13    [node3 ] RECEIVE  HEARTBEAT                    node1→node3
13    L=14    [node3 ] SEND     HEARTBEAT                    node3→node2
14    L=15    [node3 ] SEND     HEARTBEAT                    node3→node1
16    L=16    [node3 ] SEND     ELECTION_COORDINATOR         node3→node2
15    L=17    [node3 ] RECEIVE  HEARTBEAT                    node2→node3
18    L=18    [node3 ] SEND     ELECTION_COORDINATOR         node3→node1
17    L=19    [node3 ] RECEIVE  ELECTION                     node2→node3
19    L=20    [node3 ] SEND     ELECTION_OK                  node3→node2
20    L=21    [node3 ] RECEIVE  HEARTBEAT                    node1→node3
21    L=22    [node3 ] SEND     ELECTION_COORDINATOR         node3→node2
22    L=23    [node3 ] SEND     ELECTION_COORDINATOR         node3→node1
23    L=24    [node3 ] RECEIVE  ELECTION                     node1→node3
24    L=25    [node3 ] SEND     ELECTION_OK                  node3→node1
25    L=26    [node3 ] SEND     ELECTION_COORDINATOR         node3→node2
26    L=27    [node3 ] SEND     ELECTION_COORDINATOR         node3→node1
27    L=29    [node3 ] RECEIVE  ELECTION                     node2→node3
28    L=30    [node3 ] SEND     ELECTION_OK                  node3→node2
29    L=31    [node3 ] SEND     ELECTION_COORDINATOR         node3→node2
30    L=32    [node3 ] SEND     ELECTION_COORDINATOR         node3→node1
31    L=33    [node3 ] SEND     HEARTBEAT                    node3→node2
32    L=34    [node3 ] SEND     HEARTBEAT                    node3→node1
33    L=35    [node3 ] SEND     MUTEX_REQUEST                node3→node2
34    L=35    [node3 ] SEND     MUTEX_REQUEST                node3→node1
35    L=36    [node3 ] RECEIVE  HEARTBEAT                    node1→node3
36    L=37    [node3 ] RECEIVE  HEARTBEAT                    node2→node3
37    L=38    [node3 ] RECEIVE  MUTEX_REQUEST                node1→node3
38    L=39    [node3 ] RECEIVE  MUTEX_REQUEST                node2→node3
39    L=41    [node3 ] RECEIVE  MUTEX_REPLY                  node1→node3
40    L=42    [node3 ] RECEIVE  MUTEX_REPLY                  node2→node3
41    L=43    [node3 ] SEND     MUTEX_REPLY                  node3→node1
42    L=44    [node3 ] SEND     MUTEX_REPLY                  node3→node2
43    L=45    [node3 ] SEND     HEARTBEAT                    node3→node2
44    L=46    [node3 ] SEND     HEARTBEAT                    node3→node1
45    L=49    [node3 ] RECEIVE  HEARTBEAT                    node2→node3
46    L=50    [node3 ] RECEIVE  HEARTBEAT                    node1→node3
47    L=51    [node3 ] SEND     HEARTBEAT                    node3→node2
48    L=52    [node3 ] SEND     HEARTBEAT                    node3→node1
49    L=53    [node3 ] RECEIVE  HEARTBEAT                    node2→node3
50    L=54    [node3 ] RECEIVE  HEARTBEAT                    node1→node3
51    L=56    [node3 ] RECEIVE  USER_LOGIN_ANNOUNCE          node1→node3
52    L=58    [node3 ] RECEIVE  USER_LOGIN_ANNOUNCE          node2→node3
53    L=59    [node3 ] LOCAL    LOGIN                        maria@node3
54    L=63    [node3 ] RECEIVE  HEARTBEAT                    node1→node3
55    L=64    [node3 ] SEND     HEARTBEAT                    node3→node2
56    L=65    [node3 ] SEND     HEARTBEAT                    node3→node1
57    L=66    [node3 ] RECEIVE  HEARTBEAT                    node2→node3
58    L=68    [node3 ] RECEIVE  APP                          node2→node3
59    L=69    [node3 ] RECEIVE  MUTEX_REQUEST                node1→node3
60    L=70    [node3 ] SEND     MUTEX_REPLY                  node3→node1
61    L=74    [node3 ] RECEIVE  APP                          node1→node3
62    L=75    [node3 ] SEND     MUTEX_REQUEST                node3→node2
63    L=75    [node3 ] SEND     MUTEX_REQUEST                node3→node1
64    L=76    [node3 ] RECEIVE  MUTEX_REQUEST                node2→node3
65    L=77    [node3 ] SEND     MUTEX_REPLY                  node3→node2
66    L=80    [node3 ] RECEIVE  MUTEX_REPLY                  node1→node3
67    L=81    [node3 ] RECEIVE  MUTEX_REPLY                  node2→node3
68    L=82    [node3 ] RECEIVE  MUTEX_REQUEST                node2→node3
69    L=83    [node3 ] SEND     MUTEX_REPLY                  node3→node2
70    L=87    [node3 ] RECEIVE  APP                          node2→node3
71    L=88    [node3 ] SEND     MUTEX_REQUEST                node3→node2
72    L=88    [node3 ] SEND     MUTEX_REQUEST                node3→node1
73    L=89    [node3 ] RECEIVE  MUTEX_REQUEST                node1→node3
74    L=90    [node3 ] SEND     MUTEX_REPLY                  node3→node1
75    L=92    [node3 ] RECEIVE  MUTEX_REPLY                  node2→node3
76    L=95    [node3 ] RECEIVE  MUTEX_REPLY                  node1→node3
77    L=97    [node3 ] RECEIVE  HEARTBEAT                    node1→node3
78    L=98    [node3 ] SEND     HEARTBEAT                    node3→node2
79    L=99    [node3 ] SEND     HEARTBEAT                    node3→node1
80    L=100   [node3 ] RECEIVE  HEARTBEAT                    node2→node3
81    L=101   [node3 ] SEND     MUTEX_REQUEST                node3→node2
82    L=101   [node3 ] SEND     MUTEX_REQUEST                node3→node1
83    L=104   [node3 ] RECEIVE  MUTEX_REPLY                  node2→node3
84    L=105   [node3 ] RECEIVE  MUTEX_REPLY                  node1→node3
85    L=106   [node3 ] SEND     APP_JOIN_GROUP               node3→*
86    L=109   [node3 ] RECEIVE  MUTEX_REQUEST                node2→node3
87    L=110   [node3 ] SEND     MUTEX_REPLY                  node3→node2
88    L=111   [node3 ] RECEIVE  MUTEX_REQUEST                node1→node3
89    L=112   [node3 ] SEND     MUTEX_REPLY                  node3→node1
90    L=113   [node3 ] RECEIVE  APP                          node1→node3
91    L=114   [node3 ] SEND     HEARTBEAT                    node3→node2
92    L=115   [node3 ] SEND     HEARTBEAT                    node3→node1
93    L=117   [node3 ] RECEIVE  HEARTBEAT                    node2→node3
94    L=118   [node3 ] RECEIVE  HEARTBEAT                    node1→node3
95    L=119   [node3 ] SEND     APP_GROUP                    node3→*
96    L=120   [node3 ] SEND     HEARTBEAT                    node3→node2
97    L=121   [node3 ] SEND     HEARTBEAT                    node3→node1
98    L=122   [node3 ] RECEIVE  HEARTBEAT                    node2→node3
99    L=123   [node3 ] RECEIVE  HEARTBEAT                    node1→node3
100   L=124   [node3 ] LOCAL    LOGOUT                       maria@node3
101   L=125   [node3 ] LOCAL    LOGOUT                       maria@node3
102   L=129   [node3 ] RECEIVE  USER_LOGOUT_ANNOUNCE         node1→node3
103   L=130   [node3 ] RECEIVE  USER_LOGOUT_ANNOUNCE         node1→node3
104   L=133   [node3 ] RECEIVE  USER_LOGOUT_ANNOUNCE         node2→node3
105   L=134   [node3 ] RECEIVE  USER_LOGOUT_ANNOUNCE         node2→node3
================================================================================
[node3][EventLogger] Log escrito en /Users/felipeastudillo/Desktop/Proyectos/Universidad/Proyecto_Paralela/Parte_Fin<l/Aplicacion-WhatsApp/logs/events-node3.log (105 eventos)
[node3] ServerNode detenido
