[node1] Iniciando ServerNode
[node1] clientPort=5001 peerPort=6001
[node1] clientWorkerPool=64 peerWorkerPool=16 schedulerPool=4 coordinationExecutor=1
[node1] Peers configurados:
[node1]  - node2@localhost:5002:6002 [ALIVE]
[node1]  - node3@localhost:5003:6003 [ALIVE]
[node1][TcpPeerTransport] Iniciando TcpPeerTransport en puerto 6001
[node1][PeerListener] PeerListener escuchando en puerto 6001
[node1][PeerConnMgr] Enviando PEER_HELLO a node2 localhost:6002
[node1][L=1   ] SEND     PEER_HELLO                   node1→node2
[node1][PeerConnMgr] Enviando PEER_HELLO a node3 localhost:6003
[node1][L=2   ] SEND     PEER_HELLO                   node1→node3
[node1][TcpPeerTransport] TcpPeerTransport iniciado
[node1] Emisor de Heartbeats programado cada 2000ms
[node1] Sweeper de fallos programado. Tolerancia máxima: 6000ms
[node1] ServerNode iniciado — Ricart-Agrawala y Bully activos.
[node1][PeerConnMgr] PEER_HELLO enviado a node2
[node1][PeerConnMgr] PEER_HELLO enviado a node3
[node1][L=3   ] RECEIVE  PEER_HELLO                   node2→node1
[node1][L=4   ] RECEIVE  PEER_HELLO                   node3→node1
[node1][PeerMessageHandler] Mensaje recibido: type=PEER_HELLO source=node2 L=2 → local L=3
[node1][PeerMessageHandler] Mensaje recibido: type=PEER_HELLO source=node3 L=2 → local L=4
[node1][PeerMessageHandler] PEER_HELLO recibido desde node2
[node1][PeerMessageHandler] PEER_HELLO recibido desde node3
[node1][PeerMessageHandler] Peer registrado: node3@localhost:5003:6003 [ALIVE]
[node1][PeerMessageHandler] Peer registrado: node2@localhost:5002:6002 [ALIVE]
[node1][L=5   ] SEND     PEER_HELLO_ACK               node1→node3
[node1][L=8   ] RECEIVE  PEER_HELLO_ACK               node3→node1
[node1][L=6   ] SEND     PEER_HELLO_ACK               node1→node2
[node1][PeerMessageHandler] PEER_HELLO_ACK enviado a node2 L=6
[node1][L=7   ] RECEIVE  PEER_HELLO_ACK               node2→node1
[node1][PeerConnMgr] PEER_HELLO_ACK recibido desde node3 L=8
[node1][PeerMessageHandler] PEER_HELLO_ACK enviado a node3 L=5
[node1][PeerConnMgr] PEER_HELLO_ACK recibido desde node2 L=7
[node1][PeerConnMgr] Peer detectado: node2
[node1][PeerConnMgr] Peer detectado: node3
[node1][L=9   ] SEND     HEARTBEAT                    node1→node2
[node1][L=10  ] SEND     HEARTBEAT                    node1→node3
[node1][PeerConnMgr] Mensaje enviado a node2 type=HEARTBEAT L=9
[node1][PeerConnMgr] Mensaje enviado a node3 type=HEARTBEAT L=10
[node1][L=11  ] RECEIVE  HEARTBEAT                    node3→node1
[node1][PeerMessageHandler] Mensaje recibido: type=HEARTBEAT source=node3 L=10 → local L=11
[node1][L=13  ] RECEIVE  HEARTBEAT                    node2→node1
[node1][PeerMessageHandler] Mensaje recibido: type=HEARTBEAT source=node2 L=12 → local L=13
[node1][L=14  ] SEND     HEARTBEAT                    node1→node2
[node1] Sin coordinador conocido — iniciando elección Bully inicial
[node1][Bully] === INICIANDO ELECCIÓN ===
[node1][L=15  ] SEND     HEARTBEAT                    node1→node3
[node1][L=16  ] SEND     ELECTION                     node1→node2
[node1][Bully] ELECTION → node2
[node1][PeerConnMgr] Mensaje enviado a node2 type=HEARTBEAT L=14
[node1][L=18  ] RECEIVE  HEARTBEAT                    node2→node1
[node1][PeerMessageHandler] Mensaje recibido: type=HEARTBEAT source=node2 L=14 → local L=18
[node1][PeerConnMgr] Mensaje enviado a node3 type=HEARTBEAT L=15
[node1][L=19  ] RECEIVE  HEARTBEAT                    node3→node1
[node1][PeerMessageHandler] Mensaje recibido: type=HEARTBEAT source=node3 L=15 → local L=19
[node1][PeerConnMgr] Mensaje enviado a node2 type=ELECTION L=16
[node1][L=17  ] SEND     ELECTION                     node1→node3
[node1][Bully] ELECTION → node3
[node1][L=20  ] RECEIVE  ELECTION_COORDINATOR         node3→node1
[node1][PeerMessageHandler] Mensaje recibido: type=ELECTION_COORDINATOR source=node3 L=16 → local L=20
[node1][Bully] === COORDINADOR ELECTO: node3 ===
[node1][PeerConnMgr] Mensaje enviado a node3 type=ELECTION L=17
[node1][L=28  ] RECEIVE  ELECTION_COORDINATOR         node3→node1
[node1][L=27  ] RECEIVE  ELECTION_COORDINATOR         node3→node1
[node1][L=29  ] RECEIVE  ELECTION_OK                  node2→node1
[node1][L=30  ] RECEIVE  ELECTION_OK                  node3→node1
[node1][PeerMessageHandler] Mensaje recibido: type=ELECTION_COORDINATOR source=node3 L=22 → local L=28
[node1][PeerMessageHandler] Mensaje recibido: type=ELECTION_COORDINATOR source=node3 L=26 → local L=27
[node1][PeerMessageHandler] Mensaje recibido: type=ELECTION_OK source=node2 L=23 → local L=29
[node1][PeerMessageHandler] Mensaje recibido: type=ELECTION_OK source=node3 L=20 → local L=30
[node1][Bully] === COORDINADOR ELECTO: node3 ===
[node1][Bully] === COORDINADOR ELECTO: node3 ===
[node1][Bully] ELECTION_OK recibido de node2 — esperando COORDINATOR
[node1][Bully] ELECTION_OK recibido de node3 — esperando COORDINATOR
[node1][L=31  ] SEND     HEARTBEAT                    node1→node2
[node1] [DEMO R-A] Intentando crear grupo 'grupo-demo-ricart' con mutex distribuido...
[node1][L=32  ] SEND     HEARTBEAT                    node1→node3
[node1][Ricart-Agrawala] ACQUIRE 'GROUP_REGISTRY': REQUEST L=33 → [node2, node3]
[node1][L=33  ] SEND     MUTEX_REQUEST                node1→node2
[node1][L=33  ] SEND     MUTEX_REQUEST                node1→node3
[node1][PeerConnMgr] Mensaje enviado a node2 type=HEARTBEAT L=31
[node1][L=34  ] RECEIVE  HEARTBEAT                    node2→node1
[node1][PeerMessageHandler] Mensaje recibido: type=HEARTBEAT source=node2 L=28 → local L=34
[node1][PeerConnMgr] Mensaje enviado a node2 type=MUTEX_REQUEST L=33
[node1][L=35  ] RECEIVE  MUTEX_REQUEST                node2→node1
[node1][PeerMessageHandler] Mensaje recibido: type=MUTEX_REQUEST source=node2 L=29 → local L=35
[node1][Ricart-Agrawala] REQUEST de node2 L=29 → REPLY inmediato
[node1][L=36  ] SEND     MUTEX_REPLY                  node1→node2
[node1][L=37  ] RECEIVE  HEARTBEAT                    node3→node1
[node1][PeerMessageHandler] Mensaje recibido: type=HEARTBEAT source=node3 L=28 → local L=37
[node1][PeerConnMgr] Mensaje enviado a node3 type=HEARTBEAT L=32
[node1][PeerConnMgr] Mensaje enviado a node3 type=MUTEX_REQUEST L=33
[node1][PeerConnMgr] Mensaje enviado a node2 type=MUTEX_REPLY L=36
[node1][L=38  ] RECEIVE  MUTEX_REQUEST                node3→node1
[node1][PeerMessageHandler] Mensaje recibido: type=MUTEX_REQUEST source=node3 L=29 → local L=38
[node1][Ricart-Agrawala] REQUEST de node3 L=29 → REPLY inmediato
[node1][L=39  ] SEND     MUTEX_REPLY                  node1→node3
[node1][PeerConnMgr] Mensaje enviado a node3 type=MUTEX_REPLY L=39
[node1][L=41  ] RECEIVE  MUTEX_REPLY                  node2→node1
[node1][PeerMessageHandler] Mensaje recibido: type=MUTEX_REPLY source=node2 L=40 → local L=41
[node1][Ricart-Agrawala] REPLY de node2 — pendientes: [node3]
[node1][L=44  ] RECEIVE  MUTEX_REPLY                  node3→node1
[node1][PeerMessageHandler] Mensaje recibido: type=MUTEX_REPLY source=node3 L=43 → local L=44
[node1][Ricart-Agrawala] REPLY de node3 — pendientes: []
[node1][Ricart-Agrawala] HELD — todos los replies recibidos
[node1][Ricart-Agrawala] RELEASED — respondiendo a 0 diferidos
[node1] [DEMO R-A] Grupo 'grupo-demo-ricart' CREADO exitosamente por node1
[node1][L=45  ] SEND     HEARTBEAT                    node1→node2
[node1][L=46  ] SEND     HEARTBEAT                    node1→node3
[node1][L=47  ] RECEIVE  HEARTBEAT                    node3→node1
[node1][PeerMessageHandler] Mensaje recibido: type=HEARTBEAT source=node3 L=45 → local L=47
[node1][PeerConnMgr] Mensaje enviado a node2 type=HEARTBEAT L=45
[node1][PeerConnMgr] Mensaje enviado a node3 type=HEARTBEAT L=46
[node1][L=48  ] RECEIVE  HEARTBEAT                    node2→node1
[node1][PeerMessageHandler] Mensaje recibido: type=HEARTBEAT source=node2 L=43 → local L=48
[node1][L=50  ] RECEIVE  HEARTBEAT                    node3→node1
[node1][PeerMessageHandler] Mensaje recibido: type=HEARTBEAT source=node3 L=49 → local L=50
[node1][L=51  ] RECEIVE  HEARTBEAT                    node2→node1
[node1][PeerMessageHandler] Mensaje recibido: type=HEARTBEAT source=node2 L=48 → local L=51
[node1][L=52  ] SEND     HEARTBEAT                    node1→node2
[node1][L=53  ] SEND     HEARTBEAT                    node1→node3
[node1][PeerConnMgr] Mensaje enviado a node2 type=HEARTBEAT L=52
[node1][PeerConnMgr] Mensaje enviado a node3 type=HEARTBEAT L=53
[node1][L=54  ] SEND     HEARTBEAT                    node1→node2
[node1][L=55  ] SEND     HEARTBEAT                    node1→node3
[node1][L=57  ] RECEIVE  HEARTBEAT                    node3→node1
[node1][L=58  ] RECEIVE  HEARTBEAT                    node2→node1
[node1][PeerMessageHandler] Mensaje recibido: type=HEARTBEAT source=node3 L=56 → local L=57
[node1][PeerConnMgr] Mensaje enviado a node3 type=HEARTBEAT L=55
[node1][PeerConnMgr] Mensaje enviado a node2 type=HEARTBEAT L=54
[node1][PeerMessageHandler] Mensaje recibido: type=HEARTBEAT source=node2 L=55 → local L=58
[node1][L=59  ] SEND     HEARTBEAT                    node1→node2
[node1][L=60  ] SEND     HEARTBEAT                    node1→node3
[node1][PeerConnMgr] Mensaje enviado a node3 type=HEARTBEAT L=60
[node1][L=61  ] RECEIVE  HEARTBEAT                    node2→node1
[node1][PeerMessageHandler] Mensaje recibido: type=HEARTBEAT source=node2 L=59 → local L=61
[node1][PeerConnMgr] Mensaje enviado a node2 type=HEARTBEAT L=59
[node1][L=62  ] RECEIVE  HEARTBEAT                    node3→node1
[node1][PeerMessageHandler] Mensaje recibido: type=HEARTBEAT source=node3 L=61 → local L=62
[node1] Deteniendo ServerNode
[node1][TcpPeerTransport] Deteniendo TcpPeerTransport
[node1][PeerListener] PeerListener detenido
[node1][TcpPeerTransport] TcpPeerTransport detenido

========== LOG DE EVENTOS ORDENADO POR LAMPORT [node1] ==========
SEQ   L       NODO   EVENTO   TIPO                         DETALLE
--------------------------------------------------------------------------------
1     L=1     [node1 ] SEND     PEER_HELLO                   node1→node2
2     L=2     [node1 ] SEND     PEER_HELLO                   node1→node3
3     L=3     [node1 ] RECEIVE  PEER_HELLO                   node2→node1
4     L=4     [node1 ] RECEIVE  PEER_HELLO                   node3→node1
5     L=5     [node1 ] SEND     PEER_HELLO_ACK               node1→node3
6     L=6     [node1 ] SEND     PEER_HELLO_ACK               node1→node2
7     L=7     [node1 ] RECEIVE  PEER_HELLO_ACK               node2→node1
8     L=8     [node1 ] RECEIVE  PEER_HELLO_ACK               node3→node1
9     L=9     [node1 ] SEND     HEARTBEAT                    node1→node2
10    L=10    [node1 ] SEND     HEARTBEAT                    node1→node3
11    L=11    [node1 ] RECEIVE  HEARTBEAT                    node3→node1
12    L=13    [node1 ] RECEIVE  HEARTBEAT                    node2→node1
13    L=14    [node1 ] SEND     HEARTBEAT                    node1→node2
14    L=15    [node1 ] SEND     HEARTBEAT                    node1→node3
15    L=16    [node1 ] SEND     ELECTION                     node1→node2
17    L=17    [node1 ] SEND     ELECTION                     node1→node3
16    L=18    [node1 ] RECEIVE  HEARTBEAT                    node2→node1
18    L=19    [node1 ] RECEIVE  HEARTBEAT                    node3→node1
19    L=20    [node1 ] RECEIVE  ELECTION_COORDINATOR         node3→node1
20    L=27    [node1 ] RECEIVE  ELECTION_COORDINATOR         node3→node1
21    L=28    [node1 ] RECEIVE  ELECTION_COORDINATOR         node3→node1
22    L=29    [node1 ] RECEIVE  ELECTION_OK                  node2→node1
23    L=30    [node1 ] RECEIVE  ELECTION_OK                  node3→node1
24    L=31    [node1 ] SEND     HEARTBEAT                    node1→node2
25    L=32    [node1 ] SEND     HEARTBEAT                    node1→node3
26    L=33    [node1 ] SEND     MUTEX_REQUEST                node1→node2
27    L=33    [node1 ] SEND     MUTEX_REQUEST                node1→node3
28    L=34    [node1 ] RECEIVE  HEARTBEAT                    node2→node1
29    L=35    [node1 ] RECEIVE  MUTEX_REQUEST                node2→node1
30    L=36    [node1 ] SEND     MUTEX_REPLY                  node1→node2
31    L=37    [node1 ] RECEIVE  HEARTBEAT                    node3→node1
32    L=38    [node1 ] RECEIVE  MUTEX_REQUEST                node3→node1
33    L=39    [node1 ] SEND     MUTEX_REPLY                  node1→node3
34    L=41    [node1 ] RECEIVE  MUTEX_REPLY                  node2→node1
35    L=44    [node1 ] RECEIVE  MUTEX_REPLY                  node3→node1
36    L=45    [node1 ] SEND     HEARTBEAT                    node1→node2
37    L=46    [node1 ] SEND     HEARTBEAT                    node1→node3
38    L=47    [node1 ] RECEIVE  HEARTBEAT                    node3→node1
39    L=48    [node1 ] RECEIVE  HEARTBEAT                    node2→node1
40    L=50    [node1 ] RECEIVE  HEARTBEAT                    node3→node1
41    L=51    [node1 ] RECEIVE  HEARTBEAT                    node2→node1
42    L=52    [node1 ] SEND     HEARTBEAT                    node1→node2
43    L=53    [node1 ] SEND     HEARTBEAT                    node1→node3
44    L=54    [node1 ] SEND     HEARTBEAT                    node1→node2
45    L=55    [node1 ] SEND     HEARTBEAT                    node1→node3
46    L=57    [node1 ] RECEIVE  HEARTBEAT                    node3→node1
47    L=58    [node1 ] RECEIVE  HEARTBEAT                    node2→node1
48    L=59    [node1 ] SEND     HEARTBEAT                    node1→node2
49    L=60    [node1 ] SEND     HEARTBEAT                    node1→node3
50    L=61    [node1 ] RECEIVE  HEARTBEAT                    node2→node1
51    L=62    [node1 ] RECEIVE  HEARTBEAT                    node3→node1
================================================================================
[node1][EventLogger] Log escrito en /Users/felipeastudillo/Desktop/Proyectos/Universidad/Proyecto_Paralela/Parte_Fin<l/Aplicacion-WhatsApp/logs/events-node1.log (51 eventos)
[node1] ServerNode detenido
