[node3] Iniciando ServerNode
[node3] clientPort=5003 peerPort=6003
[node3] clientWorkerPool=64 peerWorkerPool=16 schedulerPool=4 coordinationExecutor=1
[node3] Peers configurados:
[node3]  - node1@localhost:5001:6001 [ALIVE]
[node3]  - node2@localhost:5002:6002 [ALIVE]
[node3][TcpPeerTransport] Iniciando TcpPeerTransport en puerto 6003
[node3][PeerListener] PeerListener escuchando en puerto 6003
[node3][PeerConnMgr] Enviando PEER_HELLO a node2 localhost:6002
[node3][L=1   ] SEND     PEER_HELLO                   node3→node2
[node3][PeerConnMgr] Enviando PEER_HELLO a node1 localhost:6001
[node3][L=2   ] SEND     PEER_HELLO                   node3→node1
[node3][TcpPeerTransport] TcpPeerTransport iniciado
[node3] Emisor de Heartbeats programado cada 2000ms
[node3] Sweeper de fallos programado. Tolerancia máxima: 6000ms
[node3] ServerNode iniciado — Ricart-Agrawala y Bully activos.
[node3][PeerConnMgr] PEER_HELLO enviado a node2
[node3][PeerConnMgr] PEER_HELLO enviado a node1
[node3][L=3   ] RECEIVE  PEER_HELLO                   node1→node3
[node3][L=4   ] RECEIVE  PEER_HELLO                   node2→node3
[node3][PeerMessageHandler] Mensaje recibido: type=PEER_HELLO source=node2 L=1 → local L=4
[node3][PeerMessageHandler] PEER_HELLO recibido desde node2
[node3][PeerMessageHandler] Peer registrado: node2@localhost:5002:6002 [ALIVE]
[node3][PeerMessageHandler] Mensaje recibido: type=PEER_HELLO source=node1 L=2 → local L=3
[node3][PeerMessageHandler] PEER_HELLO recibido desde node1
[node3][PeerMessageHandler] Peer registrado: node1@localhost:5001:6001 [ALIVE]
[node3][L=5   ] SEND     PEER_HELLO_ACK               node3→node2
[node3][L=6   ] SEND     PEER_HELLO_ACK               node3→node1
[node3][L=7   ] RECEIVE  PEER_HELLO_ACK               node2→node3
[node3][PeerMessageHandler] PEER_HELLO_ACK enviado a node1 L=6
[node3][PeerConnMgr] PEER_HELLO_ACK recibido desde node2 L=7
[node3][PeerConnMgr] Peer detectado: node2
[node3][L=8   ] RECEIVE  PEER_HELLO_ACK               node1→node3
[node3][PeerConnMgr] PEER_HELLO_ACK recibido desde node1 L=8
[node3][PeerConnMgr] Peer detectado: node1
[node3][PeerMessageHandler] PEER_HELLO_ACK enviado a node2 L=5
[node3][L=9   ] SEND     HEARTBEAT                    node3→node2
[node3][L=10  ] SEND     HEARTBEAT                    node3→node1
[node3][PeerConnMgr] Mensaje enviado a node2 type=HEARTBEAT L=9
[node3][PeerConnMgr] Mensaje enviado a node1 type=HEARTBEAT L=10
[node3][L=11  ] RECEIVE  HEARTBEAT                    node1→node3
[node3][PeerMessageHandler] Mensaje recibido: type=HEARTBEAT source=node1 L=10 → local L=11
[node3][L=12  ] RECEIVE  HEARTBEAT                    node2→node3
[node3][PeerMessageHandler] Mensaje recibido: type=HEARTBEAT source=node2 L=9 → local L=12
[node3] Sin coordinador conocido — iniciando elección Bully inicial
[node3][Bully] === INICIANDO ELECCIÓN ===
[node3][L=13  ] SEND     HEARTBEAT                    node3→node2
[node3][Bully] === ME PROCLAMO COORDINADOR: node3 ===
[node3][L=15  ] SEND     HEARTBEAT                    node3→node1
[node3][L=14  ] SEND     ELECTION_COORDINATOR         node3→node2
[node3][PeerConnMgr] Mensaje enviado a node2 type=HEARTBEAT L=13
[node3][PeerConnMgr] Mensaje enviado a node1 type=HEARTBEAT L=15
[node3][L=17  ] RECEIVE  HEARTBEAT                    node2→node3
[node3][PeerMessageHandler] Mensaje recibido: type=HEARTBEAT source=node2 L=13 → local L=17
[node3][L=16  ] SEND     ELECTION_COORDINATOR         node3→node1
[node3][PeerConnMgr] Mensaje enviado a node2 type=ELECTION_COORDINATOR L=14
[node3][L=18  ] RECEIVE  HEARTBEAT                    node1→node3
[node3][PeerMessageHandler] Mensaje recibido: type=HEARTBEAT source=node1 L=15 → local L=18
[node3][PeerConnMgr] Mensaje enviado a node1 type=ELECTION_COORDINATOR L=16
[node3][L=19  ] RECEIVE  ELECTION                     node1→node3
[node3][PeerMessageHandler] Mensaje recibido: type=ELECTION source=node1 L=17 → local L=19
[node3][Bully] ELECTION recibido de node1 (tenemos ID mayor)
[node3][L=20  ] SEND     ELECTION_OK                  node3→node1
[node3][Bully] === INICIANDO ELECCIÓN ===
[node3][Bully] === ME PROCLAMO COORDINADOR: node3 ===
[node3][L=21  ] SEND     ELECTION_COORDINATOR         node3→node2
[node3][L=22  ] SEND     ELECTION_COORDINATOR         node3→node1
[node3][L=23  ] RECEIVE  ELECTION                     node2→node3
[node3][PeerMessageHandler] Mensaje recibido: type=ELECTION source=node2 L=15 → local L=23
[node3][Bully] ELECTION recibido de node2 (tenemos ID mayor)
[node3][L=24  ] SEND     ELECTION_OK                  node3→node2
[node3][Bully] === INICIANDO ELECCIÓN ===
[node3][Bully] === ME PROCLAMO COORDINADOR: node3 ===
[node3][PeerConnMgr] Mensaje enviado a node2 type=ELECTION_COORDINATOR L=21
[node3][L=25  ] SEND     ELECTION_COORDINATOR         node3→node2
[node3][L=26  ] SEND     ELECTION_COORDINATOR         node3→node1
[node3][PeerConnMgr] Mensaje enviado a node2 type=ELECTION_OK L=24
[node3][PeerConnMgr] Mensaje enviado a node2 type=ELECTION_COORDINATOR L=25
[node3][PeerConnMgr] Mensaje enviado a node1 type=ELECTION_COORDINATOR L=22
[node3][PeerConnMgr] Mensaje enviado a node1 type=ELECTION_OK L=20
[node3][PeerConnMgr] Mensaje enviado a node1 type=ELECTION_COORDINATOR L=26
[node3][L=27  ] SEND     HEARTBEAT                    node3→node2
[node3] [DEMO R-A] Intentando crear grupo 'grupo-demo-ricart' con mutex distribuido...
[node3][L=28  ] SEND     HEARTBEAT                    node3→node1
[node3][PeerConnMgr] Mensaje enviado a node2 type=HEARTBEAT L=27
[node3][L=30  ] RECEIVE  HEARTBEAT                    node2→node3
[node3][PeerMessageHandler] Mensaje recibido: type=HEARTBEAT source=node2 L=27 → local L=30
[node3][L=33  ] RECEIVE  HEARTBEAT                    node1→node3
[node3][PeerMessageHandler] Mensaje recibido: type=HEARTBEAT source=node1 L=32 → local L=33
[node3][PeerConnMgr] Mensaje enviado a node1 type=HEARTBEAT L=28
[node3][L=34  ] RECEIVE  MUTEX_REQUEST                node1→node3
[node3][L=35  ] RECEIVE  MUTEX_REQUEST                node2→node3
[node3][PeerMessageHandler] Mensaje recibido: type=MUTEX_REQUEST source=node2 L=29 → local L=35
[node3][PeerMessageHandler] Mensaje recibido: type=MUTEX_REQUEST source=node1 L=33 → local L=34
[node3][Ricart-Agrawala] ACQUIRE 'GROUP_REGISTRY': REQUEST L=29 → [node2, node1]
[node3][L=29  ] SEND     MUTEX_REQUEST                node3→node2
[node3][L=29  ] SEND     MUTEX_REQUEST                node3→node1
[node3][Ricart-Agrawala] REQUEST de node2 L=29 → REPLY inmediato
[node3][PeerConnMgr] Mensaje enviado a node2 type=MUTEX_REQUEST L=29
[node3][L=36  ] SEND     MUTEX_REPLY                  node3→node2
[node3][PeerConnMgr] Mensaje enviado a node1 type=MUTEX_REQUEST L=29
[node3][Ricart-Agrawala] REQUEST de node1 L=33 → DEFERIDO (estado=WANTED)
[node3][PeerConnMgr] Mensaje enviado a node2 type=MUTEX_REPLY L=36
[node3][L=40  ] RECEIVE  MUTEX_REPLY                  node1→node3
[node3][PeerMessageHandler] Mensaje recibido: type=MUTEX_REPLY source=node1 L=39 → local L=40
[node3][Ricart-Agrawala] REPLY de node1 — pendientes: [node2]
[node3][L=42  ] RECEIVE  MUTEX_REPLY                  node2→node3
[node3][PeerMessageHandler] Mensaje recibido: type=MUTEX_REPLY source=node2 L=41 → local L=42
[node3][Ricart-Agrawala] REPLY de node2 — pendientes: []
[node3][Ricart-Agrawala] HELD — todos los replies recibidos
[node3][Ricart-Agrawala] RELEASED — respondiendo a 1 diferidos
[node3][L=43  ] SEND     MUTEX_REPLY                  node3→node1
[node3] [DEMO R-A] Grupo 'grupo-demo-ricart' CREADO exitosamente por node3
[node3][PeerConnMgr] Mensaje enviado a node1 type=MUTEX_REPLY L=43
[node3][L=44  ] SEND     HEARTBEAT                    node3→node2
[node3][L=45  ] SEND     HEARTBEAT                    node3→node1
[node3][PeerConnMgr] Mensaje enviado a node2 type=HEARTBEAT L=44
[node3][PeerConnMgr] Mensaje enviado a node1 type=HEARTBEAT L=45
[node3][L=46  ] RECEIVE  HEARTBEAT                    node2→node3
[node3][PeerMessageHandler] Mensaje recibido: type=HEARTBEAT source=node2 L=42 → local L=46
[node3][L=47  ] RECEIVE  HEARTBEAT                    node1→node3
[node3][PeerMessageHandler] Mensaje recibido: type=HEARTBEAT source=node1 L=46 → local L=47
[node3][L=48  ] SEND     HEARTBEAT                    node3→node2
[node3][L=49  ] SEND     HEARTBEAT                    node3→node1
[node3][PeerConnMgr] Mensaje enviado a node1 type=HEARTBEAT L=49
[node3][PeerConnMgr] Mensaje enviado a node2 type=HEARTBEAT L=48
[node3][L=50  ] RECEIVE  HEARTBEAT                    node2→node3
[node3][PeerMessageHandler] Mensaje recibido: type=HEARTBEAT source=node2 L=47 → local L=50
[node3][L=54  ] RECEIVE  HEARTBEAT                    node1→node3
[node3][PeerMessageHandler] Mensaje recibido: type=HEARTBEAT source=node1 L=53 → local L=54
[node3][L=55  ] SEND     HEARTBEAT                    node3→node2
[node3][L=56  ] SEND     HEARTBEAT                    node3→node1
[node3][PeerConnMgr] Mensaje enviado a node2 type=HEARTBEAT L=55
[node3][L=57  ] RECEIVE  HEARTBEAT                    node2→node3
[node3][PeerMessageHandler] Mensaje recibido: type=HEARTBEAT source=node2 L=54 → local L=57
[node3][PeerConnMgr] Mensaje enviado a node1 type=HEARTBEAT L=56
[node3][L=58  ] RECEIVE  HEARTBEAT                    node1→node3
[node3][PeerMessageHandler] Mensaje recibido: type=HEARTBEAT source=node1 L=55 → local L=58
[node3][L=59  ] RECEIVE  HEARTBEAT                    node2→node3
[node3][L=60  ] SEND     HEARTBEAT                    node3→node2
[node3][PeerMessageHandler] Mensaje recibido: type=HEARTBEAT source=node2 L=58 → local L=59
[node3][L=61  ] SEND     HEARTBEAT                    node3→node1
[node3][PeerConnMgr] Mensaje enviado a node2 type=HEARTBEAT L=60
[node3][L=62  ] RECEIVE  HEARTBEAT                    node1→node3
[node3][PeerMessageHandler] Mensaje recibido: type=HEARTBEAT source=node1 L=60 → local L=62
[node3][PeerConnMgr] Mensaje enviado a node1 type=HEARTBEAT L=61
[node3] Deteniendo ServerNode
[node3][TcpPeerTransport] Deteniendo TcpPeerTransport
[node3][PeerListener] PeerListener detenido
[node3][TcpPeerTransport] TcpPeerTransport detenido

========== LOG DE EVENTOS ORDENADO POR LAMPORT [node3] ==========
SEQ   L       NODO   EVENTO   TIPO                         DETALLE
--------------------------------------------------------------------------------
1     L=1     [node3 ] SEND     PEER_HELLO                   node3→node2
2     L=2     [node3 ] SEND     PEER_HELLO                   node3→node1
3     L=3     [node3 ] RECEIVE  PEER_HELLO                   node1→node3
4     L=4     [node3 ] RECEIVE  PEER_HELLO                   node2→node3
5     L=5     [node3 ] SEND     PEER_HELLO_ACK               node3→node2
6     L=6     [node3 ] SEND     PEER_HELLO_ACK               node3→node1
7     L=7     [node3 ] RECEIVE  PEER_HELLO_ACK               node2→node3
8     L=8     [node3 ] RECEIVE  PEER_HELLO_ACK               node1→node3
9     L=9     [node3 ] SEND     HEARTBEAT                    node3→node2
10    L=10    [node3 ] SEND     HEARTBEAT                    node3→node1
11    L=11    [node3 ] RECEIVE  HEARTBEAT                    node1→node3
12    L=12    [node3 ] RECEIVE  HEARTBEAT                    node2→node3
13    L=13    [node3 ] SEND     HEARTBEAT                    node3→node2
15    L=14    [node3 ] SEND     ELECTION_COORDINATOR         node3→node2
14    L=15    [node3 ] SEND     HEARTBEAT                    node3→node1
17    L=16    [node3 ] SEND     ELECTION_COORDINATOR         node3→node1
16    L=17    [node3 ] RECEIVE  HEARTBEAT                    node2→node3
18    L=18    [node3 ] RECEIVE  HEARTBEAT                    node1→node3
19    L=19    [node3 ] RECEIVE  ELECTION                     node1→node3
20    L=20    [node3 ] SEND     ELECTION_OK                  node3→node1
21    L=21    [node3 ] SEND     ELECTION_COORDINATOR         node3→node2
22    L=22    [node3 ] SEND     ELECTION_COORDINATOR         node3→node1
23    L=23    [node3 ] RECEIVE  ELECTION                     node2→node3
24    L=24    [node3 ] SEND     ELECTION_OK                  node3→node2
25    L=25    [node3 ] SEND     ELECTION_COORDINATOR         node3→node2
26    L=26    [node3 ] SEND     ELECTION_COORDINATOR         node3→node1
27    L=27    [node3 ] SEND     HEARTBEAT                    node3→node2
28    L=28    [node3 ] SEND     HEARTBEAT                    node3→node1
33    L=29    [node3 ] SEND     MUTEX_REQUEST                node3→node2
34    L=29    [node3 ] SEND     MUTEX_REQUEST                node3→node1
29    L=30    [node3 ] RECEIVE  HEARTBEAT                    node2→node3
30    L=33    [node3 ] RECEIVE  HEARTBEAT                    node1→node3
31    L=34    [node3 ] RECEIVE  MUTEX_REQUEST                node1→node3
32    L=35    [node3 ] RECEIVE  MUTEX_REQUEST                node2→node3
35    L=36    [node3 ] SEND     MUTEX_REPLY                  node3→node2
36    L=40    [node3 ] RECEIVE  MUTEX_REPLY                  node1→node3
37    L=42    [node3 ] RECEIVE  MUTEX_REPLY                  node2→node3
38    L=43    [node3 ] SEND     MUTEX_REPLY                  node3→node1
39    L=44    [node3 ] SEND     HEARTBEAT                    node3→node2
40    L=45    [node3 ] SEND     HEARTBEAT                    node3→node1
41    L=46    [node3 ] RECEIVE  HEARTBEAT                    node2→node3
42    L=47    [node3 ] RECEIVE  HEARTBEAT                    node1→node3
43    L=48    [node3 ] SEND     HEARTBEAT                    node3→node2
44    L=49    [node3 ] SEND     HEARTBEAT                    node3→node1
45    L=50    [node3 ] RECEIVE  HEARTBEAT                    node2→node3
46    L=54    [node3 ] RECEIVE  HEARTBEAT                    node1→node3
47    L=55    [node3 ] SEND     HEARTBEAT                    node3→node2
48    L=56    [node3 ] SEND     HEARTBEAT                    node3→node1
49    L=57    [node3 ] RECEIVE  HEARTBEAT                    node2→node3
50    L=58    [node3 ] RECEIVE  HEARTBEAT                    node1→node3
51    L=59    [node3 ] RECEIVE  HEARTBEAT                    node2→node3
52    L=60    [node3 ] SEND     HEARTBEAT                    node3→node2
53    L=61    [node3 ] SEND     HEARTBEAT                    node3→node1
54    L=62    [node3 ] RECEIVE  HEARTBEAT                    node1→node3
================================================================================
[node3][EventLogger] Log escrito en /Users/felipeastudillo/Desktop/Proyectos/Universidad/Proyecto_Paralela/Parte_Fin<l/Aplicacion-WhatsApp/logs/events-node3.log (54 eventos)
[node3] ServerNode detenido
