[node2] Iniciando ServerNode
[node2] clientPort=5002 peerPort=6002
[node2] clientWorkerPool=64 peerWorkerPool=16 schedulerPool=4 coordinationExecutor=1
[node2] Peers configurados:
[node2]  - node1@localhost:5001:6001 [ALIVE]
[node2]  - node3@localhost:5003:6003 [ALIVE]
[node2][TcpPeerTransport] Iniciando TcpPeerTransport en puerto 6002
[node2][PeerListener] PeerListener escuchando en puerto 6002
[node2][PeerConnMgr] Enviando PEER_HELLO a node3 localhost:6003
[node2][L=1   ] SEND     PEER_HELLO                   node2→node3
[node2][PeerConnMgr] Enviando PEER_HELLO a node1 localhost:6001
[node2][L=2   ] SEND     PEER_HELLO                   node2→node1
[node2][TcpPeerTransport] TcpPeerTransport iniciado
[node2] Emisor de Heartbeats programado cada 2000ms
[node2] Sweeper de fallos programado. Tolerancia máxima: 6000ms
[node2] ServerNode iniciado — Ricart-Agrawala y Bully activos.
[node2][PeerConnMgr] PEER_HELLO enviado a node1
[node2][L=3   ] RECEIVE  PEER_HELLO                   node3→node2
[node2][PeerConnMgr] PEER_HELLO enviado a node3
[node2][L=4   ] RECEIVE  PEER_HELLO                   node1→node2
[node2][PeerMessageHandler] Mensaje recibido: type=PEER_HELLO source=node1 L=1 → local L=4
[node2][PeerMessageHandler] Mensaje recibido: type=PEER_HELLO source=node3 L=1 → local L=3
[node2][PeerMessageHandler] PEER_HELLO recibido desde node3
[node2][PeerMessageHandler] Peer registrado: node3@localhost:5003:6003 [ALIVE]
[node2][PeerMessageHandler] PEER_HELLO recibido desde node1
[node2][PeerMessageHandler] Peer registrado: node1@localhost:5001:6001 [ALIVE]
[node2][L=5   ] SEND     PEER_HELLO_ACK               node2→node3
[node2][L=6   ] SEND     PEER_HELLO_ACK               node2→node1
[node2][L=7   ] RECEIVE  PEER_HELLO_ACK               node3→node2
[node2][PeerConnMgr] PEER_HELLO_ACK recibido desde node3 L=7
[node2][PeerMessageHandler] PEER_HELLO_ACK enviado a node1 L=6
[node2][PeerConnMgr] Peer detectado: node3
[node2][PeerMessageHandler] PEER_HELLO_ACK enviado a node3 L=5
[node2][L=8   ] RECEIVE  PEER_HELLO_ACK               node1→node2
[node2][PeerConnMgr] PEER_HELLO_ACK recibido desde node1 L=8
[node2][PeerConnMgr] Peer detectado: node1
[node2][L=9   ] SEND     HEARTBEAT                    node2→node3
[node2][L=10  ] RECEIVE  HEARTBEAT                    node1→node2
[node2][PeerMessageHandler] Mensaje recibido: type=HEARTBEAT source=node1 L=9 → local L=10
[node2][L=11  ] RECEIVE  HEARTBEAT                    node3→node2
[node2][PeerMessageHandler] Mensaje recibido: type=HEARTBEAT source=node3 L=9 → local L=11
[node2][L=12  ] SEND     HEARTBEAT                    node2→node1
[node2][PeerConnMgr] Mensaje enviado a node3 type=HEARTBEAT L=9
[node2][PeerConnMgr] Mensaje enviado a node1 type=HEARTBEAT L=12
[node2][L=13  ] SEND     HEARTBEAT                    node2→node3
[node2] Sin coordinador conocido — iniciando elección Bully inicial
[node2][Bully] === INICIANDO ELECCIÓN ===
[node2][L=14  ] SEND     HEARTBEAT                    node2→node1
[node2][PeerConnMgr] Mensaje enviado a node1 type=HEARTBEAT L=14
[node2][L=16  ] RECEIVE  HEARTBEAT                    node3→node2
[node2][PeerMessageHandler] Mensaje recibido: type=HEARTBEAT source=node3 L=13 → local L=16
[node2][PeerConnMgr] Mensaje enviado a node3 type=HEARTBEAT L=13
[node2][L=18  ] RECEIVE  ELECTION                     node1→node2
[node2][PeerMessageHandler] Mensaje recibido: type=ELECTION source=node1 L=16 → local L=18
[node2][L=19  ] RECEIVE  ELECTION_COORDINATOR         node3→node2
[node2][L=17  ] RECEIVE  HEARTBEAT                    node1→node2
[node2][PeerMessageHandler] Mensaje recibido: type=HEARTBEAT source=node1 L=14 → local L=17
[node2][L=15  ] SEND     ELECTION                     node2→node3
[node2][PeerConnMgr] Mensaje enviado a node3 type=ELECTION L=15
[node2][Bully] ELECTION → node3
[node2][PeerMessageHandler] Mensaje recibido: type=ELECTION_COORDINATOR source=node3 L=14 → local L=19
[node2][L=22  ] RECEIVE  ELECTION_COORDINATOR         node3→node2
[node2][PeerMessageHandler] Mensaje recibido: type=ELECTION_COORDINATOR source=node3 L=21 → local L=22
[node2][Bully] ELECTION recibido de node1 (tenemos ID mayor)
[node2][L=23  ] SEND     ELECTION_OK                  node2→node1
[node2][L=25  ] RECEIVE  ELECTION_OK                  node3→node2
[node2][Bully] === COORDINADOR ELECTO: node3 ===
[node2][L=26  ] RECEIVE  ELECTION_COORDINATOR         node3→node2
[node2][PeerMessageHandler] Mensaje recibido: type=ELECTION_COORDINATOR source=node3 L=25 → local L=26
[node2][PeerMessageHandler] Mensaje recibido: type=ELECTION_OK source=node3 L=24 → local L=25
[node2][Bully] === COORDINADOR ELECTO: node3 ===
[node2][PeerConnMgr] Mensaje enviado a node1 type=ELECTION_OK L=23
[node2][Bully] === COORDINADOR ELECTO: node3 ===
[node2][Bully] ELECTION_OK recibido de node3 — esperando COORDINATOR
[node2][L=27  ] SEND     HEARTBEAT                    node2→node3
[node2] [DEMO R-A] Intentando crear grupo 'grupo-demo-ricart' con mutex distribuido...
[node2][L=28  ] SEND     HEARTBEAT                    node2→node1
[node2][Ricart-Agrawala] ACQUIRE 'GROUP_REGISTRY': REQUEST L=29 → [node3, node1]
[node2][L=29  ] SEND     MUTEX_REQUEST                node2→node3
[node2][PeerConnMgr] Mensaje enviado a node1 type=HEARTBEAT L=28
[node2][L=29  ] SEND     MUTEX_REQUEST                node2→node1
[node2][L=32  ] RECEIVE  HEARTBEAT                    node1→node2
[node2][PeerMessageHandler] Mensaje recibido: type=HEARTBEAT source=node1 L=31 → local L=32
[node2][PeerConnMgr] Mensaje enviado a node3 type=HEARTBEAT L=27
[node2][PeerConnMgr] Mensaje enviado a node1 type=MUTEX_REQUEST L=29
[node2][L=34  ] RECEIVE  MUTEX_REQUEST                node1→node2
[node2][PeerMessageHandler] Mensaje recibido: type=MUTEX_REQUEST source=node1 L=33 → local L=34
[node2][Ricart-Agrawala] REQUEST de node1 L=33 → DEFERIDO (estado=WANTED)
[node2][L=35  ] RECEIVE  HEARTBEAT                    node3→node2
[node2][PeerMessageHandler] Mensaje recibido: type=HEARTBEAT source=node3 L=27 → local L=35
[node2][PeerConnMgr] Mensaje enviado a node3 type=MUTEX_REQUEST L=29
[node2][L=37  ] RECEIVE  MUTEX_REPLY                  node1→node2
[node2][PeerMessageHandler] Mensaje recibido: type=MUTEX_REPLY source=node1 L=36 → local L=37
[node2][Ricart-Agrawala] REPLY de node1 — pendientes: [node3]
[node2][L=38  ] RECEIVE  MUTEX_REQUEST                node3→node2
[node2][PeerMessageHandler] Mensaje recibido: type=MUTEX_REQUEST source=node3 L=29 → local L=38
[node2][Ricart-Agrawala] REQUEST de node3 L=29 → DEFERIDO (estado=WANTED)
[node2][L=39  ] RECEIVE  MUTEX_REPLY                  node3→node2
[node2][PeerMessageHandler] Mensaje recibido: type=MUTEX_REPLY source=node3 L=36 → local L=39
[node2][Ricart-Agrawala] REPLY de node3 — pendientes: []
[node2][Ricart-Agrawala] HELD — todos los replies recibidos
[node2][Ricart-Agrawala] RELEASED — respondiendo a 2 diferidos
[node2][L=40  ] SEND     MUTEX_REPLY                  node2→node1
[node2][L=41  ] SEND     MUTEX_REPLY                  node2→node3
[node2][PeerConnMgr] Mensaje enviado a node1 type=MUTEX_REPLY L=40
[node2] [DEMO R-A] Grupo 'grupo-demo-ricart' CREADO exitosamente por node2
[node2][PeerConnMgr] Mensaje enviado a node3 type=MUTEX_REPLY L=41
[node2][L=42  ] SEND     HEARTBEAT                    node2→node3
[node2][L=45  ] RECEIVE  HEARTBEAT                    node3→node2
[node2][PeerMessageHandler] Mensaje recibido: type=HEARTBEAT source=node3 L=44 → local L=45
[node2][L=43  ] SEND     HEARTBEAT                    node2→node1
[node2][PeerConnMgr] Mensaje enviado a node3 type=HEARTBEAT L=42
[node2][PeerConnMgr] Mensaje enviado a node1 type=HEARTBEAT L=43
[node2][L=46  ] RECEIVE  HEARTBEAT                    node1→node2
[node2][PeerMessageHandler] Mensaje recibido: type=HEARTBEAT source=node1 L=45 → local L=46
[node2][L=47  ] SEND     HEARTBEAT                    node2→node3
[node2][L=48  ] SEND     HEARTBEAT                    node2→node1
[node2][L=49  ] RECEIVE  HEARTBEAT                    node3→node2
[node2][PeerMessageHandler] Mensaje recibido: type=HEARTBEAT source=node3 L=48 → local L=49
[node2][PeerConnMgr] Mensaje enviado a node1 type=HEARTBEAT L=48
[node2][PeerConnMgr] Mensaje enviado a node3 type=HEARTBEAT L=47
[node2][L=53  ] RECEIVE  HEARTBEAT                    node1→node2
[node2][PeerMessageHandler] Mensaje recibido: type=HEARTBEAT source=node1 L=52 → local L=53
[node2][L=54  ] SEND     HEARTBEAT                    node2→node3
[node2][L=55  ] SEND     HEARTBEAT                    node2→node1
[node2][PeerConnMgr] Mensaje enviado a node3 type=HEARTBEAT L=54
[node2][L=56  ] RECEIVE  HEARTBEAT                    node3→node2
[node2][PeerMessageHandler] Mensaje recibido: type=HEARTBEAT source=node3 L=55 → local L=56
[node2][PeerConnMgr] Mensaje enviado a node1 type=HEARTBEAT L=55
[node2][L=57  ] RECEIVE  HEARTBEAT                    node1→node2
[node2][PeerMessageHandler] Mensaje recibido: type=HEARTBEAT source=node1 L=54 → local L=57
[node2][L=58  ] SEND     HEARTBEAT                    node2→node3
[node2][L=59  ] SEND     HEARTBEAT                    node2→node1
[node2][PeerConnMgr] Mensaje enviado a node3 type=HEARTBEAT L=58
[node2][PeerConnMgr] Mensaje enviado a node1 type=HEARTBEAT L=59
[node2][L=61  ] RECEIVE  HEARTBEAT                    node3→node2
[node2][PeerMessageHandler] Mensaje recibido: type=HEARTBEAT source=node3 L=60 → local L=61
[node2][L=62  ] RECEIVE  HEARTBEAT                    node1→node2
[node2][PeerMessageHandler] Mensaje recibido: type=HEARTBEAT source=node1 L=59 → local L=62
[node2] Deteniendo ServerNode
[node2][TcpPeerTransport] Deteniendo TcpPeerTransport
[node2][PeerListener] PeerListener detenido
[node2][TcpPeerTransport] TcpPeerTransport detenido

========== LOG DE EVENTOS ORDENADO POR LAMPORT [node2] ==========
SEQ   L       NODO   EVENTO   TIPO                         DETALLE
--------------------------------------------------------------------------------
1     L=1     [node2 ] SEND     PEER_HELLO                   node2→node3
2     L=2     [node2 ] SEND     PEER_HELLO                   node2→node1
3     L=3     [node2 ] RECEIVE  PEER_HELLO                   node3→node2
4     L=4     [node2 ] RECEIVE  PEER_HELLO                   node1→node2
5     L=5     [node2 ] SEND     PEER_HELLO_ACK               node2→node3
6     L=6     [node2 ] SEND     PEER_HELLO_ACK               node2→node1
7     L=7     [node2 ] RECEIVE  PEER_HELLO_ACK               node3→node2
8     L=8     [node2 ] RECEIVE  PEER_HELLO_ACK               node1→node2
9     L=9     [node2 ] SEND     HEARTBEAT                    node2→node3
10    L=10    [node2 ] RECEIVE  HEARTBEAT                    node1→node2
11    L=11    [node2 ] RECEIVE  HEARTBEAT                    node3→node2
12    L=12    [node2 ] SEND     HEARTBEAT                    node2→node1
13    L=13    [node2 ] SEND     HEARTBEAT                    node2→node3
14    L=14    [node2 ] SEND     HEARTBEAT                    node2→node1
18    L=15    [node2 ] SEND     ELECTION                     node2→node3
15    L=16    [node2 ] RECEIVE  HEARTBEAT                    node3→node2
16    L=17    [node2 ] RECEIVE  HEARTBEAT                    node1→node2
17    L=18    [node2 ] RECEIVE  ELECTION                     node1→node2
19    L=19    [node2 ] RECEIVE  ELECTION_COORDINATOR         node3→node2
20    L=22    [node2 ] RECEIVE  ELECTION_COORDINATOR         node3→node2
21    L=23    [node2 ] SEND     ELECTION_OK                  node2→node1
22    L=25    [node2 ] RECEIVE  ELECTION_OK                  node3→node2
23    L=26    [node2 ] RECEIVE  ELECTION_COORDINATOR         node3→node2
24    L=27    [node2 ] SEND     HEARTBEAT                    node2→node3
25    L=28    [node2 ] SEND     HEARTBEAT                    node2→node1
26    L=29    [node2 ] SEND     MUTEX_REQUEST                node2→node3
27    L=29    [node2 ] SEND     MUTEX_REQUEST                node2→node1
28    L=32    [node2 ] RECEIVE  HEARTBEAT                    node1→node2
29    L=34    [node2 ] RECEIVE  MUTEX_REQUEST                node1→node2
30    L=35    [node2 ] RECEIVE  HEARTBEAT                    node3→node2
31    L=37    [node2 ] RECEIVE  MUTEX_REPLY                  node1→node2
32    L=38    [node2 ] RECEIVE  MUTEX_REQUEST                node3→node2
33    L=39    [node2 ] RECEIVE  MUTEX_REPLY                  node3→node2
34    L=40    [node2 ] SEND     MUTEX_REPLY                  node2→node1
35    L=41    [node2 ] SEND     MUTEX_REPLY                  node2→node3
36    L=42    [node2 ] SEND     HEARTBEAT                    node2→node3
38    L=43    [node2 ] SEND     HEARTBEAT                    node2→node1
37    L=45    [node2 ] RECEIVE  HEARTBEAT                    node3→node2
39    L=46    [node2 ] RECEIVE  HEARTBEAT                    node1→node2
40    L=47    [node2 ] SEND     HEARTBEAT                    node2→node3
41    L=48    [node2 ] SEND     HEARTBEAT                    node2→node1
42    L=49    [node2 ] RECEIVE  HEARTBEAT                    node3→node2
43    L=53    [node2 ] RECEIVE  HEARTBEAT                    node1→node2
44    L=54    [node2 ] SEND     HEARTBEAT                    node2→node3
45    L=55    [node2 ] SEND     HEARTBEAT                    node2→node1
46    L=56    [node2 ] RECEIVE  HEARTBEAT                    node3→node2
47    L=57    [node2 ] RECEIVE  HEARTBEAT                    node1→node2
48    L=58    [node2 ] SEND     HEARTBEAT                    node2→node3
49    L=59    [node2 ] SEND     HEARTBEAT                    node2→node1
50    L=61    [node2 ] RECEIVE  HEARTBEAT                    node3→node2
51    L=62    [node2 ] RECEIVE  HEARTBEAT                    node1→node2
================================================================================
[node2][EventLogger] Log escrito en /Users/felipeastudillo/Desktop/Proyectos/Universidad/Proyecto_Paralela/Parte_Fin<l/Aplicacion-WhatsApp/logs/events-node2.log (51 eventos)
[node2] ServerNode detenido
