LOG DE EVENTOS ORDENADO POR LAMPORT [node2]
SEQ   L       NODO   EVENTO   TIPO                         DETALLE
--------------------------------------------------------------------------------
1     L=1     [node2 ] SEND     PEER_HELLO                   node2→node3
2     L=2     [node2 ] SEND     PEER_HELLO                   node2→node1
3     L=5     [node2 ] RECEIVE  PEER_HELLO_ACK               node3→node2
4     L=6     [node2 ] RECEIVE  PEER_HELLO                   node1→node2
5     L=7     [node2 ] SEND     PEER_HELLO_ACK               node2→node1
6     L=8     [node2 ] RECEIVE  PEER_HELLO                   node3→node2
7     L=9     [node2 ] SEND     PEER_HELLO_ACK               node2→node3
8     L=13    [node2 ] RECEIVE  PEER_HELLO_ACK               node1→node2
9     L=14    [node2 ] RECEIVE  HEARTBEAT                    node3→node2
10    L=15    [node2 ] SEND     HEARTBEAT                    node2→node3
11    L=16    [node2 ] SEND     HEARTBEAT                    node2→node1
12    L=19    [node2 ] RECEIVE  HEARTBEAT                    node1→node2
13    L=22    [node2 ] RECEIVE  HEARTBEAT                    node3→node2
14    L=24    [node2 ] RECEIVE  ELECTION_COORDINATOR         node3→node2
15    L=25    [node2 ] SEND     HEARTBEAT                    node2→node3
16    L=26    [node2 ] SEND     HEARTBEAT                    node2→node1
17    L=29    [node2 ] RECEIVE  HEARTBEAT                    node1→node2
18    L=32    [node2 ] RECEIVE  HEARTBEAT                    node3→node2
19    L=34    [node2 ] RECEIVE  MUTEX_REQUEST                node3→node2
20    L=35    [node2 ] SEND     MUTEX_REPLY                  node2→node3
21    L=36    [node2 ] SEND     HEARTBEAT                    node2→node3
22    L=37    [node2 ] SEND     HEARTBEAT                    node2→node1
23    L=38    [node2 ] SEND     MUTEX_REQUEST                node2→node3
24    L=38    [node2 ] SEND     MUTEX_REQUEST                node2→node1
25    L=41    [node2 ] RECEIVE  MUTEX_REPLY                  node1→node2
26    L=42    [node2 ] RECEIVE  MUTEX_REPLY                  node3→node2
27    L=43    [node2 ] RECEIVE  HEARTBEAT                    node1→node2
28    L=44    [node2 ] RECEIVE  MUTEX_REQUEST                node1→node2
29    L=45    [node2 ] SEND     MUTEX_REPLY                  node2→node1
30    L=47    [node2 ] RECEIVE  HEARTBEAT                    node3→node2
31    L=48    [node2 ] SEND     HEARTBEAT                    node2→node3
32    L=49    [node2 ] SEND     HEARTBEAT                    node2→node1
33    L=52    [node2 ] RECEIVE  HEARTBEAT                    node1→node2
34    L=55    [node2 ] RECEIVE  HEARTBEAT                    node3→node2
35    L=56    [node2 ] SEND     HEARTBEAT                    node2→node3
36    L=57    [node2 ] SEND     HEARTBEAT                    node2→node1
37    L=60    [node2 ] RECEIVE  HEARTBEAT                    node1→node2
38    L=63    [node2 ] RECEIVE  HEARTBEAT                    node3→node2
39    L=64    [node2 ] SEND     HEARTBEAT                    node2→node3
40    L=65    [node2 ] SEND     HEARTBEAT                    node2→node1
41    L=68    [node2 ] RECEIVE  HEARTBEAT                    node1→node2
42    L=71    [node2 ] RECEIVE  HEARTBEAT                    node3→node2
43    L=72    [node2 ] SEND     HEARTBEAT                    node2→node3
44    L=73    [node2 ] SEND     HEARTBEAT                    node2→node1
45    L=76    [node2 ] RECEIVE  HEARTBEAT                    node1→node2
46    L=79    [node2 ] RECEIVE  HEARTBEAT                    node3→node2
47    L=80    [node2 ] SEND     HEARTBEAT                    node2→node3
48    L=81    [node2 ] SEND     HEARTBEAT                    node2→node1
49    L=84    [node2 ] RECEIVE  HEARTBEAT                    node1→node2
50    L=87    [node2 ] RECEIVE  HEARTBEAT                    node3→node2
51    L=88    [node2 ] SEND     HEARTBEAT                    node2→node3
52    L=89    [node2 ] SEND     HEARTBEAT                    node2→node1
53    L=92    [node2 ] RECEIVE  HEARTBEAT                    node1→node2
54    L=95    [node2 ] RECEIVE  HEARTBEAT                    node3→node2
55    L=96    [node2 ] SEND     HEARTBEAT                    node2→node3
56    L=97    [node2 ] SEND     HEARTBEAT                    node2→node1
57    L=100   [node2 ] RECEIVE  HEARTBEAT                    node1→node2
58    L=103   [node2 ] RECEIVE  HEARTBEAT                    node3→node2
59    L=104   [node2 ] SEND     HEARTBEAT                    node2→node3
60    L=105   [node2 ] SEND     HEARTBEAT                    node2→node1
61    L=108   [node2 ] RECEIVE  HEARTBEAT                    node1→node2
62    L=111   [node2 ] RECEIVE  HEARTBEAT                    node3→node2
63    L=112   [node2 ] SEND     HEARTBEAT                    node2→node3
64    L=113   [node2 ] SEND     HEARTBEAT                    node2→node1
65    L=116   [node2 ] RECEIVE  HEARTBEAT                    node1→node2
66    L=119   [node2 ] RECEIVE  HEARTBEAT                    node3→node2
67    L=120   [node2 ] SEND     HEARTBEAT                    node2→node3
68    L=121   [node2 ] SEND     HEARTBEAT                    node2→node1
69    L=124   [node2 ] RECEIVE  HEARTBEAT                    node1→node2
70    L=127   [node2 ] RECEIVE  HEARTBEAT                    node3→node2
71    L=128   [node2 ] SEND     HEARTBEAT                    node2→node3
72    L=129   [node2 ] SEND     HEARTBEAT                    node2→node1
73    L=132   [node2 ] RECEIVE  HEARTBEAT                    node1→node2
74    L=135   [node2 ] RECEIVE  HEARTBEAT                    node3→node2
75    L=136   [node2 ] SEND     HEARTBEAT                    node2→node3
76    L=137   [node2 ] SEND     HEARTBEAT                    node2→node1
77    L=140   [node2 ] RECEIVE  HEARTBEAT                    node1→node2
78    L=143   [node2 ] RECEIVE  HEARTBEAT                    node3→node2
79    L=144   [node2 ] SEND     HEARTBEAT                    node2→node3
80    L=145   [node2 ] SEND     HEARTBEAT                    node2→node1
81    L=148   [node2 ] RECEIVE  HEARTBEAT                    node1→node2
82    L=151   [node2 ] RECEIVE  HEARTBEAT                    node3→node2
83    L=152   [node2 ] SEND     HEARTBEAT                    node2→node3
84    L=153   [node2 ] SEND     HEARTBEAT                    node2→node1
85    L=156   [node2 ] RECEIVE  HEARTBEAT                    node1→node2
86    L=159   [node2 ] RECEIVE  HEARTBEAT                    node3→node2
87    L=160   [node2 ] SEND     HEARTBEAT                    node2→node3
88    L=161   [node2 ] SEND     HEARTBEAT                    node2→node1
89    L=164   [node2 ] RECEIVE  HEARTBEAT                    node1→node2
90    L=167   [node2 ] RECEIVE  HEARTBEAT                    node3→node2
91    L=168   [node2 ] SEND     HEARTBEAT                    node2→node3
92    L=169   [node2 ] SEND     HEARTBEAT                    node2→node1
93    L=172   [node2 ] RECEIVE  HEARTBEAT                    node1→node2
94    L=175   [node2 ] RECEIVE  HEARTBEAT                    node3→node2
95    L=176   [node2 ] SEND     HEARTBEAT                    node2→node3
96    L=177   [node2 ] SEND     HEARTBEAT                    node2→node1
97    L=180   [node2 ] RECEIVE  HEARTBEAT                    node1→node2
98    L=183   [node2 ] RECEIVE  HEARTBEAT                    node3→node2
99    L=184   [node2 ] SEND     HEARTBEAT                    node2→node3
100   L=185   [node2 ] SEND     HEARTBEAT                    node2→node1
101   L=188   [node2 ] RECEIVE  HEARTBEAT                    node1→node2
102   L=191   [node2 ] RECEIVE  HEARTBEAT                    node3→node2
103   L=192   [node2 ] SEND     HEARTBEAT                    node2→node3
104   L=193   [node2 ] SEND     HEARTBEAT                    node2→node1
105   L=196   [node2 ] RECEIVE  HEARTBEAT                    node1→node2
106   L=199   [node2 ] RECEIVE  HEARTBEAT                    node3→node2
107   L=200   [node2 ] SEND     HEARTBEAT                    node2→node3
108   L=201   [node2 ] SEND     HEARTBEAT                    node2→node1
109   L=204   [node2 ] RECEIVE  HEARTBEAT                    node1→node2
110   L=207   [node2 ] RECEIVE  HEARTBEAT                    node3→node2
111   L=208   [node2 ] SEND     HEARTBEAT                    node2→node3
112   L=209   [node2 ] SEND     HEARTBEAT                    node2→node1
113   L=212   [node2 ] RECEIVE  HEARTBEAT                    node1→node2
114   L=215   [node2 ] RECEIVE  HEARTBEAT                    node3→node2
115   L=216   [node2 ] SEND     HEARTBEAT                    node2→node3
116   L=217   [node2 ] SEND     HEARTBEAT                    node2→node1
117   L=220   [node2 ] RECEIVE  HEARTBEAT                    node1→node2
118   L=223   [node2 ] RECEIVE  HEARTBEAT                    node3→node2
119   L=224   [node2 ] SEND     HEARTBEAT                    node2→node3
120   L=225   [node2 ] SEND     HEARTBEAT                    node2→node1
121   L=228   [node2 ] RECEIVE  HEARTBEAT                    node1→node2
122   L=231   [node2 ] RECEIVE  HEARTBEAT                    node3→node2
123   L=232   [node2 ] SEND     HEARTBEAT                    node2→node3
124   L=233   [node2 ] SEND     HEARTBEAT                    node2→node1
125   L=236   [node2 ] RECEIVE  HEARTBEAT                    node1→node2
126   L=239   [node2 ] RECEIVE  HEARTBEAT                    node3→node2
127   L=240   [node2 ] SEND     HEARTBEAT                    node2→node3
128   L=241   [node2 ] SEND     HEARTBEAT                    node2→node1
129   L=244   [node2 ] RECEIVE  HEARTBEAT                    node1→node2
130   L=247   [node2 ] RECEIVE  HEARTBEAT                    node3→node2
131   L=248   [node2 ] SEND     HEARTBEAT                    node2→node3
132   L=249   [node2 ] SEND     HEARTBEAT                    node2→node1
133   L=252   [node2 ] RECEIVE  HEARTBEAT                    node1→node2
134   L=255   [node2 ] RECEIVE  HEARTBEAT                    node3→node2
135   L=256   [node2 ] SEND     HEARTBEAT                    node2→node3
136   L=257   [node2 ] SEND     HEARTBEAT                    node2→node1
137   L=260   [node2 ] RECEIVE  HEARTBEAT                    node1→node2
138   L=263   [node2 ] RECEIVE  HEARTBEAT                    node3→node2
139   L=264   [node2 ] SEND     HEARTBEAT                    node2→node3
140   L=265   [node2 ] SEND     HEARTBEAT                    node2→node1
141   L=268   [node2 ] RECEIVE  HEARTBEAT                    node1→node2
142   L=271   [node2 ] RECEIVE  HEARTBEAT                    node3→node2
143   L=272   [node2 ] SEND     HEARTBEAT                    node2→node3
144   L=273   [node2 ] SEND     HEARTBEAT                    node2→node1
145   L=276   [node2 ] RECEIVE  HEARTBEAT                    node1→node2
146   L=279   [node2 ] RECEIVE  HEARTBEAT                    node3→node2
147   L=280   [node2 ] SEND     HEARTBEAT                    node2→node3
148   L=281   [node2 ] SEND     HEARTBEAT                    node2→node1
149   L=284   [node2 ] RECEIVE  HEARTBEAT                    node1→node2
150   L=287   [node2 ] RECEIVE  HEARTBEAT                    node3→node2
151   L=288   [node2 ] SEND     HEARTBEAT                    node2→node3
152   L=289   [node2 ] SEND     HEARTBEAT                    node2→node1
153   L=292   [node2 ] RECEIVE  HEARTBEAT                    node1→node2
154   L=295   [node2 ] RECEIVE  HEARTBEAT                    node3→node2
155   L=296   [node2 ] SEND     HEARTBEAT                    node2→node3
156   L=297   [node2 ] SEND     HEARTBEAT                    node2→node1
157   L=300   [node2 ] RECEIVE  HEARTBEAT                    node1→node2
158   L=303   [node2 ] RECEIVE  HEARTBEAT                    node3→node2
159   L=304   [node2 ] SEND     HEARTBEAT                    node2→node3
160   L=305   [node2 ] SEND     HEARTBEAT                    node2→node1
161   L=308   [node2 ] RECEIVE  HEARTBEAT                    node1→node2
162   L=311   [node2 ] RECEIVE  HEARTBEAT                    node3→node2
163   L=312   [node2 ] SEND     HEARTBEAT                    node2→node3
164   L=313   [node2 ] SEND     HEARTBEAT                    node2→node1
165   L=316   [node2 ] RECEIVE  HEARTBEAT                    node1→node2
166   L=319   [node2 ] RECEIVE  HEARTBEAT                    node3→node2
167   L=320   [node2 ] SEND     HEARTBEAT                    node2→node3
168   L=321   [node2 ] SEND     HEARTBEAT                    node2→node1
169   L=324   [node2 ] RECEIVE  HEARTBEAT                    node1→node2
170   L=327   [node2 ] RECEIVE  HEARTBEAT                    node3→node2
171   L=328   [node2 ] SEND     HEARTBEAT                    node2→node3
172   L=329   [node2 ] SEND     HEARTBEAT                    node2→node1
173   L=332   [node2 ] RECEIVE  HEARTBEAT                    node1→node2
174   L=335   [node2 ] RECEIVE  HEARTBEAT                    node3→node2
175   L=336   [node2 ] SEND     HEARTBEAT                    node2→node3
176   L=337   [node2 ] SEND     HEARTBEAT                    node2→node1
177   L=340   [node2 ] RECEIVE  HEARTBEAT                    node1→node2
178   L=343   [node2 ] RECEIVE  HEARTBEAT                    node3→node2
179   L=344   [node2 ] SEND     HEARTBEAT                    node2→node3
180   L=345   [node2 ] SEND     HEARTBEAT                    node2→node1
181   L=348   [node2 ] RECEIVE  HEARTBEAT                    node1→node2
182   L=351   [node2 ] RECEIVE  HEARTBEAT                    node3→node2
183   L=352   [node2 ] SEND     HEARTBEAT                    node2→node3
184   L=353   [node2 ] SEND     HEARTBEAT                    node2→node1
185   L=356   [node2 ] RECEIVE  HEARTBEAT                    node1→node2
186   L=359   [node2 ] RECEIVE  HEARTBEAT                    node3→node2
187   L=360   [node2 ] SEND     HEARTBEAT                    node2→node3
188   L=361   [node2 ] SEND     HEARTBEAT                    node2→node1
189   L=364   [node2 ] RECEIVE  HEARTBEAT                    node1→node2
190   L=367   [node2 ] RECEIVE  HEARTBEAT                    node3→node2
191   L=368   [node2 ] SEND     HEARTBEAT                    node2→node3
192   L=369   [node2 ] SEND     HEARTBEAT                    node2→node1
193   L=372   [node2 ] RECEIVE  HEARTBEAT                    node1→node2
194   L=375   [node2 ] RECEIVE  HEARTBEAT                    node3→node2
195   L=376   [node2 ] SEND     HEARTBEAT                    node2→node3
196   L=377   [node2 ] SEND     HEARTBEAT                    node2→node1
197   L=380   [node2 ] RECEIVE  HEARTBEAT                    node1→node2
198   L=383   [node2 ] RECEIVE  HEARTBEAT                    node3→node2
199   L=384   [node2 ] SEND     HEARTBEAT                    node2→node3
200   L=385   [node2 ] SEND     HEARTBEAT                    node2→node1
201   L=388   [node2 ] RECEIVE  HEARTBEAT                    node1→node2
202   L=391   [node2 ] RECEIVE  HEARTBEAT                    node3→node2
203   L=392   [node2 ] SEND     HEARTBEAT                    node2→node3
204   L=393   [node2 ] SEND     HEARTBEAT                    node2→node1
205   L=396   [node2 ] RECEIVE  HEARTBEAT                    node1→node2
206   L=399   [node2 ] RECEIVE  HEARTBEAT                    node3→node2
207   L=400   [node2 ] SEND     HEARTBEAT                    node2→node3
208   L=401   [node2 ] SEND     HEARTBEAT                    node2→node1
209   L=404   [node2 ] RECEIVE  HEARTBEAT                    node1→node2
210   L=407   [node2 ] RECEIVE  HEARTBEAT                    node3→node2
211   L=408   [node2 ] SEND     HEARTBEAT                    node2→node3
212   L=409   [node2 ] SEND     HEARTBEAT                    node2→node1
213   L=412   [node2 ] RECEIVE  HEARTBEAT                    node1→node2
214   L=415   [node2 ] RECEIVE  HEARTBEAT                    node3→node2
215   L=416   [node2 ] SEND     HEARTBEAT                    node2→node3
216   L=417   [node2 ] SEND     HEARTBEAT                    node2→node1
217   L=420   [node2 ] RECEIVE  USER_LOGIN_ANNOUNCE          node1→node2
218   L=421   [node2 ] RECEIVE  HEARTBEAT                    node1→node2
219   L=424   [node2 ] RECEIVE  HEARTBEAT                    node3→node2
220   L=425   [node2 ] SEND     HEARTBEAT                    node2→node3
221   L=426   [node2 ] SEND     HEARTBEAT                    node2→node1
222   L=429   [node2 ] RECEIVE  HEARTBEAT                    node1→node2
223   L=430   [node2 ] LOCAL    LOGIN                        usuarioB@node2
224   L=433   [node2 ] RECEIVE  HEARTBEAT                    node3→node2
225   L=434   [node2 ] SEND     HEARTBEAT                    node2→node3
226   L=435   [node2 ] SEND     HEARTBEAT                    node2→node1
227   L=438   [node2 ] RECEIVE  HEARTBEAT                    node1→node2
228   L=441   [node2 ] RECEIVE  HEARTBEAT                    node3→node2
229   L=443   [node2 ] RECEIVE  USER_LOGIN_ANNOUNCE          node3→node2
230   L=444   [node2 ] SEND     HEARTBEAT                    node2→node3
231   L=445   [node2 ] SEND     HEARTBEAT                    node2→node1
232   L=448   [node2 ] RECEIVE  HEARTBEAT                    node1→node2
233   L=451   [node2 ] RECEIVE  HEARTBEAT                    node3→node2
234   L=452   [node2 ] SEND     HEARTBEAT                    node2→node3
235   L=453   [node2 ] SEND     HEARTBEAT                    node2→node1
236   L=456   [node2 ] RECEIVE  HEARTBEAT                    node1→node2
237   L=459   [node2 ] RECEIVE  HEARTBEAT                    node3→node2
238   L=460   [node2 ] SEND     HEARTBEAT                    node2→node3
239   L=461   [node2 ] SEND     HEARTBEAT                    node2→node1
240   L=464   [node2 ] RECEIVE  HEARTBEAT                    node1→node2
241   L=467   [node2 ] RECEIVE  HEARTBEAT                    node3→node2
242   L=468   [node2 ] SEND     HEARTBEAT                    node2→node3
243   L=469   [node2 ] SEND     HEARTBEAT                    node2→node1
244   L=472   [node2 ] RECEIVE  APP                          node1→node2
245   L=473   [node2 ] RECEIVE  HEARTBEAT                    node1→node2
246   L=476   [node2 ] RECEIVE  HEARTBEAT                    node3→node2
247   L=477   [node2 ] SEND     HEARTBEAT                    node2→node3
248   L=478   [node2 ] SEND     HEARTBEAT                    node2→node1
249   L=481   [node2 ] RECEIVE  HEARTBEAT                    node1→node2
250   L=484   [node2 ] RECEIVE  HEARTBEAT                    node3→node2
251   L=485   [node2 ] SEND     HEARTBEAT                    node2→node3
252   L=486   [node2 ] SEND     HEARTBEAT                    node2→node1
253   L=489   [node2 ] RECEIVE  HEARTBEAT                    node1→node2
254   L=492   [node2 ] RECEIVE  HEARTBEAT                    node3→node2
255   L=493   [node2 ] SEND     HEARTBEAT                    node2→node3
256   L=494   [node2 ] SEND     HEARTBEAT                    node2→node1
257   L=497   [node2 ] RECEIVE  HEARTBEAT                    node1→node2
258   L=500   [node2 ] RECEIVE  HEARTBEAT                    node3→node2
259   L=501   [node2 ] SEND     HEARTBEAT                    node2→node3
260   L=502   [node2 ] SEND     HEARTBEAT                    node2→node1
261   L=505   [node2 ] RECEIVE  HEARTBEAT                    node1→node2
262   L=508   [node2 ] RECEIVE  HEARTBEAT                    node3→node2
263   L=509   [node2 ] SEND     HEARTBEAT                    node2→node3
264   L=510   [node2 ] SEND     HEARTBEAT                    node2→node1
265   L=511   [node2 ] SEND     MUTEX_REQUEST                node2→node3
266   L=511   [node2 ] SEND     MUTEX_REQUEST                node2→node1
267   L=514   [node2 ] RECEIVE  MUTEX_REPLY                  node1→node2
268   L=515   [node2 ] RECEIVE  MUTEX_REPLY                  node3→node2
269   L=516   [node2 ] SEND     APP_CREATE_GROUP             node2→*
270   L=519   [node2 ] RECEIVE  MUTEX_REQUEST                node1→node2
271   L=520   [node2 ] SEND     MUTEX_REPLY                  node2→node1
272   L=521   [node2 ] RECEIVE  MUTEX_REQUEST                node3→node2
273   L=522   [node2 ] SEND     MUTEX_REPLY                  node2→node3
274   L=526   [node2 ] RECEIVE  HEARTBEAT                    node1→node2
275   L=529   [node2 ] RECEIVE  HEARTBEAT                    node3→node2
276   L=530   [node2 ] SEND     HEARTBEAT                    node2→node3
277   L=531   [node2 ] SEND     HEARTBEAT                    node2→node1
278   L=534   [node2 ] RECEIVE  HEARTBEAT                    node1→node2
279   L=537   [node2 ] RECEIVE  HEARTBEAT                    node3→node2
280   L=538   [node2 ] SEND     HEARTBEAT                    node2→node3
281   L=539   [node2 ] SEND     HEARTBEAT                    node2→node1
282   L=542   [node2 ] RECEIVE  HEARTBEAT                    node1→node2
283   L=545   [node2 ] RECEIVE  MUTEX_REQUEST                node3→node2
284   L=546   [node2 ] SEND     MUTEX_REPLY                  node2→node3
285   L=550   [node2 ] RECEIVE  APP                          node3→node2
286   L=551   [node2 ] SEND     MUTEX_REQUEST                node2→node3
287   L=551   [node2 ] SEND     MUTEX_REQUEST                node2→node1
288   L=552   [node2 ] RECEIVE  MUTEX_REQUEST                node1→node2
289   L=553   [node2 ] SEND     MUTEX_REPLY                  node2→node1
290   L=554   [node2 ] RECEIVE  MUTEX_REPLY                  node3→node2
291   L=559   [node2 ] RECEIVE  MUTEX_REPLY                  node1→node2
292   L=560   [node2 ] RECEIVE  HEARTBEAT                    node3→node2
293   L=561   [node2 ] SEND     HEARTBEAT                    node2→node3
294   L=562   [node2 ] SEND     HEARTBEAT                    node2→node1
295   L=565   [node2 ] RECEIVE  HEARTBEAT                    node1→node2
296   L=567   [node2 ] RECEIVE  MUTEX_REQUEST                node1→node2
297   L=568   [node2 ] SEND     MUTEX_REPLY                  node2→node1
298   L=572   [node2 ] RECEIVE  APP                          node1→node2
299   L=573   [node2 ] SEND     MUTEX_REQUEST                node2→node3
300   L=573   [node2 ] SEND     MUTEX_REQUEST                node2→node1
301   L=574   [node2 ] RECEIVE  MUTEX_REQUEST                node3→node2
302   L=576   [node2 ] RECEIVE  MUTEX_REPLY                  node3→node2
303   L=578   [node2 ] RECEIVE  MUTEX_REPLY                  node1→node2
304   L=579   [node2 ] SEND     MUTEX_REPLY                  node2→node3
305   L=582   [node2 ] RECEIVE  HEARTBEAT                    node3→node2
306   L=583   [node2 ] SEND     HEARTBEAT                    node2→node3
307   L=584   [node2 ] SEND     HEARTBEAT                    node2→node1
308   L=587   [node2 ] RECEIVE  HEARTBEAT                    node1→node2
309   L=590   [node2 ] RECEIVE  HEARTBEAT                    node3→node2
310   L=591   [node2 ] SEND     HEARTBEAT                    node2→node3
311   L=592   [node2 ] SEND     HEARTBEAT                    node2→node1
312   L=595   [node2 ] RECEIVE  HEARTBEAT                    node1→node2
313   L=598   [node2 ] RECEIVE  HEARTBEAT                    node3→node2
314   L=599   [node2 ] SEND     HEARTBEAT                    node2→node3
315   L=600   [node2 ] SEND     HEARTBEAT                    node2→node1
316   L=603   [node2 ] RECEIVE  HEARTBEAT                    node1→node2
317   L=606   [node2 ] RECEIVE  HEARTBEAT                    node3→node2
318   L=607   [node2 ] SEND     HEARTBEAT                    node2→node3
319   L=608   [node2 ] SEND     HEARTBEAT                    node2→node1
320   L=611   [node2 ] RECEIVE  HEARTBEAT                    node1→node2
321   L=614   [node2 ] RECEIVE  HEARTBEAT                    node3→node2
322   L=615   [node2 ] SEND     HEARTBEAT                    node2→node3
323   L=616   [node2 ] SEND     HEARTBEAT                    node2→node1
324   L=619   [node2 ] RECEIVE  HEARTBEAT                    node1→node2
325   L=622   [node2 ] RECEIVE  HEARTBEAT                    node3→node2
326   L=623   [node2 ] SEND     HEARTBEAT                    node2→node3
327   L=624   [node2 ] SEND     HEARTBEAT                    node2→node1
328   L=627   [node2 ] RECEIVE  HEARTBEAT                    node1→node2
329   L=630   [node2 ] RECEIVE  HEARTBEAT                    node3→node2
330   L=631   [node2 ] SEND     HEARTBEAT                    node2→node3
331   L=632   [node2 ] SEND     HEARTBEAT                    node2→node1
332   L=635   [node2 ] RECEIVE  HEARTBEAT                    node1→node2
333   L=638   [node2 ] RECEIVE  HEARTBEAT                    node3→node2
334   L=639   [node2 ] SEND     HEARTBEAT                    node2→node3
335   L=640   [node2 ] SEND     HEARTBEAT                    node2→node1
336   L=643   [node2 ] RECEIVE  HEARTBEAT                    node1→node2
337   L=646   [node2 ] RECEIVE  HEARTBEAT                    node3→node2
338   L=647   [node2 ] SEND     HEARTBEAT                    node2→node3
339   L=648   [node2 ] SEND     HEARTBEAT                    node2→node1
340   L=651   [node2 ] RECEIVE  HEARTBEAT                    node1→node2
341   L=654   [node2 ] RECEIVE  HEARTBEAT                    node3→node2
342   L=655   [node2 ] SEND     HEARTBEAT                    node2→node3
343   L=656   [node2 ] SEND     HEARTBEAT                    node2→node1
344   L=659   [node2 ] RECEIVE  HEARTBEAT                    node1→node2
345   L=662   [node2 ] RECEIVE  HEARTBEAT                    node3→node2
346   L=663   [node2 ] SEND     HEARTBEAT                    node2→node3
347   L=664   [node2 ] SEND     HEARTBEAT                    node2→node1
348   L=667   [node2 ] RECEIVE  HEARTBEAT                    node1→node2
349   L=670   [node2 ] RECEIVE  HEARTBEAT                    node3→node2
350   L=671   [node2 ] SEND     HEARTBEAT                    node2→node3
351   L=672   [node2 ] SEND     HEARTBEAT                    node2→node1
352   L=675   [node2 ] RECEIVE  HEARTBEAT                    node1→node2
353   L=678   [node2 ] RECEIVE  HEARTBEAT                    node3→node2
354   L=679   [node2 ] SEND     HEARTBEAT                    node2→node3
355   L=680   [node2 ] SEND     HEARTBEAT                    node2→node1
356   L=683   [node2 ] RECEIVE  HEARTBEAT                    node1→node2
357   L=686   [node2 ] RECEIVE  HEARTBEAT                    node3→node2
358   L=687   [node2 ] SEND     HEARTBEAT                    node2→node3
359   L=688   [node2 ] SEND     HEARTBEAT                    node2→node1
360   L=691   [node2 ] RECEIVE  HEARTBEAT                    node1→node2
361   L=694   [node2 ] RECEIVE  HEARTBEAT                    node3→node2
362   L=695   [node2 ] SEND     HEARTBEAT                    node2→node3
363   L=696   [node2 ] SEND     HEARTBEAT                    node2→node1
364   L=699   [node2 ] RECEIVE  HEARTBEAT                    node1→node2
365   L=702   [node2 ] RECEIVE  HEARTBEAT                    node3→node2
366   L=703   [node2 ] SEND     HEARTBEAT                    node2→node3
367   L=704   [node2 ] SEND     HEARTBEAT                    node2→node1
368   L=707   [node2 ] RECEIVE  HEARTBEAT                    node1→node2
369   L=710   [node2 ] RECEIVE  HEARTBEAT                    node3→node2
370   L=711   [node2 ] SEND     HEARTBEAT                    node2→node3
371   L=712   [node2 ] SEND     HEARTBEAT                    node2→node1
372   L=715   [node2 ] RECEIVE  HEARTBEAT                    node1→node2
373   L=718   [node2 ] RECEIVE  HEARTBEAT                    node3→node2
374   L=719   [node2 ] SEND     HEARTBEAT                    node2→node3
375   L=720   [node2 ] SEND     HEARTBEAT                    node2→node1
376   L=723   [node2 ] RECEIVE  HEARTBEAT                    node1→node2
377   L=726   [node2 ] RECEIVE  HEARTBEAT                    node3→node2
378   L=727   [node2 ] SEND     HEARTBEAT                    node2→node3
379   L=728   [node2 ] SEND     HEARTBEAT                    node2→node1
380   L=731   [node2 ] RECEIVE  HEARTBEAT                    node1→node2
381   L=734   [node2 ] RECEIVE  HEARTBEAT                    node3→node2
382   L=735   [node2 ] SEND     HEARTBEAT                    node2→node3
383   L=736   [node2 ] SEND     HEARTBEAT                    node2→node1
384   L=739   [node2 ] RECEIVE  HEARTBEAT                    node1→node2
385   L=742   [node2 ] RECEIVE  HEARTBEAT                    node3→node2
386   L=743   [node2 ] SEND     HEARTBEAT                    node2→node3
387   L=744   [node2 ] SEND     HEARTBEAT                    node2→node1
388   L=747   [node2 ] RECEIVE  HEARTBEAT                    node1→node2
389   L=750   [node2 ] RECEIVE  HEARTBEAT                    node3→node2
390   L=751   [node2 ] SEND     HEARTBEAT                    node2→node3
391   L=752   [node2 ] SEND     HEARTBEAT                    node2→node1
392   L=755   [node2 ] RECEIVE  HEARTBEAT                    node1→node2
393   L=758   [node2 ] RECEIVE  HEARTBEAT                    node3→node2
394   L=759   [node2 ] SEND     HEARTBEAT                    node2→node3
395   L=760   [node2 ] SEND     HEARTBEAT                    node2→node1
396   L=763   [node2 ] RECEIVE  HEARTBEAT                    node1→node2
397   L=766   [node2 ] RECEIVE  HEARTBEAT                    node3→node2
398   L=767   [node2 ] SEND     HEARTBEAT                    node2→node3
399   L=768   [node2 ] SEND     HEARTBEAT                    node2→node1
400   L=771   [node2 ] RECEIVE  HEARTBEAT                    node1→node2
401   L=774   [node2 ] RECEIVE  HEARTBEAT                    node3→node2
402   L=775   [node2 ] SEND     HEARTBEAT                    node2→node3
403   L=776   [node2 ] SEND     HEARTBEAT                    node2→node1
404   L=779   [node2 ] RECEIVE  HEARTBEAT                    node1→node2
405   L=782   [node2 ] RECEIVE  HEARTBEAT                    node3→node2
406   L=783   [node2 ] SEND     HEARTBEAT                    node2→node3
407   L=784   [node2 ] SEND     HEARTBEAT                    node2→node1
408   L=787   [node2 ] RECEIVE  HEARTBEAT                    node1→node2
409   L=790   [node2 ] RECEIVE  HEARTBEAT                    node3→node2
410   L=791   [node2 ] SEND     HEARTBEAT                    node2→node3
411   L=792   [node2 ] SEND     HEARTBEAT                    node2→node1
412   L=795   [node2 ] RECEIVE  HEARTBEAT                    node1→node2
413   L=798   [node2 ] RECEIVE  HEARTBEAT                    node3→node2
414   L=799   [node2 ] SEND     HEARTBEAT                    node2→node3
415   L=800   [node2 ] SEND     HEARTBEAT                    node2→node1
416   L=803   [node2 ] RECEIVE  HEARTBEAT                    node1→node2
417   L=806   [node2 ] RECEIVE  HEARTBEAT                    node3→node2
418   L=807   [node2 ] SEND     HEARTBEAT                    node2→node3
419   L=808   [node2 ] SEND     HEARTBEAT                    node2→node1
420   L=811   [node2 ] RECEIVE  HEARTBEAT                    node1→node2
421   L=814   [node2 ] RECEIVE  HEARTBEAT                    node3→node2
422   L=815   [node2 ] SEND     HEARTBEAT                    node2→node3
423   L=816   [node2 ] SEND     HEARTBEAT                    node2→node1
424   L=819   [node2 ] RECEIVE  HEARTBEAT                    node1→node2
425   L=822   [node2 ] RECEIVE  HEARTBEAT                    node3→node2
426   L=823   [node2 ] SEND     HEARTBEAT                    node2→node3
427   L=824   [node2 ] SEND     HEARTBEAT                    node2→node1
428   L=827   [node2 ] RECEIVE  HEARTBEAT                    node1→node2
429   L=830   [node2 ] RECEIVE  HEARTBEAT                    node3→node2
430   L=831   [node2 ] SEND     HEARTBEAT                    node2→node3
431   L=832   [node2 ] SEND     HEARTBEAT                    node2→node1
432   L=835   [node2 ] RECEIVE  HEARTBEAT                    node1→node2
433   L=838   [node2 ] RECEIVE  HEARTBEAT                    node3→node2
434   L=839   [node2 ] SEND     HEARTBEAT                    node2→node3
435   L=840   [node2 ] SEND     HEARTBEAT                    node2→node1
436   L=843   [node2 ] RECEIVE  HEARTBEAT                    node1→node2
437   L=846   [node2 ] RECEIVE  HEARTBEAT                    node3→node2
438   L=847   [node2 ] SEND     HEARTBEAT                    node2→node3
439   L=848   [node2 ] SEND     HEARTBEAT                    node2→node1
440   L=851   [node2 ] RECEIVE  HEARTBEAT                    node1→node2
441   L=854   [node2 ] RECEIVE  HEARTBEAT                    node3→node2
442   L=855   [node2 ] SEND     HEARTBEAT                    node2→node3
443   L=856   [node2 ] SEND     HEARTBEAT                    node2→node1
444   L=859   [node2 ] RECEIVE  HEARTBEAT                    node1→node2
445   L=862   [node2 ] RECEIVE  HEARTBEAT                    node3→node2
446   L=863   [node2 ] SEND     HEARTBEAT                    node2→node3
447   L=864   [node2 ] SEND     HEARTBEAT                    node2→node1
448   L=867   [node2 ] RECEIVE  HEARTBEAT                    node1→node2
449   L=870   [node2 ] RECEIVE  HEARTBEAT                    node3→node2
450   L=871   [node2 ] SEND     HEARTBEAT                    node2→node3
451   L=872   [node2 ] SEND     HEARTBEAT                    node2→node1
452   L=875   [node2 ] RECEIVE  HEARTBEAT                    node1→node2
453   L=878   [node2 ] RECEIVE  HEARTBEAT                    node3→node2
454   L=879   [node2 ] SEND     HEARTBEAT                    node2→node3
455   L=880   [node2 ] SEND     HEARTBEAT                    node2→node1
456   L=883   [node2 ] RECEIVE  HEARTBEAT                    node1→node2
457   L=886   [node2 ] RECEIVE  HEARTBEAT                    node3→node2
458   L=887   [node2 ] SEND     HEARTBEAT                    node2→node3
459   L=888   [node2 ] SEND     HEARTBEAT                    node2→node1
460   L=891   [node2 ] RECEIVE  HEARTBEAT                    node1→node2
461   L=894   [node2 ] RECEIVE  HEARTBEAT                    node3→node2
462   L=895   [node2 ] SEND     HEARTBEAT                    node2→node3
463   L=896   [node2 ] SEND     HEARTBEAT                    node2→node1
464   L=899   [node2 ] RECEIVE  HEARTBEAT                    node1→node2
465   L=902   [node2 ] RECEIVE  HEARTBEAT                    node3→node2
466   L=903   [node2 ] SEND     HEARTBEAT                    node2→node3
467   L=904   [node2 ] SEND     HEARTBEAT                    node2→node1
468   L=907   [node2 ] RECEIVE  HEARTBEAT                    node1→node2
469   L=910   [node2 ] RECEIVE  HEARTBEAT                    node3→node2
470   L=911   [node2 ] SEND     HEARTBEAT                    node2→node3
471   L=912   [node2 ] SEND     HEARTBEAT                    node2→node1
472   L=915   [node2 ] RECEIVE  HEARTBEAT                    node1→node2
473   L=918   [node2 ] RECEIVE  HEARTBEAT                    node3→node2
474   L=919   [node2 ] SEND     HEARTBEAT                    node2→node3
475   L=920   [node2 ] SEND     HEARTBEAT                    node2→node1
476   L=923   [node2 ] RECEIVE  HEARTBEAT                    node1→node2
477   L=926   [node2 ] RECEIVE  HEARTBEAT                    node3→node2
478   L=927   [node2 ] SEND     HEARTBEAT                    node2→node3
479   L=928   [node2 ] SEND     HEARTBEAT                    node2→node1
480   L=931   [node2 ] RECEIVE  HEARTBEAT                    node1→node2
481   L=934   [node2 ] RECEIVE  HEARTBEAT                    node3→node2
482   L=935   [node2 ] SEND     HEARTBEAT                    node2→node3
483   L=936   [node2 ] SEND     HEARTBEAT                    node2→node1
484   L=939   [node2 ] RECEIVE  HEARTBEAT                    node1→node2
485   L=942   [node2 ] RECEIVE  HEARTBEAT                    node3→node2
486   L=943   [node2 ] SEND     HEARTBEAT                    node2→node3
487   L=944   [node2 ] SEND     HEARTBEAT                    node2→node1
488   L=947   [node2 ] RECEIVE  HEARTBEAT                    node1→node2
489   L=950   [node2 ] RECEIVE  HEARTBEAT                    node3→node2
490   L=951   [node2 ] SEND     HEARTBEAT                    node2→node3
491   L=952   [node2 ] SEND     HEARTBEAT                    node2→node1
492   L=955   [node2 ] RECEIVE  HEARTBEAT                    node1→node2
493   L=958   [node2 ] RECEIVE  HEARTBEAT                    node3→node2
494   L=959   [node2 ] SEND     HEARTBEAT                    node2→node3
495   L=960   [node2 ] SEND     HEARTBEAT                    node2→node1
496   L=963   [node2 ] RECEIVE  HEARTBEAT                    node1→node2
497   L=966   [node2 ] RECEIVE  HEARTBEAT                    node3→node2
498   L=967   [node2 ] SEND     HEARTBEAT                    node2→node3
499   L=968   [node2 ] SEND     HEARTBEAT                    node2→node1
500   L=971   [node2 ] RECEIVE  HEARTBEAT                    node1→node2
501   L=974   [node2 ] RECEIVE  HEARTBEAT                    node3→node2
502   L=975   [node2 ] SEND     HEARTBEAT                    node2→node3
503   L=976   [node2 ] SEND     HEARTBEAT                    node2→node1
504   L=979   [node2 ] RECEIVE  HEARTBEAT                    node1→node2
505   L=982   [node2 ] RECEIVE  HEARTBEAT                    node3→node2
506   L=983   [node2 ] SEND     HEARTBEAT                    node2→node3
507   L=984   [node2 ] SEND     HEARTBEAT                    node2→node1
508   L=987   [node2 ] RECEIVE  HEARTBEAT                    node1→node2
509   L=990   [node2 ] RECEIVE  HEARTBEAT                    node3→node2
510   L=991   [node2 ] SEND     HEARTBEAT                    node2→node3
511   L=992   [node2 ] SEND     HEARTBEAT                    node2→node1
512   L=995   [node2 ] RECEIVE  HEARTBEAT                    node1→node2
513   L=998   [node2 ] RECEIVE  HEARTBEAT                    node3→node2
514   L=999   [node2 ] SEND     HEARTBEAT                    node2→node3
515   L=1000  [node2 ] SEND     HEARTBEAT                    node2→node1
516   L=1003  [node2 ] RECEIVE  HEARTBEAT                    node1→node2
517   L=1006  [node2 ] RECEIVE  HEARTBEAT                    node3→node2
518   L=1007  [node2 ] SEND     HEARTBEAT                    node2→node3
519   L=1008  [node2 ] SEND     HEARTBEAT                    node2→node1
520   L=1011  [node2 ] RECEIVE  HEARTBEAT                    node1→node2
521   L=1014  [node2 ] RECEIVE  HEARTBEAT                    node3→node2
522   L=1015  [node2 ] SEND     HEARTBEAT                    node2→node3
523   L=1016  [node2 ] SEND     HEARTBEAT                    node2→node1
524   L=1019  [node2 ] RECEIVE  HEARTBEAT                    node1→node2
525   L=1022  [node2 ] RECEIVE  HEARTBEAT                    node3→node2
526   L=1023  [node2 ] SEND     HEARTBEAT                    node2→node3
527   L=1024  [node2 ] SEND     HEARTBEAT                    node2→node1
528   L=1027  [node2 ] RECEIVE  HEARTBEAT                    node1→node2
529   L=1030  [node2 ] RECEIVE  HEARTBEAT                    node3→node2
530   L=1031  [node2 ] SEND     HEARTBEAT                    node2→node3
531   L=1032  [node2 ] SEND     HEARTBEAT                    node2→node1
532   L=1035  [node2 ] RECEIVE  HEARTBEAT                    node1→node2
533   L=1038  [node2 ] RECEIVE  HEARTBEAT                    node3→node2
534   L=1039  [node2 ] SEND     HEARTBEAT                    node2→node3
535   L=1040  [node2 ] SEND     HEARTBEAT                    node2→node1
536   L=1043  [node2 ] RECEIVE  HEARTBEAT                    node1→node2
537   L=1046  [node2 ] RECEIVE  HEARTBEAT                    node3→node2
538   L=1047  [node2 ] SEND     HEARTBEAT                    node2→node3
539   L=1048  [node2 ] SEND     HEARTBEAT                    node2→node1
540   L=1051  [node2 ] RECEIVE  HEARTBEAT                    node1→node2
541   L=1054  [node2 ] RECEIVE  HEARTBEAT                    node3→node2
542   L=1055  [node2 ] SEND     HEARTBEAT                    node2→node3
543   L=1056  [node2 ] SEND     HEARTBEAT                    node2→node1
544   L=1059  [node2 ] RECEIVE  HEARTBEAT                    node1→node2
545   L=1062  [node2 ] RECEIVE  HEARTBEAT                    node3→node2
546   L=1063  [node2 ] SEND     HEARTBEAT                    node2→node3
547   L=1064  [node2 ] SEND     HEARTBEAT                    node2→node1
548   L=1067  [node2 ] RECEIVE  HEARTBEAT                    node1→node2
549   L=1070  [node2 ] RECEIVE  HEARTBEAT                    node3→node2
550   L=1071  [node2 ] SEND     HEARTBEAT                    node2→node3
551   L=1072  [node2 ] SEND     HEARTBEAT                    node2→node1
552   L=1075  [node2 ] RECEIVE  HEARTBEAT                    node1→node2
553   L=1078  [node2 ] RECEIVE  HEARTBEAT                    node3→node2
554   L=1079  [node2 ] SEND     HEARTBEAT                    node2→node3
555   L=1080  [node2 ] SEND     HEARTBEAT                    node2→node1
556   L=1083  [node2 ] RECEIVE  HEARTBEAT                    node1→node2
557   L=1086  [node2 ] RECEIVE  HEARTBEAT                    node3→node2
558   L=1087  [node2 ] SEND     HEARTBEAT                    node2→node3
559   L=1088  [node2 ] SEND     HEARTBEAT                    node2→node1
560   L=1091  [node2 ] RECEIVE  HEARTBEAT                    node1→node2
561   L=1094  [node2 ] RECEIVE  HEARTBEAT                    node3→node2
562   L=1095  [node2 ] SEND     HEARTBEAT                    node2→node3
563   L=1096  [node2 ] SEND     HEARTBEAT                    node2→node1
564   L=1099  [node2 ] RECEIVE  HEARTBEAT                    node1→node2
565   L=1102  [node2 ] RECEIVE  HEARTBEAT                    node3→node2
566   L=1103  [node2 ] SEND     HEARTBEAT                    node2→node3
567   L=1104  [node2 ] SEND     HEARTBEAT                    node2→node1
568   L=1107  [node2 ] RECEIVE  HEARTBEAT                    node1→node2
569   L=1110  [node2 ] RECEIVE  HEARTBEAT                    node3→node2
570   L=1111  [node2 ] SEND     HEARTBEAT                    node2→node3
571   L=1112  [node2 ] SEND     HEARTBEAT                    node2→node1
572   L=1115  [node2 ] RECEIVE  HEARTBEAT                    node1→node2
573   L=1118  [node2 ] RECEIVE  HEARTBEAT                    node3→node2
574   L=1119  [node2 ] SEND     HEARTBEAT                    node2→node3
575   L=1120  [node2 ] SEND     HEARTBEAT                    node2→node1
576   L=1123  [node2 ] RECEIVE  HEARTBEAT                    node1→node2
577   L=1126  [node2 ] RECEIVE  HEARTBEAT                    node3→node2
578   L=1127  [node2 ] SEND     HEARTBEAT                    node2→node3
579   L=1128  [node2 ] SEND     HEARTBEAT                    node2→node1
580   L=1131  [node2 ] RECEIVE  HEARTBEAT                    node1→node2
581   L=1134  [node2 ] RECEIVE  HEARTBEAT                    node3→node2
582   L=1135  [node2 ] SEND     HEARTBEAT                    node2→node3
583   L=1136  [node2 ] SEND     HEARTBEAT                    node2→node1
584   L=1139  [node2 ] RECEIVE  HEARTBEAT                    node1→node2
585   L=1142  [node2 ] RECEIVE  HEARTBEAT                    node3→node2
586   L=1143  [node2 ] SEND     HEARTBEAT                    node2→node3
587   L=1144  [node2 ] SEND     HEARTBEAT                    node2→node1
588   L=1147  [node2 ] RECEIVE  HEARTBEAT                    node1→node2
589   L=1150  [node2 ] RECEIVE  HEARTBEAT                    node3→node2
590   L=1151  [node2 ] SEND     HEARTBEAT                    node2→node3
591   L=1152  [node2 ] SEND     HEARTBEAT                    node2→node1
592   L=1155  [node2 ] RECEIVE  HEARTBEAT                    node1→node2
593   L=1158  [node2 ] RECEIVE  HEARTBEAT                    node3→node2
594   L=1159  [node2 ] SEND     HEARTBEAT                    node2→node3
595   L=1160  [node2 ] SEND     HEARTBEAT                    node2→node1
596   L=1163  [node2 ] RECEIVE  HEARTBEAT                    node1→node2
597   L=1166  [node2 ] RECEIVE  HEARTBEAT                    node3→node2
598   L=1167  [node2 ] SEND     HEARTBEAT                    node2→node3
599   L=1168  [node2 ] SEND     HEARTBEAT                    node2→node1
600   L=1171  [node2 ] RECEIVE  HEARTBEAT                    node1→node2
601   L=1174  [node2 ] RECEIVE  HEARTBEAT                    node3→node2
602   L=1175  [node2 ] SEND     HEARTBEAT                    node2→node3
603   L=1176  [node2 ] SEND     HEARTBEAT                    node2→node1
604   L=1179  [node2 ] RECEIVE  HEARTBEAT                    node1→node2
605   L=1182  [node2 ] RECEIVE  HEARTBEAT                    node3→node2
606   L=1183  [node2 ] SEND     HEARTBEAT                    node2→node3
607   L=1184  [node2 ] SEND     HEARTBEAT                    node2→node1
608   L=1187  [node2 ] RECEIVE  HEARTBEAT                    node1→node2
609   L=1190  [node2 ] RECEIVE  HEARTBEAT                    node3→node2
610   L=1191  [node2 ] SEND     HEARTBEAT                    node2→node3
611   L=1192  [node2 ] SEND     HEARTBEAT                    node2→node1
612   L=1195  [node2 ] RECEIVE  HEARTBEAT                    node1→node2
613   L=1198  [node2 ] RECEIVE  HEARTBEAT                    node3→node2
614   L=1199  [node2 ] SEND     HEARTBEAT                    node2→node3
615   L=1200  [node2 ] SEND     HEARTBEAT                    node2→node1
616   L=1203  [node2 ] RECEIVE  HEARTBEAT                    node1→node2
617   L=1206  [node2 ] RECEIVE  HEARTBEAT                    node3→node2
618   L=1207  [node2 ] SEND     HEARTBEAT                    node2→node3
619   L=1208  [node2 ] SEND     HEARTBEAT                    node2→node1
620   L=1211  [node2 ] RECEIVE  HEARTBEAT                    node1→node2
621   L=1214  [node2 ] RECEIVE  HEARTBEAT                    node3→node2
622   L=1215  [node2 ] SEND     HEARTBEAT                    node2→node3
623   L=1216  [node2 ] SEND     HEARTBEAT                    node2→node1
624   L=1219  [node2 ] RECEIVE  HEARTBEAT                    node1→node2
625   L=1222  [node2 ] RECEIVE  HEARTBEAT                    node3→node2
626   L=1223  [node2 ] SEND     HEARTBEAT                    node2→node3
627   L=1224  [node2 ] SEND     HEARTBEAT                    node2→node1
628   L=1227  [node2 ] RECEIVE  HEARTBEAT                    node1→node2
629   L=1230  [node2 ] RECEIVE  HEARTBEAT                    node3→node2
630   L=1231  [node2 ] SEND     HEARTBEAT                    node2→node3
631   L=1232  [node2 ] SEND     HEARTBEAT                    node2→node1
632   L=1235  [node2 ] RECEIVE  HEARTBEAT                    node1→node2
633   L=1238  [node2 ] RECEIVE  HEARTBEAT                    node3→node2
634   L=1239  [node2 ] SEND     HEARTBEAT                    node2→node3
635   L=1240  [node2 ] SEND     HEARTBEAT                    node2→node1
636   L=1243  [node2 ] RECEIVE  HEARTBEAT                    node1→node2
637   L=1246  [node2 ] RECEIVE  HEARTBEAT                    node3→node2
638   L=1247  [node2 ] SEND     HEARTBEAT                    node2→node3
639   L=1248  [node2 ] SEND     HEARTBEAT                    node2→node1
640   L=1251  [node2 ] RECEIVE  HEARTBEAT                    node1→node2
641   L=1254  [node2 ] RECEIVE  HEARTBEAT                    node3→node2
642   L=1255  [node2 ] SEND     HEARTBEAT                    node2→node3
643   L=1256  [node2 ] SEND     HEARTBEAT                    node2→node1
644   L=1259  [node2 ] RECEIVE  HEARTBEAT                    node1→node2
645   L=1262  [node2 ] RECEIVE  HEARTBEAT                    node3→node2
646   L=1263  [node2 ] SEND     HEARTBEAT                    node2→node3
647   L=1264  [node2 ] SEND     HEARTBEAT                    node2→node1
648   L=1267  [node2 ] RECEIVE  HEARTBEAT                    node1→node2
649   L=1270  [node2 ] RECEIVE  HEARTBEAT                    node3→node2
650   L=1271  [node2 ] SEND     HEARTBEAT                    node2→node3
651   L=1272  [node2 ] SEND     HEARTBEAT                    node2→node1
652   L=1275  [node2 ] RECEIVE  HEARTBEAT                    node1→node2
653   L=1278  [node2 ] RECEIVE  HEARTBEAT                    node3→node2
654   L=1279  [node2 ] SEND     HEARTBEAT                    node2→node3
655   L=1280  [node2 ] SEND     HEARTBEAT                    node2→node1
656   L=1283  [node2 ] RECEIVE  HEARTBEAT                    node1→node2
657   L=1286  [node2 ] RECEIVE  HEARTBEAT                    node3→node2
658   L=1287  [node2 ] SEND     HEARTBEAT                    node2→node3
659   L=1288  [node2 ] SEND     HEARTBEAT                    node2→node1
660   L=1291  [node2 ] RECEIVE  HEARTBEAT                    node1→node2
661   L=1294  [node2 ] RECEIVE  HEARTBEAT                    node3→node2
662   L=1295  [node2 ] SEND     HEARTBEAT                    node2→node3
663   L=1296  [node2 ] SEND     HEARTBEAT                    node2→node1
664   L=1299  [node2 ] RECEIVE  HEARTBEAT                    node1→node2
665   L=1302  [node2 ] RECEIVE  HEARTBEAT                    node3→node2
666   L=1303  [node2 ] SEND     HEARTBEAT                    node2→node3
667   L=1304  [node2 ] SEND     HEARTBEAT                    node2→node1
668   L=1307  [node2 ] RECEIVE  HEARTBEAT                    node1→node2
669   L=1310  [node2 ] RECEIVE  HEARTBEAT                    node3→node2
670   L=1311  [node2 ] SEND     HEARTBEAT                    node2→node3
671   L=1312  [node2 ] SEND     HEARTBEAT                    node2→node1
672   L=1315  [node2 ] RECEIVE  HEARTBEAT                    node1→node2
673   L=1318  [node2 ] RECEIVE  HEARTBEAT                    node3→node2
674   L=1319  [node2 ] SEND     HEARTBEAT                    node2→node3
675   L=1320  [node2 ] SEND     HEARTBEAT                    node2→node1
676   L=1323  [node2 ] RECEIVE  HEARTBEAT                    node1→node2
677   L=1326  [node2 ] RECEIVE  HEARTBEAT                    node3→node2
678   L=1327  [node2 ] SEND     HEARTBEAT                    node2→node3
679   L=1328  [node2 ] SEND     HEARTBEAT                    node2→node1
680   L=1331  [node2 ] RECEIVE  HEARTBEAT                    node1→node2
681   L=1334  [node2 ] RECEIVE  HEARTBEAT                    node3→node2
682   L=1335  [node2 ] SEND     HEARTBEAT                    node2→node3
683   L=1336  [node2 ] SEND     HEARTBEAT                    node2→node1
684   L=1339  [node2 ] RECEIVE  HEARTBEAT                    node1→node2
685   L=1342  [node2 ] RECEIVE  HEARTBEAT                    node3→node2
686   L=1343  [node2 ] SEND     HEARTBEAT                    node2→node3
687   L=1344  [node2 ] SEND     HEARTBEAT                    node2→node1
688   L=1347  [node2 ] RECEIVE  HEARTBEAT                    node1→node2
689   L=1350  [node2 ] RECEIVE  HEARTBEAT                    node3→node2
690   L=1351  [node2 ] SEND     HEARTBEAT                    node2→node3
691   L=1352  [node2 ] SEND     HEARTBEAT                    node2→node1
692   L=1355  [node2 ] RECEIVE  HEARTBEAT                    node1→node2
693   L=1358  [node2 ] RECEIVE  HEARTBEAT                    node3→node2
694   L=1359  [node2 ] SEND     HEARTBEAT                    node2→node3
695   L=1360  [node2 ] SEND     HEARTBEAT                    node2→node1
696   L=1363  [node2 ] RECEIVE  HEARTBEAT                    node1→node2
697   L=1366  [node2 ] RECEIVE  HEARTBEAT                    node3→node2
698   L=1367  [node2 ] SEND     HEARTBEAT                    node2→node3
699   L=1368  [node2 ] SEND     HEARTBEAT                    node2→node1
700   L=1371  [node2 ] RECEIVE  HEARTBEAT                    node1→node2
701   L=1374  [node2 ] RECEIVE  HEARTBEAT                    node3→node2
702   L=1375  [node2 ] SEND     HEARTBEAT                    node2→node3
703   L=1376  [node2 ] SEND     HEARTBEAT                    node2→node1
704   L=1379  [node2 ] RECEIVE  HEARTBEAT                    node1→node2
705   L=1382  [node2 ] RECEIVE  HEARTBEAT                    node3→node2
706   L=1383  [node2 ] SEND     HEARTBEAT                    node2→node3
707   L=1384  [node2 ] SEND     HEARTBEAT                    node2→node1
708   L=1387  [node2 ] RECEIVE  HEARTBEAT                    node1→node2
709   L=1390  [node2 ] RECEIVE  HEARTBEAT                    node3→node2
710   L=1391  [node2 ] SEND     HEARTBEAT                    node2→node3
711   L=1392  [node2 ] SEND     HEARTBEAT                    node2→node1
712   L=1395  [node2 ] RECEIVE  HEARTBEAT                    node1→node2
713   L=1398  [node2 ] RECEIVE  HEARTBEAT                    node3→node2
714   L=1399  [node2 ] SEND     HEARTBEAT                    node2→node3
715   L=1400  [node2 ] SEND     HEARTBEAT                    node2→node1
716   L=1403  [node2 ] RECEIVE  APP                          node1→node2
717   L=1404  [node2 ] RECEIVE  HEARTBEAT                    node1→node2
718   L=1407  [node2 ] RECEIVE  HEARTBEAT                    node3→node2
719   L=1408  [node2 ] SEND     HEARTBEAT                    node2→node3
720   L=1409  [node2 ] SEND     HEARTBEAT                    node2→node1
721   L=1412  [node2 ] RECEIVE  HEARTBEAT                    node1→node2
722   L=1415  [node2 ] RECEIVE  HEARTBEAT                    node3→node2
723   L=1416  [node2 ] SEND     HEARTBEAT                    node2→node3
724   L=1417  [node2 ] SEND     HEARTBEAT                    node2→node1
725   L=1420  [node2 ] RECEIVE  HEARTBEAT                    node1→node2
726   L=1423  [node2 ] RECEIVE  HEARTBEAT                    node3→node2
727   L=1424  [node2 ] SEND     HEARTBEAT                    node2→node3
728   L=1425  [node2 ] SEND     HEARTBEAT                    node2→node1
729   L=1428  [node2 ] RECEIVE  HEARTBEAT                    node1→node2
730   L=1431  [node2 ] RECEIVE  HEARTBEAT                    node3→node2
731   L=1432  [node2 ] SEND     HEARTBEAT                    node2→node3
732   L=1433  [node2 ] SEND     HEARTBEAT                    node2→node1
733   L=1436  [node2 ] RECEIVE  HEARTBEAT                    node1→node2
734   L=1439  [node2 ] RECEIVE  HEARTBEAT                    node3→node2
735   L=1440  [node2 ] SEND     HEARTBEAT                    node2→node3
736   L=1441  [node2 ] SEND     HEARTBEAT                    node2→node1
737   L=1444  [node2 ] RECEIVE  HEARTBEAT                    node1→node2
738   L=1447  [node2 ] RECEIVE  HEARTBEAT                    node3→node2
739   L=1448  [node2 ] SEND     HEARTBEAT                    node2→node3
740   L=1449  [node2 ] SEND     HEARTBEAT                    node2→node1
741   L=1452  [node2 ] RECEIVE  HEARTBEAT                    node1→node2
742   L=1455  [node2 ] RECEIVE  HEARTBEAT                    node3→node2
743   L=1456  [node2 ] SEND     HEARTBEAT                    node2→node3
744   L=1457  [node2 ] SEND     HEARTBEAT                    node2→node1
745   L=1460  [node2 ] RECEIVE  HEARTBEAT                    node1→node2
746   L=1463  [node2 ] RECEIVE  HEARTBEAT                    node3→node2
747   L=1464  [node2 ] SEND     HEARTBEAT                    node2→node3
748   L=1465  [node2 ] SEND     HEARTBEAT                    node2→node1
749   L=1468  [node2 ] RECEIVE  HEARTBEAT                    node1→node2
750   L=1471  [node2 ] RECEIVE  HEARTBEAT                    node3→node2
751   L=1472  [node2 ] SEND     HEARTBEAT                    node2→node3
752   L=1473  [node2 ] SEND     HEARTBEAT                    node2→node1
753   L=1476  [node2 ] RECEIVE  HEARTBEAT                    node1→node2
754   L=1479  [node2 ] RECEIVE  HEARTBEAT                    node3→node2
755   L=1480  [node2 ] SEND     HEARTBEAT                    node2→node3
756   L=1481  [node2 ] SEND     HEARTBEAT                    node2→node1
757   L=1484  [node2 ] RECEIVE  HEARTBEAT                    node1→node2
758   L=1487  [node2 ] RECEIVE  HEARTBEAT                    node3→node2
759   L=1488  [node2 ] SEND     HEARTBEAT                    node2→node3
760   L=1489  [node2 ] SEND     HEARTBEAT                    node2→node1
761   L=1492  [node2 ] RECEIVE  HEARTBEAT                    node1→node2
762   L=1495  [node2 ] RECEIVE  HEARTBEAT                    node3→node2
763   L=1496  [node2 ] SEND     HEARTBEAT                    node2→node3
764   L=1497  [node2 ] SEND     HEARTBEAT                    node2→node1
765   L=1500  [node2 ] RECEIVE  HEARTBEAT                    node1→node2
766   L=1503  [node2 ] RECEIVE  HEARTBEAT                    node3→node2
767   L=1504  [node2 ] SEND     HEARTBEAT                    node2→node3
768   L=1505  [node2 ] SEND     HEARTBEAT                    node2→node1
769   L=1508  [node2 ] RECEIVE  HEARTBEAT                    node1→node2
770   L=1511  [node2 ] RECEIVE  HEARTBEAT                    node3→node2
771   L=1512  [node2 ] SEND     HEARTBEAT                    node2→node3
772   L=1513  [node2 ] SEND     HEARTBEAT                    node2→node1
773   L=1516  [node2 ] RECEIVE  HEARTBEAT                    node1→node2
774   L=1519  [node2 ] RECEIVE  HEARTBEAT                    node3→node2
775   L=1520  [node2 ] SEND     HEARTBEAT                    node2→node3
776   L=1521  [node2 ] SEND     HEARTBEAT                    node2→node1
777   L=1524  [node2 ] RECEIVE  HEARTBEAT                    node1→node2
778   L=1527  [node2 ] RECEIVE  HEARTBEAT                    node3→node2
779   L=1528  [node2 ] SEND     HEARTBEAT                    node2→node3
780   L=1529  [node2 ] SEND     HEARTBEAT                    node2→node1
781   L=1532  [node2 ] RECEIVE  HEARTBEAT                    node1→node2
782   L=1535  [node2 ] RECEIVE  HEARTBEAT                    node3→node2
783   L=1536  [node2 ] SEND     HEARTBEAT                    node2→node3
784   L=1537  [node2 ] SEND     HEARTBEAT                    node2→node1
785   L=1540  [node2 ] RECEIVE  HEARTBEAT                    node1→node2
786   L=1543  [node2 ] RECEIVE  HEARTBEAT                    node3→node2
787   L=1544  [node2 ] SEND     HEARTBEAT                    node2→node3
788   L=1545  [node2 ] SEND     HEARTBEAT                    node2→node1
789   L=1548  [node2 ] RECEIVE  HEARTBEAT                    node1→node2
790   L=1551  [node2 ] RECEIVE  HEARTBEAT                    node3→node2
791   L=1552  [node2 ] SEND     HEARTBEAT                    node2→node3
792   L=1553  [node2 ] SEND     HEARTBEAT                    node2→node1
793   L=1556  [node2 ] RECEIVE  HEARTBEAT                    node1→node2
794   L=1559  [node2 ] RECEIVE  HEARTBEAT                    node3→node2
795   L=1560  [node2 ] SEND     HEARTBEAT                    node2→node3
796   L=1561  [node2 ] SEND     HEARTBEAT                    node2→node1
797   L=1564  [node2 ] RECEIVE  HEARTBEAT                    node1→node2
798   L=1567  [node2 ] RECEIVE  HEARTBEAT                    node3→node2
799   L=1568  [node2 ] SEND     HEARTBEAT                    node2→node3
800   L=1569  [node2 ] SEND     HEARTBEAT                    node2→node1
801   L=1572  [node2 ] RECEIVE  HEARTBEAT                    node1→node2
802   L=1575  [node2 ] RECEIVE  HEARTBEAT                    node3→node2
803   L=1576  [node2 ] SEND     HEARTBEAT                    node2→node3
804   L=1577  [node2 ] SEND     HEARTBEAT                    node2→node1
805   L=1580  [node2 ] RECEIVE  HEARTBEAT                    node1→node2
806   L=1583  [node2 ] RECEIVE  HEARTBEAT                    node3→node2
807   L=1584  [node2 ] SEND     HEARTBEAT                    node2→node3
808   L=1585  [node2 ] SEND     HEARTBEAT                    node2→node1
809   L=1588  [node2 ] RECEIVE  HEARTBEAT                    node1→node2
810   L=1591  [node2 ] RECEIVE  HEARTBEAT                    node3→node2
811   L=1592  [node2 ] SEND     HEARTBEAT                    node2→node3
812   L=1593  [node2 ] SEND     HEARTBEAT                    node2→node1
813   L=1596  [node2 ] RECEIVE  HEARTBEAT                    node1→node2
814   L=1599  [node2 ] RECEIVE  HEARTBEAT                    node3→node2
815   L=1600  [node2 ] SEND     HEARTBEAT                    node2→node3
816   L=1601  [node2 ] SEND     HEARTBEAT                    node2→node1
817   L=1604  [node2 ] RECEIVE  HEARTBEAT                    node1→node2
818   L=1607  [node2 ] RECEIVE  HEARTBEAT                    node3→node2
819   L=1608  [node2 ] SEND     HEARTBEAT                    node2→node3
820   L=1609  [node2 ] SEND     HEARTBEAT                    node2→node1
821   L=1612  [node2 ] RECEIVE  HEARTBEAT                    node1→node2
822   L=1615  [node2 ] RECEIVE  HEARTBEAT                    node3→node2
823   L=1616  [node2 ] SEND     HEARTBEAT                    node2→node3
824   L=1617  [node2 ] SEND     HEARTBEAT                    node2→node1
825   L=1620  [node2 ] RECEIVE  HEARTBEAT                    node1→node2
826   L=1623  [node2 ] RECEIVE  HEARTBEAT                    node3→node2
827   L=1624  [node2 ] SEND     HEARTBEAT                    node2→node3
828   L=1625  [node2 ] SEND     HEARTBEAT                    node2→node1
829   L=1628  [node2 ] RECEIVE  HEARTBEAT                    node1→node2
830   L=1631  [node2 ] RECEIVE  HEARTBEAT                    node3→node2
831   L=1632  [node2 ] SEND     HEARTBEAT                    node2→node3
832   L=1633  [node2 ] SEND     HEARTBEAT                    node2→node1
833   L=1636  [node2 ] RECEIVE  HEARTBEAT                    node1→node2
834   L=1639  [node2 ] RECEIVE  HEARTBEAT                    node3→node2
835   L=1640  [node2 ] SEND     HEARTBEAT                    node2→node3
836   L=1641  [node2 ] SEND     HEARTBEAT                    node2→node1
837   L=1644  [node2 ] RECEIVE  HEARTBEAT                    node1→node2
838   L=1647  [node2 ] RECEIVE  HEARTBEAT                    node3→node2
839   L=1648  [node2 ] SEND     HEARTBEAT                    node2→node3
840   L=1649  [node2 ] SEND     HEARTBEAT                    node2→node1
841   L=1652  [node2 ] RECEIVE  HEARTBEAT                    node1→node2
842   L=1655  [node2 ] RECEIVE  HEARTBEAT                    node3→node2
843   L=1656  [node2 ] SEND     HEARTBEAT                    node2→node3
844   L=1657  [node2 ] SEND     HEARTBEAT                    node2→node1
845   L=1660  [node2 ] RECEIVE  HEARTBEAT                    node1→node2
846   L=1663  [node2 ] RECEIVE  HEARTBEAT                    node3→node2
847   L=1664  [node2 ] SEND     HEARTBEAT                    node2→node3
848   L=1665  [node2 ] SEND     HEARTBEAT                    node2→node1
849   L=1668  [node2 ] RECEIVE  HEARTBEAT                    node1→node2
850   L=1669  [node2 ] SEND     HEARTBEAT                    node2→node3
851   L=1670  [node2 ] SEND     HEARTBEAT                    node2→node1
852   L=1673  [node2 ] RECEIVE  HEARTBEAT                    node1→node2
853   L=1674  [node2 ] SEND     HEARTBEAT                    node2→node1
854   L=1677  [node2 ] RECEIVE  HEARTBEAT                    node1→node2
855   L=1678  [node2 ] SEND     HEARTBEAT                    node2→node1
856   L=1681  [node2 ] RECEIVE  HEARTBEAT                    node1→node2
857   L=1682  [node2 ] SEND     HEARTBEAT                    node2→node1
858   L=1685  [node2 ] RECEIVE  HEARTBEAT                    node1→node2
859   L=1686  [node2 ] RECEIVE  ELECTION                     node1→node2
860   L=1687  [node2 ] SEND     ELECTION_OK                  node2→node1
861   L=1688  [node2 ] SEND     ELECTION_COORDINATOR         node2→node1
862   L=1689  [node2 ] SEND     HEARTBEAT                    node2→node1
863   L=1692  [node2 ] RECEIVE  HEARTBEAT                    node1→node2
864   L=1693  [node2 ] SEND     HEARTBEAT                    node2→node1
865   L=1696  [node2 ] RECEIVE  HEARTBEAT                    node1→node2
866   L=1697  [node2 ] SEND     HEARTBEAT                    node2→node1
867   L=1700  [node2 ] RECEIVE  HEARTBEAT                    node1→node2
868   L=1701  [node2 ] SEND     HEARTBEAT                    node2→node1
869   L=1704  [node2 ] RECEIVE  HEARTBEAT                    node1→node2
870   L=1705  [node2 ] SEND     HEARTBEAT                    node2→node1
871   L=1708  [node2 ] RECEIVE  HEARTBEAT                    node1→node2
872   L=1709  [node2 ] SEND     HEARTBEAT                    node2→node1
873   L=1712  [node2 ] RECEIVE  HEARTBEAT                    node1→node2
874   L=1713  [node2 ] SEND     HEARTBEAT                    node2→node1
875   L=1716  [node2 ] RECEIVE  HEARTBEAT                    node1→node2
876   L=1717  [node2 ] SEND     HEARTBEAT                    node2→node1
877   L=1720  [node2 ] RECEIVE  HEARTBEAT                    node1→node2
878   L=1721  [node2 ] SEND     HEARTBEAT                    node2→node1
879   L=1724  [node2 ] RECEIVE  HEARTBEAT                    node1→node2
880   L=1725  [node2 ] SEND     HEARTBEAT                    node2→node1
881   L=1728  [node2 ] RECEIVE  HEARTBEAT                    node1→node2
882   L=1729  [node2 ] SEND     HEARTBEAT                    node2→node1
883   L=1732  [node2 ] RECEIVE  HEARTBEAT                    node1→node2
884   L=1733  [node2 ] SEND     HEARTBEAT                    node2→node1
885   L=1736  [node2 ] RECEIVE  HEARTBEAT                    node1→node2
886   L=1737  [node2 ] SEND     HEARTBEAT                    node2→node1
887   L=1740  [node2 ] RECEIVE  HEARTBEAT                    node1→node2
888   L=1741  [node2 ] SEND     HEARTBEAT                    node2→node1
889   L=1744  [node2 ] RECEIVE  HEARTBEAT                    node1→node2
890   L=1745  [node2 ] SEND     HEARTBEAT                    node2→node1
891   L=1748  [node2 ] RECEIVE  HEARTBEAT                    node1→node2
892   L=1749  [node2 ] SEND     HEARTBEAT                    node2→node1
893   L=1752  [node2 ] RECEIVE  HEARTBEAT                    node1→node2
894   L=1753  [node2 ] SEND     HEARTBEAT                    node2→node1
895   L=1756  [node2 ] RECEIVE  HEARTBEAT                    node1→node2
896   L=1757  [node2 ] SEND     HEARTBEAT                    node2→node1
897   L=1760  [node2 ] RECEIVE  HEARTBEAT                    node1→node2
898   L=1761  [node2 ] SEND     HEARTBEAT                    node2→node1
899   L=1764  [node2 ] RECEIVE  HEARTBEAT                    node1→node2
900   L=1765  [node2 ] SEND     HEARTBEAT                    node2→node1
901   L=1768  [node2 ] RECEIVE  HEARTBEAT                    node1→node2
902   L=1769  [node2 ] SEND     HEARTBEAT                    node2→node1
903   L=1772  [node2 ] RECEIVE  HEARTBEAT                    node1→node2
904   L=1773  [node2 ] SEND     HEARTBEAT                    node2→node1
905   L=1776  [node2 ] RECEIVE  HEARTBEAT                    node1→node2
906   L=1777  [node2 ] SEND     HEARTBEAT                    node2→node1
907   L=1780  [node2 ] RECEIVE  HEARTBEAT                    node1→node2
908   L=1781  [node2 ] SEND     HEARTBEAT                    node2→node1
909   L=1784  [node2 ] RECEIVE  HEARTBEAT                    node1→node2
910   L=1785  [node2 ] SEND     HEARTBEAT                    node2→node1
911   L=1788  [node2 ] RECEIVE  HEARTBEAT                    node1→node2
912   L=1789  [node2 ] SEND     HEARTBEAT                    node2→node1
913   L=1792  [node2 ] RECEIVE  HEARTBEAT                    node1→node2
914   L=1793  [node2 ] SEND     HEARTBEAT                    node2→node1
915   L=1796  [node2 ] RECEIVE  HEARTBEAT                    node1→node2
916   L=1797  [node2 ] SEND     HEARTBEAT                    node2→node1
917   L=1800  [node2 ] RECEIVE  HEARTBEAT                    node1→node2
918   L=1801  [node2 ] RECEIVE  APP                          node1→node2
919   L=1802  [node2 ] SEND     HEARTBEAT                    node2→node1
920   L=1805  [node2 ] RECEIVE  HEARTBEAT                    node1→node2
921   L=1806  [node2 ] SEND     HEARTBEAT                    node2→node1
922   L=1809  [node2 ] RECEIVE  HEARTBEAT                    node1→node2
923   L=1810  [node2 ] SEND     HEARTBEAT                    node2→node1
924   L=1813  [node2 ] RECEIVE  HEARTBEAT                    node1→node2
925   L=1814  [node2 ] SEND     HEARTBEAT                    node2→node1
926   L=1817  [node2 ] RECEIVE  HEARTBEAT                    node1→node2
927   L=1818  [node2 ] SEND     HEARTBEAT                    node2→node1
928   L=1821  [node2 ] RECEIVE  HEARTBEAT                    node1→node2
929   L=1822  [node2 ] SEND     HEARTBEAT                    node2→node1
930   L=1825  [node2 ] RECEIVE  HEARTBEAT                    node1→node2
931   L=1826  [node2 ] SEND     HEARTBEAT                    node2→node1
932   L=1829  [node2 ] RECEIVE  HEARTBEAT                    node1→node2
933   L=1830  [node2 ] SEND     HEARTBEAT                    node2→node1
934   L=1833  [node2 ] RECEIVE  HEARTBEAT                    node1→node2
935   L=1834  [node2 ] SEND     HEARTBEAT                    node2→node1
936   L=1837  [node2 ] RECEIVE  HEARTBEAT                    node1→node2
937   L=1838  [node2 ] SEND     HEARTBEAT                    node2→node1
938   L=1841  [node2 ] RECEIVE  HEARTBEAT                    node1→node2
939   L=1842  [node2 ] SEND     HEARTBEAT                    node2→node1
940   L=1845  [node2 ] RECEIVE  HEARTBEAT                    node1→node2
941   L=1846  [node2 ] SEND     HEARTBEAT                    node2→node1
942   L=1849  [node2 ] RECEIVE  HEARTBEAT                    node1→node2
943   L=1850  [node2 ] SEND     HEARTBEAT                    node2→node1
944   L=1853  [node2 ] RECEIVE  HEARTBEAT                    node1→node2
945   L=1854  [node2 ] SEND     HEARTBEAT                    node2→node1
946   L=1857  [node2 ] RECEIVE  HEARTBEAT                    node1→node2
947   L=1858  [node2 ] SEND     HEARTBEAT                    node2→node1
948   L=1861  [node2 ] RECEIVE  HEARTBEAT                    node1→node2
949   L=1862  [node2 ] SEND     HEARTBEAT                    node2→node1
950   L=1865  [node2 ] RECEIVE  HEARTBEAT                    node1→node2
951   L=1866  [node2 ] SEND     HEARTBEAT                    node2→node1
952   L=1869  [node2 ] RECEIVE  HEARTBEAT                    node1→node2
953   L=1870  [node2 ] SEND     HEARTBEAT                    node2→node1
954   L=1873  [node2 ] RECEIVE  HEARTBEAT                    node1→node2
955   L=1874  [node2 ] SEND     HEARTBEAT                    node2→node1
956   L=1877  [node2 ] RECEIVE  HEARTBEAT                    node1→node2
957   L=1878  [node2 ] SEND     HEARTBEAT                    node2→node1
959   L=1881  [node2 ] RECEIVE  USER_LOGOUT_ANNOUNCE         node1→node2
958   L=1882  [node2 ] RECEIVE  USER_LOGOUT_ANNOUNCE         node1→node2
960   L=1883  [node2 ] RECEIVE  HEARTBEAT                    node1→node2
961   L=1884  [node2 ] SEND     HEARTBEAT                    node2→node1
962   L=1887  [node2 ] RECEIVE  HEARTBEAT                    node1→node2
963   L=1888  [node2 ] SEND     HEARTBEAT                    node2→node1
964   L=1891  [node2 ] RECEIVE  HEARTBEAT                    node1→node2
965   L=1892  [node2 ] SEND     HEARTBEAT                    node2→node1
966   L=1895  [node2 ] RECEIVE  HEARTBEAT                    node1→node2
967   L=1896  [node2 ] SEND     HEARTBEAT                    node2→node1
968   L=1899  [node2 ] RECEIVE  HEARTBEAT                    node1→node2
969   L=1900  [node2 ] SEND     HEARTBEAT                    node2→node1
970   L=1903  [node2 ] RECEIVE  HEARTBEAT                    node1→node2
971   L=1904  [node2 ] SEND     HEARTBEAT                    node2→node1
972   L=1907  [node2 ] RECEIVE  HEARTBEAT                    node1→node2
973   L=1908  [node2 ] SEND     HEARTBEAT                    node2→node1
974   L=1911  [node2 ] RECEIVE  HEARTBEAT                    node1→node2
975   L=1912  [node2 ] SEND     HEARTBEAT                    node2→node1
976   L=1915  [node2 ] RECEIVE  HEARTBEAT                    node1→node2
977   L=1916  [node2 ] SEND     HEARTBEAT                    node2→node1
978   L=1919  [node2 ] RECEIVE  HEARTBEAT                    node1→node2
979   L=1920  [node2 ] SEND     HEARTBEAT                    node2→node1
980   L=1923  [node2 ] RECEIVE  HEARTBEAT                    node1→node2
981   L=1924  [node2 ] LOCAL    LOGOUT                       usuarioB@node2
982   L=1925  [node2 ] LOCAL    LOGOUT                       usuarioB@node2
983   L=1926  [node2 ] SEND     HEARTBEAT                    node2→node1
984   L=1930  [node2 ] RECEIVE  HEARTBEAT                    node1→node2
985   L=1931  [node2 ] SEND     HEARTBEAT                    node2→node1
986   L=1934  [node2 ] RECEIVE  HEARTBEAT                    node1→node2
987   L=1935  [node2 ] SEND     HEARTBEAT                    node2→node1
988   L=1938  [node2 ] RECEIVE  HEARTBEAT                    node1→node2
989   L=1939  [node2 ] SEND     HEARTBEAT                    node2→node1
