LOG DE EVENTOS ORDENADO POR LAMPORT [node3]
SEQ   L       NODO   EVENTO   TIPO                         DETALLE
--------------------------------------------------------------------------------
1     L=1     [node3 ] SEND     PEER_HELLO                   node3→node2
2     L=2     [node3 ] SEND     PEER_HELLO                   node3→node1
3     L=3     [node3 ] RECEIVE  PEER_HELLO                   node2→node3
4     L=4     [node3 ] SEND     PEER_HELLO_ACK               node3→node2
5     L=5     [node3 ] RECEIVE  PEER_HELLO                   node1→node3
6     L=6     [node3 ] SEND     PEER_HELLO_ACK               node3→node1
7     L=10    [node3 ] RECEIVE  PEER_HELLO_ACK               node2→node3
8     L=11    [node3 ] RECEIVE  PEER_HELLO_ACK               node1→node3
9     L=12    [node3 ] SEND     HEARTBEAT                    node3→node2
10    L=13    [node3 ] SEND     HEARTBEAT                    node3→node1
11    L=16    [node3 ] RECEIVE  HEARTBEAT                    node2→node3
12    L=20    [node3 ] RECEIVE  HEARTBEAT                    node1→node3
13    L=21    [node3 ] SEND     HEARTBEAT                    node3→node2
14    L=22    [node3 ] SEND     HEARTBEAT                    node3→node1
15    L=23    [node3 ] SEND     ELECTION_COORDINATOR         node3→node2
16    L=24    [node3 ] SEND     ELECTION_COORDINATOR         node3→node1
17    L=26    [node3 ] RECEIVE  HEARTBEAT                    node2→node3
18    L=30    [node3 ] RECEIVE  HEARTBEAT                    node1→node3
19    L=31    [node3 ] SEND     HEARTBEAT                    node3→node2
20    L=32    [node3 ] SEND     HEARTBEAT                    node3→node1
21    L=33    [node3 ] SEND     MUTEX_REQUEST                node3→node2
22    L=33    [node3 ] SEND     MUTEX_REQUEST                node3→node1
23    L=36    [node3 ] RECEIVE  MUTEX_REPLY                  node2→node3
24    L=37    [node3 ] RECEIVE  MUTEX_REPLY                  node1→node3
25    L=38    [node3 ] RECEIVE  HEARTBEAT                    node2→node3
26    L=39    [node3 ] RECEIVE  MUTEX_REQUEST                node2→node3
27    L=40    [node3 ] SEND     MUTEX_REPLY                  node3→node2
28    L=43    [node3 ] RECEIVE  HEARTBEAT                    node1→node3
29    L=44    [node3 ] RECEIVE  MUTEX_REQUEST                node1→node3
30    L=45    [node3 ] SEND     MUTEX_REPLY                  node3→node1
31    L=46    [node3 ] SEND     HEARTBEAT                    node3→node2
32    L=47    [node3 ] SEND     HEARTBEAT                    node3→node1
33    L=49    [node3 ] RECEIVE  HEARTBEAT                    node2→node3
34    L=53    [node3 ] RECEIVE  HEARTBEAT                    node1→node3
35    L=54    [node3 ] SEND     HEARTBEAT                    node3→node2
36    L=55    [node3 ] SEND     HEARTBEAT                    node3→node1
37    L=57    [node3 ] RECEIVE  HEARTBEAT                    node2→node3
38    L=61    [node3 ] RECEIVE  HEARTBEAT                    node1→node3
39    L=62    [node3 ] SEND     HEARTBEAT                    node3→node2
40    L=63    [node3 ] SEND     HEARTBEAT                    node3→node1
41    L=65    [node3 ] RECEIVE  HEARTBEAT                    node2→node3
42    L=69    [node3 ] RECEIVE  HEARTBEAT                    node1→node3
43    L=70    [node3 ] SEND     HEARTBEAT                    node3→node2
44    L=71    [node3 ] SEND     HEARTBEAT                    node3→node1
45    L=73    [node3 ] RECEIVE  HEARTBEAT                    node2→node3
46    L=77    [node3 ] RECEIVE  HEARTBEAT                    node1→node3
47    L=78    [node3 ] SEND     HEARTBEAT                    node3→node2
48    L=79    [node3 ] SEND     HEARTBEAT                    node3→node1
49    L=81    [node3 ] RECEIVE  HEARTBEAT                    node2→node3
50    L=85    [node3 ] RECEIVE  HEARTBEAT                    node1→node3
51    L=86    [node3 ] SEND     HEARTBEAT                    node3→node2
52    L=87    [node3 ] SEND     HEARTBEAT                    node3→node1
53    L=89    [node3 ] RECEIVE  HEARTBEAT                    node2→node3
54    L=93    [node3 ] RECEIVE  HEARTBEAT                    node1→node3
55    L=94    [node3 ] SEND     HEARTBEAT                    node3→node2
56    L=95    [node3 ] SEND     HEARTBEAT                    node3→node1
57    L=97    [node3 ] RECEIVE  HEARTBEAT                    node2→node3
58    L=101   [node3 ] RECEIVE  HEARTBEAT                    node1→node3
59    L=102   [node3 ] SEND     HEARTBEAT                    node3→node2
60    L=103   [node3 ] SEND     HEARTBEAT                    node3→node1
61    L=105   [node3 ] RECEIVE  HEARTBEAT                    node2→node3
62    L=109   [node3 ] RECEIVE  HEARTBEAT                    node1→node3
63    L=110   [node3 ] SEND     HEARTBEAT                    node3→node2
64    L=111   [node3 ] SEND     HEARTBEAT                    node3→node1
65    L=113   [node3 ] RECEIVE  HEARTBEAT                    node2→node3
66    L=117   [node3 ] RECEIVE  HEARTBEAT                    node1→node3
67    L=118   [node3 ] SEND     HEARTBEAT                    node3→node2
68    L=119   [node3 ] SEND     HEARTBEAT                    node3→node1
69    L=121   [node3 ] RECEIVE  HEARTBEAT                    node2→node3
70    L=125   [node3 ] RECEIVE  HEARTBEAT                    node1→node3
71    L=126   [node3 ] SEND     HEARTBEAT                    node3→node2
72    L=127   [node3 ] SEND     HEARTBEAT                    node3→node1
73    L=129   [node3 ] RECEIVE  HEARTBEAT                    node2→node3
74    L=133   [node3 ] RECEIVE  HEARTBEAT                    node1→node3
75    L=134   [node3 ] SEND     HEARTBEAT                    node3→node2
76    L=135   [node3 ] SEND     HEARTBEAT                    node3→node1
77    L=137   [node3 ] RECEIVE  HEARTBEAT                    node2→node3
78    L=141   [node3 ] RECEIVE  HEARTBEAT                    node1→node3
79    L=142   [node3 ] SEND     HEARTBEAT                    node3→node2
80    L=143   [node3 ] SEND     HEARTBEAT                    node3→node1
81    L=145   [node3 ] RECEIVE  HEARTBEAT                    node2→node3
82    L=149   [node3 ] RECEIVE  HEARTBEAT                    node1→node3
83    L=150   [node3 ] SEND     HEARTBEAT                    node3→node2
84    L=151   [node3 ] SEND     HEARTBEAT                    node3→node1
85    L=153   [node3 ] RECEIVE  HEARTBEAT                    node2→node3
86    L=157   [node3 ] RECEIVE  HEARTBEAT                    node1→node3
87    L=158   [node3 ] SEND     HEARTBEAT                    node3→node2
88    L=159   [node3 ] SEND     HEARTBEAT                    node3→node1
89    L=161   [node3 ] RECEIVE  HEARTBEAT                    node2→node3
90    L=165   [node3 ] RECEIVE  HEARTBEAT                    node1→node3
91    L=166   [node3 ] SEND     HEARTBEAT                    node3→node2
92    L=167   [node3 ] SEND     HEARTBEAT                    node3→node1
93    L=169   [node3 ] RECEIVE  HEARTBEAT                    node2→node3
94    L=173   [node3 ] RECEIVE  HEARTBEAT                    node1→node3
95    L=174   [node3 ] SEND     HEARTBEAT                    node3→node2
96    L=175   [node3 ] SEND     HEARTBEAT                    node3→node1
97    L=177   [node3 ] RECEIVE  HEARTBEAT                    node2→node3
98    L=181   [node3 ] RECEIVE  HEARTBEAT                    node1→node3
99    L=182   [node3 ] SEND     HEARTBEAT                    node3→node2
100   L=183   [node3 ] SEND     HEARTBEAT                    node3→node1
101   L=185   [node3 ] RECEIVE  HEARTBEAT                    node2→node3
102   L=189   [node3 ] RECEIVE  HEARTBEAT                    node1→node3
103   L=190   [node3 ] SEND     HEARTBEAT                    node3→node2
104   L=191   [node3 ] SEND     HEARTBEAT                    node3→node1
105   L=193   [node3 ] RECEIVE  HEARTBEAT                    node2→node3
106   L=197   [node3 ] RECEIVE  HEARTBEAT                    node1→node3
107   L=198   [node3 ] SEND     HEARTBEAT                    node3→node2
108   L=199   [node3 ] SEND     HEARTBEAT                    node3→node1
109   L=201   [node3 ] RECEIVE  HEARTBEAT                    node2→node3
110   L=205   [node3 ] RECEIVE  HEARTBEAT                    node1→node3
111   L=206   [node3 ] SEND     HEARTBEAT                    node3→node2
112   L=207   [node3 ] SEND     HEARTBEAT                    node3→node1
113   L=209   [node3 ] RECEIVE  HEARTBEAT                    node2→node3
114   L=213   [node3 ] RECEIVE  HEARTBEAT                    node1→node3
115   L=214   [node3 ] SEND     HEARTBEAT                    node3→node2
116   L=215   [node3 ] SEND     HEARTBEAT                    node3→node1
117   L=217   [node3 ] RECEIVE  HEARTBEAT                    node2→node3
118   L=221   [node3 ] RECEIVE  HEARTBEAT                    node1→node3
119   L=222   [node3 ] SEND     HEARTBEAT                    node3→node2
120   L=223   [node3 ] SEND     HEARTBEAT                    node3→node1
121   L=225   [node3 ] RECEIVE  HEARTBEAT                    node2→node3
122   L=229   [node3 ] RECEIVE  HEARTBEAT                    node1→node3
123   L=230   [node3 ] SEND     HEARTBEAT                    node3→node2
124   L=231   [node3 ] SEND     HEARTBEAT                    node3→node1
125   L=233   [node3 ] RECEIVE  HEARTBEAT                    node2→node3
126   L=237   [node3 ] RECEIVE  HEARTBEAT                    node1→node3
127   L=238   [node3 ] SEND     HEARTBEAT                    node3→node2
128   L=239   [node3 ] SEND     HEARTBEAT                    node3→node1
129   L=241   [node3 ] RECEIVE  HEARTBEAT                    node2→node3
130   L=245   [node3 ] RECEIVE  HEARTBEAT                    node1→node3
131   L=246   [node3 ] SEND     HEARTBEAT                    node3→node2
132   L=247   [node3 ] SEND     HEARTBEAT                    node3→node1
133   L=249   [node3 ] RECEIVE  HEARTBEAT                    node2→node3
134   L=253   [node3 ] RECEIVE  HEARTBEAT                    node1→node3
135   L=254   [node3 ] SEND     HEARTBEAT                    node3→node2
136   L=255   [node3 ] SEND     HEARTBEAT                    node3→node1
137   L=257   [node3 ] RECEIVE  HEARTBEAT                    node2→node3
138   L=261   [node3 ] RECEIVE  HEARTBEAT                    node1→node3
139   L=262   [node3 ] SEND     HEARTBEAT                    node3→node2
140   L=263   [node3 ] SEND     HEARTBEAT                    node3→node1
141   L=265   [node3 ] RECEIVE  HEARTBEAT                    node2→node3
142   L=269   [node3 ] RECEIVE  HEARTBEAT                    node1→node3
143   L=270   [node3 ] SEND     HEARTBEAT                    node3→node2
144   L=271   [node3 ] SEND     HEARTBEAT                    node3→node1
145   L=273   [node3 ] RECEIVE  HEARTBEAT                    node2→node3
146   L=277   [node3 ] RECEIVE  HEARTBEAT                    node1→node3
147   L=278   [node3 ] SEND     HEARTBEAT                    node3→node2
148   L=279   [node3 ] SEND     HEARTBEAT                    node3→node1
149   L=281   [node3 ] RECEIVE  HEARTBEAT                    node2→node3
150   L=285   [node3 ] RECEIVE  HEARTBEAT                    node1→node3
151   L=286   [node3 ] SEND     HEARTBEAT                    node3→node2
152   L=287   [node3 ] SEND     HEARTBEAT                    node3→node1
153   L=289   [node3 ] RECEIVE  HEARTBEAT                    node2→node3
154   L=293   [node3 ] RECEIVE  HEARTBEAT                    node1→node3
155   L=294   [node3 ] SEND     HEARTBEAT                    node3→node2
156   L=295   [node3 ] SEND     HEARTBEAT                    node3→node1
157   L=297   [node3 ] RECEIVE  HEARTBEAT                    node2→node3
158   L=301   [node3 ] RECEIVE  HEARTBEAT                    node1→node3
159   L=302   [node3 ] SEND     HEARTBEAT                    node3→node2
160   L=303   [node3 ] SEND     HEARTBEAT                    node3→node1
161   L=305   [node3 ] RECEIVE  HEARTBEAT                    node2→node3
162   L=309   [node3 ] RECEIVE  HEARTBEAT                    node1→node3
163   L=310   [node3 ] SEND     HEARTBEAT                    node3→node2
164   L=311   [node3 ] SEND     HEARTBEAT                    node3→node1
165   L=313   [node3 ] RECEIVE  HEARTBEAT                    node2→node3
166   L=317   [node3 ] RECEIVE  HEARTBEAT                    node1→node3
167   L=318   [node3 ] SEND     HEARTBEAT                    node3→node2
168   L=319   [node3 ] SEND     HEARTBEAT                    node3→node1
169   L=321   [node3 ] RECEIVE  HEARTBEAT                    node2→node3
170   L=325   [node3 ] RECEIVE  HEARTBEAT                    node1→node3
171   L=326   [node3 ] SEND     HEARTBEAT                    node3→node2
172   L=327   [node3 ] SEND     HEARTBEAT                    node3→node1
173   L=329   [node3 ] RECEIVE  HEARTBEAT                    node2→node3
174   L=333   [node3 ] RECEIVE  HEARTBEAT                    node1→node3
175   L=334   [node3 ] SEND     HEARTBEAT                    node3→node2
176   L=335   [node3 ] SEND     HEARTBEAT                    node3→node1
177   L=337   [node3 ] RECEIVE  HEARTBEAT                    node2→node3
178   L=341   [node3 ] RECEIVE  HEARTBEAT                    node1→node3
179   L=342   [node3 ] SEND     HEARTBEAT                    node3→node2
180   L=343   [node3 ] SEND     HEARTBEAT                    node3→node1
181   L=345   [node3 ] RECEIVE  HEARTBEAT                    node2→node3
182   L=349   [node3 ] RECEIVE  HEARTBEAT                    node1→node3
183   L=350   [node3 ] SEND     HEARTBEAT                    node3→node2
184   L=351   [node3 ] SEND     HEARTBEAT                    node3→node1
185   L=353   [node3 ] RECEIVE  HEARTBEAT                    node2→node3
186   L=357   [node3 ] RECEIVE  HEARTBEAT                    node1→node3
187   L=358   [node3 ] SEND     HEARTBEAT                    node3→node2
188   L=359   [node3 ] SEND     HEARTBEAT                    node3→node1
189   L=361   [node3 ] RECEIVE  HEARTBEAT                    node2→node3
190   L=365   [node3 ] RECEIVE  HEARTBEAT                    node1→node3
191   L=366   [node3 ] SEND     HEARTBEAT                    node3→node2
192   L=367   [node3 ] SEND     HEARTBEAT                    node3→node1
193   L=369   [node3 ] RECEIVE  HEARTBEAT                    node2→node3
194   L=373   [node3 ] RECEIVE  HEARTBEAT                    node1→node3
195   L=374   [node3 ] SEND     HEARTBEAT                    node3→node2
196   L=375   [node3 ] SEND     HEARTBEAT                    node3→node1
197   L=377   [node3 ] RECEIVE  HEARTBEAT                    node2→node3
198   L=381   [node3 ] RECEIVE  HEARTBEAT                    node1→node3
199   L=382   [node3 ] SEND     HEARTBEAT                    node3→node2
200   L=383   [node3 ] SEND     HEARTBEAT                    node3→node1
201   L=385   [node3 ] RECEIVE  HEARTBEAT                    node2→node3
202   L=389   [node3 ] RECEIVE  HEARTBEAT                    node1→node3
203   L=390   [node3 ] SEND     HEARTBEAT                    node3→node2
204   L=391   [node3 ] SEND     HEARTBEAT                    node3→node1
205   L=393   [node3 ] RECEIVE  HEARTBEAT                    node2→node3
206   L=397   [node3 ] RECEIVE  HEARTBEAT                    node1→node3
207   L=398   [node3 ] SEND     HEARTBEAT                    node3→node2
208   L=399   [node3 ] SEND     HEARTBEAT                    node3→node1
209   L=401   [node3 ] RECEIVE  HEARTBEAT                    node2→node3
210   L=405   [node3 ] RECEIVE  HEARTBEAT                    node1→node3
211   L=406   [node3 ] SEND     HEARTBEAT                    node3→node2
212   L=407   [node3 ] SEND     HEARTBEAT                    node3→node1
213   L=409   [node3 ] RECEIVE  HEARTBEAT                    node2→node3
214   L=413   [node3 ] RECEIVE  HEARTBEAT                    node1→node3
215   L=414   [node3 ] SEND     HEARTBEAT                    node3→node2
216   L=415   [node3 ] SEND     HEARTBEAT                    node3→node1
217   L=417   [node3 ] RECEIVE  HEARTBEAT                    node2→node3
218   L=420   [node3 ] RECEIVE  USER_LOGIN_ANNOUNCE          node1→node3
219   L=422   [node3 ] RECEIVE  HEARTBEAT                    node1→node3
220   L=423   [node3 ] SEND     HEARTBEAT                    node3→node2
221   L=424   [node3 ] SEND     HEARTBEAT                    node3→node1
222   L=426   [node3 ] RECEIVE  HEARTBEAT                    node2→node3
223   L=430   [node3 ] RECEIVE  HEARTBEAT                    node1→node3
224   L=431   [node3 ] RECEIVE  USER_LOGIN_ANNOUNCE          node2→node3
225   L=432   [node3 ] SEND     HEARTBEAT                    node3→node2
226   L=433   [node3 ] SEND     HEARTBEAT                    node3→node1
227   L=435   [node3 ] RECEIVE  HEARTBEAT                    node2→node3
228   L=439   [node3 ] RECEIVE  HEARTBEAT                    node1→node3
229   L=440   [node3 ] SEND     HEARTBEAT                    node3→node2
230   L=441   [node3 ] SEND     HEARTBEAT                    node3→node1
231   L=442   [node3 ] LOCAL    LOGIN                        usuarioC@node3
232   L=445   [node3 ] RECEIVE  HEARTBEAT                    node2→node3
233   L=449   [node3 ] RECEIVE  HEARTBEAT                    node1→node3
234   L=450   [node3 ] SEND     HEARTBEAT                    node3→node2
235   L=451   [node3 ] SEND     HEARTBEAT                    node3→node1
236   L=453   [node3 ] RECEIVE  HEARTBEAT                    node2→node3
237   L=457   [node3 ] RECEIVE  HEARTBEAT                    node1→node3
238   L=458   [node3 ] SEND     HEARTBEAT                    node3→node2
239   L=459   [node3 ] SEND     HEARTBEAT                    node3→node1
240   L=461   [node3 ] RECEIVE  HEARTBEAT                    node2→node3
241   L=465   [node3 ] RECEIVE  HEARTBEAT                    node1→node3
242   L=466   [node3 ] SEND     HEARTBEAT                    node3→node2
243   L=467   [node3 ] SEND     HEARTBEAT                    node3→node1
244   L=469   [node3 ] RECEIVE  HEARTBEAT                    node2→node3
245   L=474   [node3 ] RECEIVE  HEARTBEAT                    node1→node3
246   L=475   [node3 ] SEND     HEARTBEAT                    node3→node2
247   L=476   [node3 ] SEND     HEARTBEAT                    node3→node1
248   L=478   [node3 ] RECEIVE  HEARTBEAT                    node2→node3
249   L=482   [node3 ] RECEIVE  HEARTBEAT                    node1→node3
250   L=483   [node3 ] SEND     HEARTBEAT                    node3→node2
251   L=484   [node3 ] SEND     HEARTBEAT                    node3→node1
252   L=486   [node3 ] RECEIVE  HEARTBEAT                    node2→node3
253   L=490   [node3 ] RECEIVE  HEARTBEAT                    node1→node3
254   L=491   [node3 ] SEND     HEARTBEAT                    node3→node2
255   L=492   [node3 ] SEND     HEARTBEAT                    node3→node1
256   L=494   [node3 ] RECEIVE  HEARTBEAT                    node2→node3
257   L=498   [node3 ] RECEIVE  HEARTBEAT                    node1→node3
258   L=499   [node3 ] SEND     HEARTBEAT                    node3→node2
259   L=500   [node3 ] SEND     HEARTBEAT                    node3→node1
260   L=502   [node3 ] RECEIVE  HEARTBEAT                    node2→node3
261   L=506   [node3 ] RECEIVE  HEARTBEAT                    node1→node3
262   L=507   [node3 ] SEND     HEARTBEAT                    node3→node2
263   L=508   [node3 ] SEND     HEARTBEAT                    node3→node1
264   L=510   [node3 ] RECEIVE  HEARTBEAT                    node2→node3
265   L=512   [node3 ] RECEIVE  MUTEX_REQUEST                node2→node3
266   L=513   [node3 ] SEND     MUTEX_REPLY                  node3→node2
267   L=517   [node3 ] RECEIVE  APP                          node2→node3
268   L=518   [node3 ] SEND     MUTEX_REQUEST                node3→node2
269   L=518   [node3 ] SEND     MUTEX_REQUEST                node3→node1
270   L=519   [node3 ] RECEIVE  MUTEX_REQUEST                node1→node3
271   L=520   [node3 ] SEND     MUTEX_REPLY                  node3→node1
272   L=525   [node3 ] RECEIVE  MUTEX_REPLY                  node1→node3
273   L=526   [node3 ] RECEIVE  MUTEX_REPLY                  node2→node3
274   L=527   [node3 ] RECEIVE  HEARTBEAT                    node1→node3
275   L=528   [node3 ] SEND     HEARTBEAT                    node3→node2
276   L=529   [node3 ] SEND     HEARTBEAT                    node3→node1
277   L=531   [node3 ] RECEIVE  HEARTBEAT                    node2→node3
278   L=535   [node3 ] RECEIVE  HEARTBEAT                    node1→node3
279   L=536   [node3 ] SEND     HEARTBEAT                    node3→node2
280   L=537   [node3 ] SEND     HEARTBEAT                    node3→node1
281   L=539   [node3 ] RECEIVE  HEARTBEAT                    node2→node3
282   L=543   [node3 ] RECEIVE  HEARTBEAT                    node1→node3
283   L=544   [node3 ] SEND     MUTEX_REQUEST                node3→node2
284   L=544   [node3 ] SEND     MUTEX_REQUEST                node3→node1
285   L=547   [node3 ] RECEIVE  MUTEX_REPLY                  node2→node3
286   L=548   [node3 ] RECEIVE  MUTEX_REPLY                  node1→node3
287   L=549   [node3 ] SEND     APP_JOIN_GROUP               node3→*
288   L=552   [node3 ] RECEIVE  MUTEX_REQUEST                node2→node3
289   L=553   [node3 ] SEND     MUTEX_REPLY                  node3→node2
290   L=554   [node3 ] RECEIVE  MUTEX_REQUEST                node1→node3
291   L=555   [node3 ] SEND     MUTEX_REPLY                  node3→node1
292   L=556   [node3 ] SEND     HEARTBEAT                    node3→node2
293   L=557   [node3 ] SEND     HEARTBEAT                    node3→node1
294   L=562   [node3 ] RECEIVE  HEARTBEAT                    node2→node3
295   L=566   [node3 ] RECEIVE  HEARTBEAT                    node1→node3
296   L=567   [node3 ] RECEIVE  MUTEX_REQUEST                node1→node3
297   L=568   [node3 ] SEND     MUTEX_REPLY                  node3→node1
298   L=572   [node3 ] RECEIVE  APP                          node1→node3
299   L=573   [node3 ] SEND     MUTEX_REQUEST                node3→node2
300   L=573   [node3 ] SEND     MUTEX_REQUEST                node3→node1
301   L=574   [node3 ] RECEIVE  MUTEX_REQUEST                node2→node3
302   L=575   [node3 ] SEND     MUTEX_REPLY                  node3→node2
303   L=577   [node3 ] RECEIVE  MUTEX_REPLY                  node1→node3
304   L=580   [node3 ] RECEIVE  MUTEX_REPLY                  node2→node3
305   L=581   [node3 ] SEND     HEARTBEAT                    node3→node2
306   L=582   [node3 ] SEND     HEARTBEAT                    node3→node1
307   L=584   [node3 ] RECEIVE  HEARTBEAT                    node2→node3
308   L=588   [node3 ] RECEIVE  HEARTBEAT                    node1→node3
309   L=589   [node3 ] SEND     HEARTBEAT                    node3→node2
310   L=590   [node3 ] SEND     HEARTBEAT                    node3→node1
311   L=592   [node3 ] RECEIVE  HEARTBEAT                    node2→node3
312   L=596   [node3 ] RECEIVE  HEARTBEAT                    node1→node3
313   L=597   [node3 ] SEND     HEARTBEAT                    node3→node2
314   L=598   [node3 ] SEND     HEARTBEAT                    node3→node1
315   L=600   [node3 ] RECEIVE  HEARTBEAT                    node2→node3
316   L=604   [node3 ] RECEIVE  HEARTBEAT                    node1→node3
317   L=605   [node3 ] SEND     HEARTBEAT                    node3→node2
318   L=606   [node3 ] SEND     HEARTBEAT                    node3→node1
319   L=608   [node3 ] RECEIVE  HEARTBEAT                    node2→node3
320   L=612   [node3 ] RECEIVE  HEARTBEAT                    node1→node3
321   L=613   [node3 ] SEND     HEARTBEAT                    node3→node2
322   L=614   [node3 ] SEND     HEARTBEAT                    node3→node1
323   L=616   [node3 ] RECEIVE  HEARTBEAT                    node2→node3
324   L=620   [node3 ] RECEIVE  HEARTBEAT                    node1→node3
325   L=621   [node3 ] SEND     HEARTBEAT                    node3→node2
326   L=622   [node3 ] SEND     HEARTBEAT                    node3→node1
327   L=624   [node3 ] RECEIVE  HEARTBEAT                    node2→node3
328   L=628   [node3 ] RECEIVE  HEARTBEAT                    node1→node3
329   L=629   [node3 ] SEND     HEARTBEAT                    node3→node2
330   L=630   [node3 ] SEND     HEARTBEAT                    node3→node1
331   L=632   [node3 ] RECEIVE  HEARTBEAT                    node2→node3
332   L=636   [node3 ] RECEIVE  HEARTBEAT                    node1→node3
333   L=637   [node3 ] SEND     HEARTBEAT                    node3→node2
334   L=638   [node3 ] SEND     HEARTBEAT                    node3→node1
335   L=640   [node3 ] RECEIVE  HEARTBEAT                    node2→node3
336   L=644   [node3 ] RECEIVE  HEARTBEAT                    node1→node3
337   L=645   [node3 ] SEND     HEARTBEAT                    node3→node2
338   L=646   [node3 ] SEND     HEARTBEAT                    node3→node1
339   L=648   [node3 ] RECEIVE  HEARTBEAT                    node2→node3
340   L=652   [node3 ] RECEIVE  HEARTBEAT                    node1→node3
341   L=653   [node3 ] SEND     HEARTBEAT                    node3→node2
342   L=654   [node3 ] SEND     HEARTBEAT                    node3→node1
343   L=656   [node3 ] RECEIVE  HEARTBEAT                    node2→node3
344   L=660   [node3 ] RECEIVE  HEARTBEAT                    node1→node3
345   L=661   [node3 ] SEND     HEARTBEAT                    node3→node2
346   L=662   [node3 ] SEND     HEARTBEAT                    node3→node1
347   L=664   [node3 ] RECEIVE  HEARTBEAT                    node2→node3
348   L=668   [node3 ] RECEIVE  HEARTBEAT                    node1→node3
349   L=669   [node3 ] SEND     HEARTBEAT                    node3→node2
350   L=670   [node3 ] SEND     HEARTBEAT                    node3→node1
351   L=672   [node3 ] RECEIVE  HEARTBEAT                    node2→node3
352   L=676   [node3 ] RECEIVE  HEARTBEAT                    node1→node3
353   L=677   [node3 ] SEND     HEARTBEAT                    node3→node2
354   L=678   [node3 ] SEND     HEARTBEAT                    node3→node1
355   L=680   [node3 ] RECEIVE  HEARTBEAT                    node2→node3
356   L=684   [node3 ] RECEIVE  HEARTBEAT                    node1→node3
357   L=685   [node3 ] SEND     HEARTBEAT                    node3→node2
358   L=686   [node3 ] SEND     HEARTBEAT                    node3→node1
359   L=688   [node3 ] RECEIVE  HEARTBEAT                    node2→node3
360   L=692   [node3 ] RECEIVE  HEARTBEAT                    node1→node3
361   L=693   [node3 ] SEND     HEARTBEAT                    node3→node2
362   L=694   [node3 ] SEND     HEARTBEAT                    node3→node1
363   L=696   [node3 ] RECEIVE  HEARTBEAT                    node2→node3
364   L=700   [node3 ] RECEIVE  HEARTBEAT                    node1→node3
365   L=701   [node3 ] SEND     HEARTBEAT                    node3→node2
366   L=702   [node3 ] SEND     HEARTBEAT                    node3→node1
367   L=704   [node3 ] RECEIVE  HEARTBEAT                    node2→node3
368   L=708   [node3 ] RECEIVE  HEARTBEAT                    node1→node3
369   L=709   [node3 ] SEND     HEARTBEAT                    node3→node2
370   L=710   [node3 ] SEND     HEARTBEAT                    node3→node1
371   L=712   [node3 ] RECEIVE  HEARTBEAT                    node2→node3
372   L=716   [node3 ] RECEIVE  HEARTBEAT                    node1→node3
373   L=717   [node3 ] SEND     HEARTBEAT                    node3→node2
374   L=718   [node3 ] SEND     HEARTBEAT                    node3→node1
375   L=720   [node3 ] RECEIVE  HEARTBEAT                    node2→node3
376   L=724   [node3 ] RECEIVE  HEARTBEAT                    node1→node3
377   L=725   [node3 ] SEND     HEARTBEAT                    node3→node2
378   L=726   [node3 ] SEND     HEARTBEAT                    node3→node1
379   L=728   [node3 ] RECEIVE  HEARTBEAT                    node2→node3
380   L=732   [node3 ] RECEIVE  HEARTBEAT                    node1→node3
381   L=733   [node3 ] SEND     HEARTBEAT                    node3→node2
382   L=734   [node3 ] SEND     HEARTBEAT                    node3→node1
383   L=736   [node3 ] RECEIVE  HEARTBEAT                    node2→node3
384   L=740   [node3 ] RECEIVE  HEARTBEAT                    node1→node3
385   L=741   [node3 ] SEND     HEARTBEAT                    node3→node2
386   L=742   [node3 ] SEND     HEARTBEAT                    node3→node1
387   L=744   [node3 ] RECEIVE  HEARTBEAT                    node2→node3
388   L=748   [node3 ] RECEIVE  HEARTBEAT                    node1→node3
389   L=749   [node3 ] SEND     HEARTBEAT                    node3→node2
390   L=750   [node3 ] SEND     HEARTBEAT                    node3→node1
391   L=752   [node3 ] RECEIVE  HEARTBEAT                    node2→node3
392   L=756   [node3 ] RECEIVE  HEARTBEAT                    node1→node3
393   L=757   [node3 ] SEND     HEARTBEAT                    node3→node2
394   L=758   [node3 ] SEND     HEARTBEAT                    node3→node1
395   L=760   [node3 ] RECEIVE  HEARTBEAT                    node2→node3
396   L=764   [node3 ] RECEIVE  HEARTBEAT                    node1→node3
397   L=765   [node3 ] SEND     HEARTBEAT                    node3→node2
398   L=766   [node3 ] SEND     HEARTBEAT                    node3→node1
399   L=768   [node3 ] RECEIVE  HEARTBEAT                    node2→node3
400   L=772   [node3 ] RECEIVE  HEARTBEAT                    node1→node3
401   L=773   [node3 ] SEND     HEARTBEAT                    node3→node2
402   L=774   [node3 ] SEND     HEARTBEAT                    node3→node1
403   L=776   [node3 ] RECEIVE  HEARTBEAT                    node2→node3
404   L=780   [node3 ] RECEIVE  HEARTBEAT                    node1→node3
405   L=781   [node3 ] SEND     HEARTBEAT                    node3→node2
406   L=782   [node3 ] SEND     HEARTBEAT                    node3→node1
407   L=784   [node3 ] RECEIVE  HEARTBEAT                    node2→node3
408   L=788   [node3 ] RECEIVE  HEARTBEAT                    node1→node3
409   L=789   [node3 ] SEND     HEARTBEAT                    node3→node2
410   L=790   [node3 ] SEND     HEARTBEAT                    node3→node1
411   L=792   [node3 ] RECEIVE  HEARTBEAT                    node2→node3
412   L=796   [node3 ] RECEIVE  HEARTBEAT                    node1→node3
413   L=797   [node3 ] SEND     HEARTBEAT                    node3→node2
414   L=798   [node3 ] SEND     HEARTBEAT                    node3→node1
415   L=800   [node3 ] RECEIVE  HEARTBEAT                    node2→node3
416   L=804   [node3 ] RECEIVE  HEARTBEAT                    node1→node3
417   L=805   [node3 ] SEND     HEARTBEAT                    node3→node2
418   L=806   [node3 ] SEND     HEARTBEAT                    node3→node1
419   L=808   [node3 ] RECEIVE  HEARTBEAT                    node2→node3
420   L=812   [node3 ] RECEIVE  HEARTBEAT                    node1→node3
421   L=813   [node3 ] SEND     HEARTBEAT                    node3→node2
422   L=814   [node3 ] SEND     HEARTBEAT                    node3→node1
423   L=816   [node3 ] RECEIVE  HEARTBEAT                    node2→node3
424   L=820   [node3 ] RECEIVE  HEARTBEAT                    node1→node3
425   L=821   [node3 ] SEND     HEARTBEAT                    node3→node2
426   L=822   [node3 ] SEND     HEARTBEAT                    node3→node1
427   L=824   [node3 ] RECEIVE  HEARTBEAT                    node2→node3
428   L=828   [node3 ] RECEIVE  HEARTBEAT                    node1→node3
429   L=829   [node3 ] SEND     HEARTBEAT                    node3→node2
430   L=830   [node3 ] SEND     HEARTBEAT                    node3→node1
431   L=832   [node3 ] RECEIVE  HEARTBEAT                    node2→node3
432   L=836   [node3 ] RECEIVE  HEARTBEAT                    node1→node3
433   L=837   [node3 ] SEND     HEARTBEAT                    node3→node2
434   L=838   [node3 ] SEND     HEARTBEAT                    node3→node1
435   L=840   [node3 ] RECEIVE  HEARTBEAT                    node2→node3
436   L=844   [node3 ] RECEIVE  HEARTBEAT                    node1→node3
437   L=845   [node3 ] SEND     HEARTBEAT                    node3→node2
438   L=846   [node3 ] SEND     HEARTBEAT                    node3→node1
439   L=848   [node3 ] RECEIVE  HEARTBEAT                    node2→node3
440   L=852   [node3 ] RECEIVE  HEARTBEAT                    node1→node3
441   L=853   [node3 ] SEND     HEARTBEAT                    node3→node2
442   L=854   [node3 ] SEND     HEARTBEAT                    node3→node1
443   L=856   [node3 ] RECEIVE  HEARTBEAT                    node2→node3
444   L=860   [node3 ] RECEIVE  HEARTBEAT                    node1→node3
445   L=861   [node3 ] SEND     HEARTBEAT                    node3→node2
446   L=862   [node3 ] SEND     HEARTBEAT                    node3→node1
447   L=864   [node3 ] RECEIVE  HEARTBEAT                    node2→node3
448   L=868   [node3 ] RECEIVE  HEARTBEAT                    node1→node3
449   L=869   [node3 ] SEND     HEARTBEAT                    node3→node2
450   L=870   [node3 ] SEND     HEARTBEAT                    node3→node1
451   L=872   [node3 ] RECEIVE  HEARTBEAT                    node2→node3
452   L=876   [node3 ] RECEIVE  HEARTBEAT                    node1→node3
453   L=877   [node3 ] SEND     HEARTBEAT                    node3→node2
454   L=878   [node3 ] SEND     HEARTBEAT                    node3→node1
455   L=880   [node3 ] RECEIVE  HEARTBEAT                    node2→node3
456   L=884   [node3 ] RECEIVE  HEARTBEAT                    node1→node3
457   L=885   [node3 ] SEND     HEARTBEAT                    node3→node2
458   L=886   [node3 ] SEND     HEARTBEAT                    node3→node1
459   L=888   [node3 ] RECEIVE  HEARTBEAT                    node2→node3
460   L=892   [node3 ] RECEIVE  HEARTBEAT                    node1→node3
461   L=893   [node3 ] SEND     HEARTBEAT                    node3→node2
462   L=894   [node3 ] SEND     HEARTBEAT                    node3→node1
463   L=896   [node3 ] RECEIVE  HEARTBEAT                    node2→node3
464   L=900   [node3 ] RECEIVE  HEARTBEAT                    node1→node3
465   L=901   [node3 ] SEND     HEARTBEAT                    node3→node2
466   L=902   [node3 ] SEND     HEARTBEAT                    node3→node1
467   L=904   [node3 ] RECEIVE  HEARTBEAT                    node2→node3
468   L=908   [node3 ] RECEIVE  HEARTBEAT                    node1→node3
469   L=909   [node3 ] SEND     HEARTBEAT                    node3→node2
470   L=910   [node3 ] SEND     HEARTBEAT                    node3→node1
471   L=912   [node3 ] RECEIVE  HEARTBEAT                    node2→node3
472   L=916   [node3 ] RECEIVE  HEARTBEAT                    node1→node3
473   L=917   [node3 ] SEND     HEARTBEAT                    node3→node2
474   L=918   [node3 ] SEND     HEARTBEAT                    node3→node1
475   L=920   [node3 ] RECEIVE  HEARTBEAT                    node2→node3
476   L=924   [node3 ] RECEIVE  HEARTBEAT                    node1→node3
477   L=925   [node3 ] SEND     HEARTBEAT                    node3→node2
478   L=926   [node3 ] SEND     HEARTBEAT                    node3→node1
479   L=928   [node3 ] RECEIVE  HEARTBEAT                    node2→node3
480   L=932   [node3 ] RECEIVE  HEARTBEAT                    node1→node3
481   L=933   [node3 ] SEND     HEARTBEAT                    node3→node2
482   L=934   [node3 ] SEND     HEARTBEAT                    node3→node1
483   L=936   [node3 ] RECEIVE  HEARTBEAT                    node2→node3
484   L=940   [node3 ] RECEIVE  HEARTBEAT                    node1→node3
485   L=941   [node3 ] SEND     HEARTBEAT                    node3→node2
486   L=942   [node3 ] SEND     HEARTBEAT                    node3→node1
487   L=944   [node3 ] RECEIVE  HEARTBEAT                    node2→node3
488   L=948   [node3 ] RECEIVE  HEARTBEAT                    node1→node3
489   L=949   [node3 ] SEND     HEARTBEAT                    node3→node2
490   L=950   [node3 ] SEND     HEARTBEAT                    node3→node1
491   L=952   [node3 ] RECEIVE  HEARTBEAT                    node2→node3
492   L=956   [node3 ] RECEIVE  HEARTBEAT                    node1→node3
493   L=957   [node3 ] SEND     HEARTBEAT                    node3→node2
494   L=958   [node3 ] SEND     HEARTBEAT                    node3→node1
495   L=960   [node3 ] RECEIVE  HEARTBEAT                    node2→node3
496   L=964   [node3 ] RECEIVE  HEARTBEAT                    node1→node3
497   L=965   [node3 ] SEND     HEARTBEAT                    node3→node2
498   L=966   [node3 ] SEND     HEARTBEAT                    node3→node1
499   L=968   [node3 ] RECEIVE  HEARTBEAT                    node2→node3
500   L=972   [node3 ] RECEIVE  HEARTBEAT                    node1→node3
501   L=973   [node3 ] SEND     HEARTBEAT                    node3→node2
502   L=974   [node3 ] SEND     HEARTBEAT                    node3→node1
503   L=976   [node3 ] RECEIVE  HEARTBEAT                    node2→node3
504   L=980   [node3 ] RECEIVE  HEARTBEAT                    node1→node3
505   L=981   [node3 ] SEND     HEARTBEAT                    node3→node2
506   L=982   [node3 ] SEND     HEARTBEAT                    node3→node1
507   L=984   [node3 ] RECEIVE  HEARTBEAT                    node2→node3
508   L=988   [node3 ] RECEIVE  HEARTBEAT                    node1→node3
509   L=989   [node3 ] SEND     HEARTBEAT                    node3→node2
510   L=990   [node3 ] SEND     HEARTBEAT                    node3→node1
511   L=992   [node3 ] RECEIVE  HEARTBEAT                    node2→node3
512   L=996   [node3 ] RECEIVE  HEARTBEAT                    node1→node3
513   L=997   [node3 ] SEND     HEARTBEAT                    node3→node2
514   L=998   [node3 ] SEND     HEARTBEAT                    node3→node1
515   L=1000  [node3 ] RECEIVE  HEARTBEAT                    node2→node3
516   L=1004  [node3 ] RECEIVE  HEARTBEAT                    node1→node3
517   L=1005  [node3 ] SEND     HEARTBEAT                    node3→node2
518   L=1006  [node3 ] SEND     HEARTBEAT                    node3→node1
519   L=1008  [node3 ] RECEIVE  HEARTBEAT                    node2→node3
520   L=1012  [node3 ] RECEIVE  HEARTBEAT                    node1→node3
521   L=1013  [node3 ] SEND     HEARTBEAT                    node3→node2
522   L=1014  [node3 ] SEND     HEARTBEAT                    node3→node1
523   L=1016  [node3 ] RECEIVE  HEARTBEAT                    node2→node3
524   L=1020  [node3 ] RECEIVE  HEARTBEAT                    node1→node3
525   L=1021  [node3 ] SEND     HEARTBEAT                    node3→node2
526   L=1022  [node3 ] SEND     HEARTBEAT                    node3→node1
527   L=1024  [node3 ] RECEIVE  HEARTBEAT                    node2→node3
528   L=1028  [node3 ] RECEIVE  HEARTBEAT                    node1→node3
529   L=1029  [node3 ] SEND     HEARTBEAT                    node3→node2
530   L=1030  [node3 ] SEND     HEARTBEAT                    node3→node1
531   L=1032  [node3 ] RECEIVE  HEARTBEAT                    node2→node3
532   L=1036  [node3 ] RECEIVE  HEARTBEAT                    node1→node3
533   L=1037  [node3 ] SEND     HEARTBEAT                    node3→node2
534   L=1038  [node3 ] SEND     HEARTBEAT                    node3→node1
535   L=1040  [node3 ] RECEIVE  HEARTBEAT                    node2→node3
536   L=1044  [node3 ] RECEIVE  HEARTBEAT                    node1→node3
537   L=1045  [node3 ] SEND     HEARTBEAT                    node3→node2
538   L=1046  [node3 ] SEND     HEARTBEAT                    node3→node1
539   L=1048  [node3 ] RECEIVE  HEARTBEAT                    node2→node3
540   L=1052  [node3 ] RECEIVE  HEARTBEAT                    node1→node3
541   L=1053  [node3 ] SEND     HEARTBEAT                    node3→node2
542   L=1054  [node3 ] SEND     HEARTBEAT                    node3→node1
543   L=1056  [node3 ] RECEIVE  HEARTBEAT                    node2→node3
544   L=1060  [node3 ] RECEIVE  HEARTBEAT                    node1→node3
545   L=1061  [node3 ] SEND     HEARTBEAT                    node3→node2
546   L=1062  [node3 ] SEND     HEARTBEAT                    node3→node1
547   L=1064  [node3 ] RECEIVE  HEARTBEAT                    node2→node3
548   L=1068  [node3 ] RECEIVE  HEARTBEAT                    node1→node3
549   L=1069  [node3 ] SEND     HEARTBEAT                    node3→node2
550   L=1070  [node3 ] SEND     HEARTBEAT                    node3→node1
551   L=1072  [node3 ] RECEIVE  HEARTBEAT                    node2→node3
552   L=1076  [node3 ] RECEIVE  HEARTBEAT                    node1→node3
553   L=1077  [node3 ] SEND     HEARTBEAT                    node3→node2
554   L=1078  [node3 ] SEND     HEARTBEAT                    node3→node1
555   L=1080  [node3 ] RECEIVE  HEARTBEAT                    node2→node3
556   L=1084  [node3 ] RECEIVE  HEARTBEAT                    node1→node3
557   L=1085  [node3 ] SEND     HEARTBEAT                    node3→node2
558   L=1086  [node3 ] SEND     HEARTBEAT                    node3→node1
559   L=1088  [node3 ] RECEIVE  HEARTBEAT                    node2→node3
560   L=1092  [node3 ] RECEIVE  HEARTBEAT                    node1→node3
561   L=1093  [node3 ] SEND     HEARTBEAT                    node3→node2
562   L=1094  [node3 ] SEND     HEARTBEAT                    node3→node1
563   L=1096  [node3 ] RECEIVE  HEARTBEAT                    node2→node3
564   L=1100  [node3 ] RECEIVE  HEARTBEAT                    node1→node3
565   L=1101  [node3 ] SEND     HEARTBEAT                    node3→node2
566   L=1102  [node3 ] SEND     HEARTBEAT                    node3→node1
567   L=1104  [node3 ] RECEIVE  HEARTBEAT                    node2→node3
568   L=1108  [node3 ] RECEIVE  HEARTBEAT                    node1→node3
569   L=1109  [node3 ] SEND     HEARTBEAT                    node3→node2
570   L=1110  [node3 ] SEND     HEARTBEAT                    node3→node1
571   L=1112  [node3 ] RECEIVE  HEARTBEAT                    node2→node3
572   L=1116  [node3 ] RECEIVE  HEARTBEAT                    node1→node3
573   L=1117  [node3 ] SEND     HEARTBEAT                    node3→node2
574   L=1118  [node3 ] SEND     HEARTBEAT                    node3→node1
575   L=1120  [node3 ] RECEIVE  HEARTBEAT                    node2→node3
576   L=1124  [node3 ] RECEIVE  HEARTBEAT                    node1→node3
577   L=1125  [node3 ] SEND     HEARTBEAT                    node3→node2
578   L=1126  [node3 ] SEND     HEARTBEAT                    node3→node1
579   L=1128  [node3 ] RECEIVE  HEARTBEAT                    node2→node3
580   L=1132  [node3 ] RECEIVE  HEARTBEAT                    node1→node3
581   L=1133  [node3 ] SEND     HEARTBEAT                    node3→node2
582   L=1134  [node3 ] SEND     HEARTBEAT                    node3→node1
583   L=1136  [node3 ] RECEIVE  HEARTBEAT                    node2→node3
584   L=1140  [node3 ] RECEIVE  HEARTBEAT                    node1→node3
585   L=1141  [node3 ] SEND     HEARTBEAT                    node3→node2
586   L=1142  [node3 ] SEND     HEARTBEAT                    node3→node1
587   L=1144  [node3 ] RECEIVE  HEARTBEAT                    node2→node3
588   L=1148  [node3 ] RECEIVE  HEARTBEAT                    node1→node3
589   L=1149  [node3 ] SEND     HEARTBEAT                    node3→node2
590   L=1150  [node3 ] SEND     HEARTBEAT                    node3→node1
591   L=1152  [node3 ] RECEIVE  HEARTBEAT                    node2→node3
592   L=1156  [node3 ] RECEIVE  HEARTBEAT                    node1→node3
593   L=1157  [node3 ] SEND     HEARTBEAT                    node3→node2
594   L=1158  [node3 ] SEND     HEARTBEAT                    node3→node1
595   L=1160  [node3 ] RECEIVE  HEARTBEAT                    node2→node3
596   L=1164  [node3 ] RECEIVE  HEARTBEAT                    node1→node3
597   L=1165  [node3 ] SEND     HEARTBEAT                    node3→node2
598   L=1166  [node3 ] SEND     HEARTBEAT                    node3→node1
599   L=1168  [node3 ] RECEIVE  HEARTBEAT                    node2→node3
600   L=1172  [node3 ] RECEIVE  HEARTBEAT                    node1→node3
601   L=1173  [node3 ] SEND     HEARTBEAT                    node3→node2
602   L=1174  [node3 ] SEND     HEARTBEAT                    node3→node1
603   L=1176  [node3 ] RECEIVE  HEARTBEAT                    node2→node3
604   L=1180  [node3 ] RECEIVE  HEARTBEAT                    node1→node3
605   L=1181  [node3 ] SEND     HEARTBEAT                    node3→node2
606   L=1182  [node3 ] SEND     HEARTBEAT                    node3→node1
607   L=1184  [node3 ] RECEIVE  HEARTBEAT                    node2→node3
608   L=1188  [node3 ] RECEIVE  HEARTBEAT                    node1→node3
609   L=1189  [node3 ] SEND     HEARTBEAT                    node3→node2
610   L=1190  [node3 ] SEND     HEARTBEAT                    node3→node1
611   L=1192  [node3 ] RECEIVE  HEARTBEAT                    node2→node3
612   L=1196  [node3 ] RECEIVE  HEARTBEAT                    node1→node3
613   L=1197  [node3 ] SEND     HEARTBEAT                    node3→node2
614   L=1198  [node3 ] SEND     HEARTBEAT                    node3→node1
615   L=1200  [node3 ] RECEIVE  HEARTBEAT                    node2→node3
616   L=1204  [node3 ] RECEIVE  HEARTBEAT                    node1→node3
617   L=1205  [node3 ] SEND     HEARTBEAT                    node3→node2
618   L=1206  [node3 ] SEND     HEARTBEAT                    node3→node1
619   L=1208  [node3 ] RECEIVE  HEARTBEAT                    node2→node3
620   L=1212  [node3 ] RECEIVE  HEARTBEAT                    node1→node3
621   L=1213  [node3 ] SEND     HEARTBEAT                    node3→node2
622   L=1214  [node3 ] SEND     HEARTBEAT                    node3→node1
623   L=1216  [node3 ] RECEIVE  HEARTBEAT                    node2→node3
624   L=1220  [node3 ] RECEIVE  HEARTBEAT                    node1→node3
625   L=1221  [node3 ] SEND     HEARTBEAT                    node3→node2
626   L=1222  [node3 ] SEND     HEARTBEAT                    node3→node1
627   L=1224  [node3 ] RECEIVE  HEARTBEAT                    node2→node3
628   L=1228  [node3 ] RECEIVE  HEARTBEAT                    node1→node3
629   L=1229  [node3 ] SEND     HEARTBEAT                    node3→node2
630   L=1230  [node3 ] SEND     HEARTBEAT                    node3→node1
631   L=1232  [node3 ] RECEIVE  HEARTBEAT                    node2→node3
632   L=1236  [node3 ] RECEIVE  HEARTBEAT                    node1→node3
633   L=1237  [node3 ] SEND     HEARTBEAT                    node3→node2
634   L=1238  [node3 ] SEND     HEARTBEAT                    node3→node1
635   L=1240  [node3 ] RECEIVE  HEARTBEAT                    node2→node3
636   L=1244  [node3 ] RECEIVE  HEARTBEAT                    node1→node3
637   L=1245  [node3 ] SEND     HEARTBEAT                    node3→node2
638   L=1246  [node3 ] SEND     HEARTBEAT                    node3→node1
639   L=1248  [node3 ] RECEIVE  HEARTBEAT                    node2→node3
640   L=1252  [node3 ] RECEIVE  HEARTBEAT                    node1→node3
641   L=1253  [node3 ] SEND     HEARTBEAT                    node3→node2
642   L=1254  [node3 ] SEND     HEARTBEAT                    node3→node1
643   L=1256  [node3 ] RECEIVE  HEARTBEAT                    node2→node3
644   L=1260  [node3 ] RECEIVE  HEARTBEAT                    node1→node3
645   L=1261  [node3 ] SEND     HEARTBEAT                    node3→node2
646   L=1262  [node3 ] SEND     HEARTBEAT                    node3→node1
647   L=1264  [node3 ] RECEIVE  HEARTBEAT                    node2→node3
648   L=1268  [node3 ] RECEIVE  HEARTBEAT                    node1→node3
649   L=1269  [node3 ] SEND     HEARTBEAT                    node3→node2
650   L=1270  [node3 ] SEND     HEARTBEAT                    node3→node1
651   L=1272  [node3 ] RECEIVE  HEARTBEAT                    node2→node3
652   L=1276  [node3 ] RECEIVE  HEARTBEAT                    node1→node3
653   L=1277  [node3 ] SEND     HEARTBEAT                    node3→node2
654   L=1278  [node3 ] SEND     HEARTBEAT                    node3→node1
655   L=1280  [node3 ] RECEIVE  HEARTBEAT                    node2→node3
656   L=1284  [node3 ] RECEIVE  HEARTBEAT                    node1→node3
657   L=1285  [node3 ] SEND     HEARTBEAT                    node3→node2
658   L=1286  [node3 ] SEND     HEARTBEAT                    node3→node1
659   L=1288  [node3 ] RECEIVE  HEARTBEAT                    node2→node3
660   L=1292  [node3 ] RECEIVE  HEARTBEAT                    node1→node3
661   L=1293  [node3 ] SEND     HEARTBEAT                    node3→node2
662   L=1294  [node3 ] SEND     HEARTBEAT                    node3→node1
663   L=1296  [node3 ] RECEIVE  HEARTBEAT                    node2→node3
664   L=1300  [node3 ] RECEIVE  HEARTBEAT                    node1→node3
665   L=1301  [node3 ] SEND     HEARTBEAT                    node3→node2
666   L=1302  [node3 ] SEND     HEARTBEAT                    node3→node1
667   L=1304  [node3 ] RECEIVE  HEARTBEAT                    node2→node3
668   L=1308  [node3 ] RECEIVE  HEARTBEAT                    node1→node3
669   L=1309  [node3 ] SEND     HEARTBEAT                    node3→node2
670   L=1310  [node3 ] SEND     HEARTBEAT                    node3→node1
671   L=1312  [node3 ] RECEIVE  HEARTBEAT                    node2→node3
672   L=1316  [node3 ] RECEIVE  HEARTBEAT                    node1→node3
673   L=1317  [node3 ] SEND     HEARTBEAT                    node3→node2
674   L=1318  [node3 ] SEND     HEARTBEAT                    node3→node1
675   L=1320  [node3 ] RECEIVE  HEARTBEAT                    node2→node3
676   L=1324  [node3 ] RECEIVE  HEARTBEAT                    node1→node3
677   L=1325  [node3 ] SEND     HEARTBEAT                    node3→node2
678   L=1326  [node3 ] SEND     HEARTBEAT                    node3→node1
679   L=1328  [node3 ] RECEIVE  HEARTBEAT                    node2→node3
680   L=1332  [node3 ] RECEIVE  HEARTBEAT                    node1→node3
681   L=1333  [node3 ] SEND     HEARTBEAT                    node3→node2
682   L=1334  [node3 ] SEND     HEARTBEAT                    node3→node1
683   L=1336  [node3 ] RECEIVE  HEARTBEAT                    node2→node3
684   L=1340  [node3 ] RECEIVE  HEARTBEAT                    node1→node3
685   L=1341  [node3 ] SEND     HEARTBEAT                    node3→node2
686   L=1342  [node3 ] SEND     HEARTBEAT                    node3→node1
687   L=1344  [node3 ] RECEIVE  HEARTBEAT                    node2→node3
688   L=1348  [node3 ] RECEIVE  HEARTBEAT                    node1→node3
689   L=1349  [node3 ] SEND     HEARTBEAT                    node3→node2
690   L=1350  [node3 ] SEND     HEARTBEAT                    node3→node1
691   L=1352  [node3 ] RECEIVE  HEARTBEAT                    node2→node3
692   L=1356  [node3 ] RECEIVE  HEARTBEAT                    node1→node3
693   L=1357  [node3 ] SEND     HEARTBEAT                    node3→node2
694   L=1358  [node3 ] SEND     HEARTBEAT                    node3→node1
695   L=1360  [node3 ] RECEIVE  HEARTBEAT                    node2→node3
696   L=1364  [node3 ] RECEIVE  HEARTBEAT                    node1→node3
697   L=1365  [node3 ] SEND     HEARTBEAT                    node3→node2
698   L=1366  [node3 ] SEND     HEARTBEAT                    node3→node1
699   L=1368  [node3 ] RECEIVE  HEARTBEAT                    node2→node3
700   L=1372  [node3 ] RECEIVE  HEARTBEAT                    node1→node3
701   L=1373  [node3 ] SEND     HEARTBEAT                    node3→node2
702   L=1374  [node3 ] SEND     HEARTBEAT                    node3→node1
703   L=1376  [node3 ] RECEIVE  HEARTBEAT                    node2→node3
704   L=1380  [node3 ] RECEIVE  HEARTBEAT                    node1→node3
705   L=1381  [node3 ] SEND     HEARTBEAT                    node3→node2
706   L=1382  [node3 ] SEND     HEARTBEAT                    node3→node1
707   L=1384  [node3 ] RECEIVE  HEARTBEAT                    node2→node3
708   L=1388  [node3 ] RECEIVE  HEARTBEAT                    node1→node3
709   L=1389  [node3 ] SEND     HEARTBEAT                    node3→node2
710   L=1390  [node3 ] SEND     HEARTBEAT                    node3→node1
711   L=1392  [node3 ] RECEIVE  HEARTBEAT                    node2→node3
712   L=1396  [node3 ] RECEIVE  HEARTBEAT                    node1→node3
713   L=1397  [node3 ] SEND     HEARTBEAT                    node3→node2
714   L=1398  [node3 ] SEND     HEARTBEAT                    node3→node1
715   L=1400  [node3 ] RECEIVE  HEARTBEAT                    node2→node3
716   L=1403  [node3 ] RECEIVE  APP                          node1→node3
717   L=1405  [node3 ] RECEIVE  HEARTBEAT                    node1→node3
718   L=1406  [node3 ] SEND     HEARTBEAT                    node3→node2
719   L=1407  [node3 ] SEND     HEARTBEAT                    node3→node1
720   L=1409  [node3 ] RECEIVE  HEARTBEAT                    node2→node3
721   L=1413  [node3 ] RECEIVE  HEARTBEAT                    node1→node3
722   L=1414  [node3 ] SEND     HEARTBEAT                    node3→node2
723   L=1415  [node3 ] SEND     HEARTBEAT                    node3→node1
724   L=1417  [node3 ] RECEIVE  HEARTBEAT                    node2→node3
725   L=1421  [node3 ] RECEIVE  HEARTBEAT                    node1→node3
726   L=1422  [node3 ] SEND     HEARTBEAT                    node3→node2
727   L=1423  [node3 ] SEND     HEARTBEAT                    node3→node1
728   L=1425  [node3 ] RECEIVE  HEARTBEAT                    node2→node3
729   L=1429  [node3 ] RECEIVE  HEARTBEAT                    node1→node3
730   L=1430  [node3 ] SEND     HEARTBEAT                    node3→node2
731   L=1431  [node3 ] SEND     HEARTBEAT                    node3→node1
732   L=1433  [node3 ] RECEIVE  HEARTBEAT                    node2→node3
733   L=1437  [node3 ] RECEIVE  HEARTBEAT                    node1→node3
734   L=1438  [node3 ] SEND     HEARTBEAT                    node3→node2
735   L=1439  [node3 ] SEND     HEARTBEAT                    node3→node1
736   L=1441  [node3 ] RECEIVE  HEARTBEAT                    node2→node3
737   L=1445  [node3 ] RECEIVE  HEARTBEAT                    node1→node3
738   L=1446  [node3 ] SEND     HEARTBEAT                    node3→node2
739   L=1447  [node3 ] SEND     HEARTBEAT                    node3→node1
740   L=1449  [node3 ] RECEIVE  HEARTBEAT                    node2→node3
741   L=1453  [node3 ] RECEIVE  HEARTBEAT                    node1→node3
742   L=1454  [node3 ] SEND     HEARTBEAT                    node3→node2
743   L=1455  [node3 ] SEND     HEARTBEAT                    node3→node1
744   L=1457  [node3 ] RECEIVE  HEARTBEAT                    node2→node3
745   L=1461  [node3 ] RECEIVE  HEARTBEAT                    node1→node3
746   L=1462  [node3 ] SEND     HEARTBEAT                    node3→node2
747   L=1463  [node3 ] SEND     HEARTBEAT                    node3→node1
748   L=1465  [node3 ] RECEIVE  HEARTBEAT                    node2→node3
749   L=1469  [node3 ] RECEIVE  HEARTBEAT                    node1→node3
750   L=1470  [node3 ] SEND     HEARTBEAT                    node3→node2
751   L=1471  [node3 ] SEND     HEARTBEAT                    node3→node1
752   L=1473  [node3 ] RECEIVE  HEARTBEAT                    node2→node3
753   L=1477  [node3 ] RECEIVE  HEARTBEAT                    node1→node3
754   L=1478  [node3 ] SEND     HEARTBEAT                    node3→node2
755   L=1479  [node3 ] SEND     HEARTBEAT                    node3→node1
756   L=1481  [node3 ] RECEIVE  HEARTBEAT                    node2→node3
757   L=1485  [node3 ] RECEIVE  HEARTBEAT                    node1→node3
758   L=1486  [node3 ] SEND     HEARTBEAT                    node3→node2
759   L=1487  [node3 ] SEND     HEARTBEAT                    node3→node1
760   L=1489  [node3 ] RECEIVE  HEARTBEAT                    node2→node3
761   L=1493  [node3 ] RECEIVE  HEARTBEAT                    node1→node3
762   L=1494  [node3 ] SEND     HEARTBEAT                    node3→node2
763   L=1495  [node3 ] SEND     HEARTBEAT                    node3→node1
764   L=1497  [node3 ] RECEIVE  HEARTBEAT                    node2→node3
765   L=1501  [node3 ] RECEIVE  HEARTBEAT                    node1→node3
766   L=1502  [node3 ] SEND     HEARTBEAT                    node3→node2
767   L=1503  [node3 ] SEND     HEARTBEAT                    node3→node1
768   L=1505  [node3 ] RECEIVE  HEARTBEAT                    node2→node3
769   L=1509  [node3 ] RECEIVE  HEARTBEAT                    node1→node3
770   L=1510  [node3 ] SEND     HEARTBEAT                    node3→node2
771   L=1511  [node3 ] SEND     HEARTBEAT                    node3→node1
772   L=1513  [node3 ] RECEIVE  HEARTBEAT                    node2→node3
773   L=1517  [node3 ] RECEIVE  HEARTBEAT                    node1→node3
774   L=1518  [node3 ] SEND     HEARTBEAT                    node3→node2
775   L=1519  [node3 ] SEND     HEARTBEAT                    node3→node1
776   L=1521  [node3 ] RECEIVE  HEARTBEAT                    node2→node3
777   L=1525  [node3 ] RECEIVE  HEARTBEAT                    node1→node3
778   L=1526  [node3 ] SEND     HEARTBEAT                    node3→node2
779   L=1527  [node3 ] SEND     HEARTBEAT                    node3→node1
780   L=1529  [node3 ] RECEIVE  HEARTBEAT                    node2→node3
781   L=1533  [node3 ] RECEIVE  HEARTBEAT                    node1→node3
782   L=1534  [node3 ] SEND     HEARTBEAT                    node3→node2
783   L=1535  [node3 ] SEND     HEARTBEAT                    node3→node1
784   L=1537  [node3 ] RECEIVE  HEARTBEAT                    node2→node3
785   L=1541  [node3 ] RECEIVE  HEARTBEAT                    node1→node3
786   L=1542  [node3 ] SEND     HEARTBEAT                    node3→node2
787   L=1543  [node3 ] SEND     HEARTBEAT                    node3→node1
788   L=1545  [node3 ] RECEIVE  HEARTBEAT                    node2→node3
789   L=1549  [node3 ] RECEIVE  HEARTBEAT                    node1→node3
790   L=1550  [node3 ] SEND     HEARTBEAT                    node3→node2
791   L=1551  [node3 ] SEND     HEARTBEAT                    node3→node1
792   L=1553  [node3 ] RECEIVE  HEARTBEAT                    node2→node3
793   L=1557  [node3 ] RECEIVE  HEARTBEAT                    node1→node3
794   L=1558  [node3 ] SEND     HEARTBEAT                    node3→node2
795   L=1559  [node3 ] SEND     HEARTBEAT                    node3→node1
796   L=1561  [node3 ] RECEIVE  HEARTBEAT                    node2→node3
797   L=1565  [node3 ] RECEIVE  HEARTBEAT                    node1→node3
798   L=1566  [node3 ] SEND     HEARTBEAT                    node3→node2
799   L=1567  [node3 ] SEND     HEARTBEAT                    node3→node1
800   L=1569  [node3 ] RECEIVE  HEARTBEAT                    node2→node3
801   L=1573  [node3 ] RECEIVE  HEARTBEAT                    node1→node3
802   L=1574  [node3 ] SEND     HEARTBEAT                    node3→node2
803   L=1575  [node3 ] SEND     HEARTBEAT                    node3→node1
804   L=1577  [node3 ] RECEIVE  HEARTBEAT                    node2→node3
805   L=1581  [node3 ] RECEIVE  HEARTBEAT                    node1→node3
806   L=1582  [node3 ] SEND     HEARTBEAT                    node3→node2
807   L=1583  [node3 ] SEND     HEARTBEAT                    node3→node1
808   L=1585  [node3 ] RECEIVE  HEARTBEAT                    node2→node3
809   L=1589  [node3 ] RECEIVE  HEARTBEAT                    node1→node3
810   L=1590  [node3 ] SEND     HEARTBEAT                    node3→node2
811   L=1591  [node3 ] SEND     HEARTBEAT                    node3→node1
812   L=1593  [node3 ] RECEIVE  HEARTBEAT                    node2→node3
813   L=1597  [node3 ] RECEIVE  HEARTBEAT                    node1→node3
814   L=1598  [node3 ] SEND     HEARTBEAT                    node3→node2
815   L=1599  [node3 ] SEND     HEARTBEAT                    node3→node1
816   L=1601  [node3 ] RECEIVE  HEARTBEAT                    node2→node3
817   L=1605  [node3 ] RECEIVE  HEARTBEAT                    node1→node3
818   L=1606  [node3 ] SEND     HEARTBEAT                    node3→node2
819   L=1607  [node3 ] SEND     HEARTBEAT                    node3→node1
820   L=1609  [node3 ] RECEIVE  HEARTBEAT                    node2→node3
821   L=1613  [node3 ] RECEIVE  HEARTBEAT                    node1→node3
822   L=1614  [node3 ] SEND     HEARTBEAT                    node3→node2
823   L=1615  [node3 ] SEND     HEARTBEAT                    node3→node1
824   L=1617  [node3 ] RECEIVE  HEARTBEAT                    node2→node3
825   L=1621  [node3 ] RECEIVE  HEARTBEAT                    node1→node3
826   L=1622  [node3 ] SEND     HEARTBEAT                    node3→node2
827   L=1623  [node3 ] SEND     HEARTBEAT                    node3→node1
828   L=1625  [node3 ] RECEIVE  HEARTBEAT                    node2→node3
829   L=1629  [node3 ] RECEIVE  HEARTBEAT                    node1→node3
830   L=1630  [node3 ] SEND     HEARTBEAT                    node3→node2
831   L=1631  [node3 ] SEND     HEARTBEAT                    node3→node1
832   L=1633  [node3 ] RECEIVE  HEARTBEAT                    node2→node3
833   L=1637  [node3 ] RECEIVE  HEARTBEAT                    node1→node3
834   L=1638  [node3 ] SEND     HEARTBEAT                    node3→node2
835   L=1639  [node3 ] SEND     HEARTBEAT                    node3→node1
836   L=1641  [node3 ] RECEIVE  HEARTBEAT                    node2→node3
837   L=1645  [node3 ] RECEIVE  HEARTBEAT                    node1→node3
838   L=1646  [node3 ] SEND     HEARTBEAT                    node3→node2
839   L=1647  [node3 ] SEND     HEARTBEAT                    node3→node1
840   L=1649  [node3 ] RECEIVE  HEARTBEAT                    node2→node3
841   L=1653  [node3 ] RECEIVE  HEARTBEAT                    node1→node3
842   L=1654  [node3 ] SEND     HEARTBEAT                    node3→node2
843   L=1655  [node3 ] SEND     HEARTBEAT                    node3→node1
844   L=1657  [node3 ] RECEIVE  HEARTBEAT                    node2→node3
845   L=1661  [node3 ] RECEIVE  HEARTBEAT                    node1→node3
846   L=1662  [node3 ] SEND     HEARTBEAT                    node3→node2
847   L=1663  [node3 ] SEND     HEARTBEAT                    node3→node1
848   L=1665  [node3 ] RECEIVE  HEARTBEAT                    node2→node3
849   L=1669  [node3 ] RECEIVE  HEARTBEAT                    node1→node3
