LOG DE EVENTOS ORDENADO POR LAMPORT [node2]
SEQ   L       NODO   EVENTO   TIPO                         DETALLE
--------------------------------------------------------------------------------
1     L=1     [node2 ] SEND     PEER_HELLO                   node2→node3
2     L=2     [node2 ] SEND     PEER_HELLO                   node2→node1
3     L=3     [node2 ] RECEIVE  PEER_HELLO                   node3→node2
4     L=4     [node2 ] RECEIVE  PEER_HELLO                   node1→node2
5     L=5     [node2 ] SEND     PEER_HELLO_ACK               node2→node1
6     L=6     [node2 ] SEND     PEER_HELLO_ACK               node2→node3
7     L=7     [node2 ] RECEIVE  PEER_HELLO_ACK               node1→node2
8     L=8     [node2 ] RECEIVE  PEER_HELLO_ACK               node3→node2
9     L=9     [node2 ] SEND     HEARTBEAT                    node2→node3
10    L=10    [node2 ] SEND     HEARTBEAT                    node2→node1
11    L=11    [node2 ] RECEIVE  HEARTBEAT                    node3→node2
12    L=12    [node2 ] RECEIVE  HEARTBEAT                    node1→node2
13    L=13    [node2 ] SEND     HEARTBEAT                    node2→node3
15    L=14    [node2 ] SEND     ELECTION                     node2→node3
14    L=15    [node2 ] SEND     HEARTBEAT                    node2→node1
16    L=16    [node2 ] RECEIVE  HEARTBEAT                    node3→node2
17    L=17    [node2 ] RECEIVE  ELECTION_COORDINATOR         node3→node2
18    L=18    [node2 ] RECEIVE  HEARTBEAT                    node1→node2
19    L=19    [node2 ] RECEIVE  ELECTION                     node1→node2
20    L=21    [node2 ] RECEIVE  ELECTION_OK                  node3→node2
21    L=23    [node2 ] RECEIVE  ELECTION_COORDINATOR         node3→node2
22    L=24    [node2 ] SEND     ELECTION_OK                  node2→node1
23    L=27    [node2 ] RECEIVE  ELECTION_COORDINATOR         node3→node2
24    L=28    [node2 ] SEND     ELECTION                     node2→node3
25    L=31    [node2 ] RECEIVE  ELECTION_OK                  node3→node2
26    L=32    [node2 ] RECEIVE  ELECTION_COORDINATOR         node3→node2
27    L=33    [node2 ] SEND     HEARTBEAT                    node2→node3
28    L=34    [node2 ] SEND     HEARTBEAT                    node2→node1
29    L=35    [node2 ] RECEIVE  HEARTBEAT                    node3→node2
31    L=36    [node2 ] SEND     MUTEX_REQUEST                node2→node3
34    L=36    [node2 ] SEND     MUTEX_REQUEST                node2→node1
30    L=37    [node2 ] RECEIVE  HEARTBEAT                    node1→node2
32    L=38    [node2 ] RECEIVE  MUTEX_REQUEST                node1→node2
33    L=39    [node2 ] RECEIVE  MUTEX_REQUEST                node3→node2
35    L=40    [node2 ] SEND     MUTEX_REPLY                  node2→node1
36    L=41    [node2 ] SEND     MUTEX_REPLY                  node2→node3
37    L=45    [node2 ] RECEIVE  MUTEX_REPLY                  node3→node2
38    L=46    [node2 ] RECEIVE  MUTEX_REPLY                  node1→node2
39    L=47    [node2 ] RECEIVE  HEARTBEAT                    node3→node2
40    L=48    [node2 ] SEND     HEARTBEAT                    node2→node3
41    L=49    [node2 ] SEND     HEARTBEAT                    node2→node1
42    L=50    [node2 ] RECEIVE  HEARTBEAT                    node1→node2
43    L=51    [node2 ] SEND     HEARTBEAT                    node2→node3
44    L=52    [node2 ] SEND     HEARTBEAT                    node2→node1
45    L=53    [node2 ] RECEIVE  HEARTBEAT                    node1→node2
46    L=54    [node2 ] RECEIVE  HEARTBEAT                    node3→node2
47    L=56    [node2 ] RECEIVE  USER_LOGIN_ANNOUNCE          node1→node2
48    L=57    [node2 ] LOCAL    LOGIN                        luis@node2
49    L=60    [node2 ] RECEIVE  APP                          node1→node2
50    L=61    [node2 ] RECEIVE  USER_LOGIN_ANNOUNCE          node3→node2
51    L=62    [node2 ] RECEIVE  HEARTBEAT                    node1→node2
52    L=63    [node2 ] SEND     HEARTBEAT                    node2→node3
53    L=65    [node2 ] RECEIVE  HEARTBEAT                    node3→node2
54    L=66    [node2 ] SEND     HEARTBEAT                    node2→node1
55    L=67    [node2 ] SEND     APP_PRIVATE                  node2→node3
56    L=69    [node2 ] RECEIVE  MUTEX_REQUEST                node1→node2
57    L=70    [node2 ] SEND     MUTEX_REPLY                  node2→node1
58    L=74    [node2 ] RECEIVE  APP                          node1→node2
59    L=75    [node2 ] SEND     MUTEX_REQUEST                node2→node3
60    L=75    [node2 ] SEND     MUTEX_REQUEST                node2→node1
61    L=76    [node2 ] RECEIVE  MUTEX_REQUEST                node3→node2
62    L=78    [node2 ] RECEIVE  MUTEX_REPLY                  node3→node2
63    L=79    [node2 ] RECEIVE  MUTEX_REPLY                  node1→node2
64    L=80    [node2 ] SEND     MUTEX_REPLY                  node2→node3
65    L=81    [node2 ] SEND     MUTEX_REQUEST                node2→node3
66    L=81    [node2 ] SEND     MUTEX_REQUEST                node2→node1
67    L=84    [node2 ] RECEIVE  MUTEX_REPLY                  node3→node2
68    L=85    [node2 ] RECEIVE  MUTEX_REPLY                  node1→node2
69    L=86    [node2 ] SEND     APP_JOIN_GROUP               node2→*
70    L=89    [node2 ] RECEIVE  MUTEX_REQUEST                node3→node2
71    L=90    [node2 ] RECEIVE  MUTEX_REQUEST                node1→node2
72    L=91    [node2 ] SEND     MUTEX_REPLY                  node2→node3
73    L=92    [node2 ] SEND     MUTEX_REPLY                  node2→node1
74    L=96    [node2 ] RECEIVE  HEARTBEAT                    node1→node2
75    L=97    [node2 ] SEND     HEARTBEAT                    node2→node3
76    L=98    [node2 ] SEND     HEARTBEAT                    node2→node1
77    L=99    [node2 ] RECEIVE  HEARTBEAT                    node3→node2
78    L=102   [node2 ] RECEIVE  MUTEX_REQUEST                node3→node2
79    L=103   [node2 ] SEND     MUTEX_REPLY                  node2→node3
80    L=107   [node2 ] RECEIVE  APP                          node3→node2
81    L=108   [node2 ] SEND     MUTEX_REQUEST                node2→node3
82    L=108   [node2 ] SEND     MUTEX_REQUEST                node2→node1
83    L=109   [node2 ] RECEIVE  MUTEX_REQUEST                node1→node2
84    L=110   [node2 ] SEND     MUTEX_REPLY                  node2→node1
85    L=111   [node2 ] RECEIVE  MUTEX_REPLY                  node3→node2
86    L=112   [node2 ] RECEIVE  APP                          node1→node2
87    L=115   [node2 ] RECEIVE  MUTEX_REPLY                  node1→node2
88    L=116   [node2 ] SEND     HEARTBEAT                    node2→node3
89    L=117   [node2 ] SEND     HEARTBEAT                    node2→node1
90    L=118   [node2 ] RECEIVE  HEARTBEAT                    node1→node2
91    L=119   [node2 ] RECEIVE  HEARTBEAT                    node3→node2
92    L=120   [node2 ] RECEIVE  APP                          node3→node2
93    L=121   [node2 ] SEND     HEARTBEAT                    node2→node3
94    L=122   [node2 ] SEND     HEARTBEAT                    node2→node1
95    L=123   [node2 ] RECEIVE  HEARTBEAT                    node1→node2
96    L=124   [node2 ] RECEIVE  HEARTBEAT                    node3→node2
97    L=126   [node2 ] RECEIVE  USER_LOGOUT_ANNOUNCE         node3→node2
98    L=127   [node2 ] RECEIVE  USER_LOGOUT_ANNOUNCE         node3→node2
99    L=130   [node2 ] RECEIVE  USER_LOGOUT_ANNOUNCE         node1→node2
100   L=131   [node2 ] RECEIVE  USER_LOGOUT_ANNOUNCE         node1→node2
101   L=132   [node2 ] LOCAL    LOGOUT                       luis@node2
102   L=133   [node2 ] LOCAL    LOGOUT                       luis@node2
