LOG DE EVENTOS ORDENADO POR LAMPORT [node3]
SEQ   L       NODO   EVENTO   TIPO                         DETALLE
--------------------------------------------------------------------------------
1     L=1     [node3 ] SEND     PEER_HELLO                   node3→node2
2     L=2     [node3 ] SEND     PEER_HELLO                   node3→node1
4     L=35    [node3 ] RECEIVE  PEER_HELLO_ACK               node1→node3
3     L=36    [node3 ] RECEIVE  PEER_HELLO_ACK               node2→node3
5     L=37    [node3 ] RECEIVE  HEARTBEAT                    node2→node3
6     L=41    [node3 ] RECEIVE  HEARTBEAT                    node1→node3
7     L=42    [node3 ] SEND     HEARTBEAT                    node3→node2
8     L=43    [node3 ] SEND     HEARTBEAT                    node3→node1
9     L=45    [node3 ] RECEIVE  HEARTBEAT                    node2→node3
10    L=49    [node3 ] RECEIVE  HEARTBEAT                    node1→node3
11    L=50    [node3 ] SEND     HEARTBEAT                    node3→node2
12    L=51    [node3 ] SEND     HEARTBEAT                    node3→node1
13    L=52    [node3 ] SEND     ELECTION_COORDINATOR         node3→node2
14    L=53    [node3 ] SEND     ELECTION_COORDINATOR         node3→node1
15    L=55    [node3 ] RECEIVE  HEARTBEAT                    node2→node3
16    L=59    [node3 ] RECEIVE  HEARTBEAT                    node1→node3
17    L=60    [node3 ] SEND     HEARTBEAT                    node3→node2
18    L=61    [node3 ] SEND     HEARTBEAT                    node3→node1
19    L=62    [node3 ] SEND     MUTEX_REQUEST                node3→node2
20    L=62    [node3 ] SEND     MUTEX_REQUEST                node3→node1
22    L=65    [node3 ] RECEIVE  MUTEX_REPLY                  node2→node3
21    L=66    [node3 ] RECEIVE  MUTEX_REPLY                  node1→node3
23    L=67    [node3 ] RECEIVE  HEARTBEAT                    node2→node3
24    L=70    [node3 ] RECEIVE  HEARTBEAT                    node1→node3
25    L=71    [node3 ] SEND     HEARTBEAT                    node3→node2
26    L=72    [node3 ] SEND     HEARTBEAT                    node3→node1
27    L=74    [node3 ] RECEIVE  HEARTBEAT                    node2→node3
28    L=78    [node3 ] RECEIVE  HEARTBEAT                    node1→node3
29    L=79    [node3 ] SEND     HEARTBEAT                    node3→node2
30    L=80    [node3 ] SEND     HEARTBEAT                    node3→node1
31    L=82    [node3 ] RECEIVE  HEARTBEAT                    node2→node3
32    L=86    [node3 ] RECEIVE  HEARTBEAT                    node1→node3
33    L=87    [node3 ] SEND     HEARTBEAT                    node3→node2
34    L=88    [node3 ] SEND     HEARTBEAT                    node3→node1
35    L=90    [node3 ] RECEIVE  HEARTBEAT                    node2→node3
36    L=94    [node3 ] RECEIVE  HEARTBEAT                    node1→node3
37    L=95    [node3 ] SEND     HEARTBEAT                    node3→node2
38    L=96    [node3 ] SEND     HEARTBEAT                    node3→node1
39    L=98    [node3 ] RECEIVE  HEARTBEAT                    node2→node3
40    L=102   [node3 ] RECEIVE  HEARTBEAT                    node1→node3
41    L=103   [node3 ] SEND     HEARTBEAT                    node3→node2
42    L=104   [node3 ] SEND     HEARTBEAT                    node3→node1
43    L=106   [node3 ] RECEIVE  HEARTBEAT                    node2→node3
44    L=110   [node3 ] RECEIVE  HEARTBEAT                    node1→node3
45    L=111   [node3 ] SEND     HEARTBEAT                    node3→node2
46    L=112   [node3 ] SEND     HEARTBEAT                    node3→node1
47    L=114   [node3 ] RECEIVE  HEARTBEAT                    node2→node3
48    L=118   [node3 ] RECEIVE  HEARTBEAT                    node1→node3
49    L=119   [node3 ] SEND     HEARTBEAT                    node3→node2
50    L=120   [node3 ] SEND     HEARTBEAT                    node3→node1
51    L=122   [node3 ] RECEIVE  HEARTBEAT                    node2→node3
52    L=126   [node3 ] RECEIVE  HEARTBEAT                    node1→node3
53    L=127   [node3 ] SEND     HEARTBEAT                    node3→node2
54    L=128   [node3 ] SEND     HEARTBEAT                    node3→node1
55    L=130   [node3 ] RECEIVE  HEARTBEAT                    node2→node3
56    L=134   [node3 ] RECEIVE  HEARTBEAT                    node1→node3
57    L=135   [node3 ] SEND     HEARTBEAT                    node3→node2
58    L=136   [node3 ] SEND     HEARTBEAT                    node3→node1
59    L=138   [node3 ] RECEIVE  HEARTBEAT                    node2→node3
60    L=142   [node3 ] RECEIVE  HEARTBEAT                    node1→node3
61    L=143   [node3 ] SEND     HEARTBEAT                    node3→node2
62    L=144   [node3 ] SEND     HEARTBEAT                    node3→node1
63    L=146   [node3 ] RECEIVE  HEARTBEAT                    node2→node3
64    L=150   [node3 ] RECEIVE  HEARTBEAT                    node1→node3
65    L=151   [node3 ] SEND     HEARTBEAT                    node3→node2
66    L=152   [node3 ] SEND     HEARTBEAT                    node3→node1
67    L=154   [node3 ] RECEIVE  HEARTBEAT                    node2→node3
68    L=158   [node3 ] RECEIVE  HEARTBEAT                    node1→node3
69    L=159   [node3 ] SEND     HEARTBEAT                    node3→node2
70    L=160   [node3 ] SEND     HEARTBEAT                    node3→node1
71    L=162   [node3 ] RECEIVE  HEARTBEAT                    node2→node3
72    L=166   [node3 ] RECEIVE  HEARTBEAT                    node1→node3
73    L=167   [node3 ] SEND     HEARTBEAT                    node3→node2
74    L=168   [node3 ] SEND     HEARTBEAT                    node3→node1
75    L=170   [node3 ] RECEIVE  HEARTBEAT                    node2→node3
76    L=174   [node3 ] RECEIVE  HEARTBEAT                    node1→node3
77    L=175   [node3 ] SEND     HEARTBEAT                    node3→node2
78    L=176   [node3 ] SEND     HEARTBEAT                    node3→node1
79    L=178   [node3 ] RECEIVE  HEARTBEAT                    node2→node3
80    L=182   [node3 ] RECEIVE  HEARTBEAT                    node1→node3
81    L=183   [node3 ] SEND     HEARTBEAT                    node3→node2
82    L=184   [node3 ] SEND     HEARTBEAT                    node3→node1
83    L=186   [node3 ] RECEIVE  HEARTBEAT                    node2→node3
84    L=190   [node3 ] RECEIVE  HEARTBEAT                    node1→node3
85    L=191   [node3 ] SEND     HEARTBEAT                    node3→node2
86    L=192   [node3 ] SEND     HEARTBEAT                    node3→node1
87    L=194   [node3 ] RECEIVE  HEARTBEAT                    node2→node3
88    L=198   [node3 ] RECEIVE  HEARTBEAT                    node1→node3
89    L=199   [node3 ] SEND     HEARTBEAT                    node3→node2
90    L=200   [node3 ] SEND     HEARTBEAT                    node3→node1
91    L=202   [node3 ] RECEIVE  HEARTBEAT                    node2→node3
92    L=206   [node3 ] RECEIVE  HEARTBEAT                    node1→node3
93    L=207   [node3 ] SEND     HEARTBEAT                    node3→node2
94    L=208   [node3 ] SEND     HEARTBEAT                    node3→node1
95    L=210   [node3 ] RECEIVE  HEARTBEAT                    node2→node3
96    L=214   [node3 ] RECEIVE  HEARTBEAT                    node1→node3
97    L=215   [node3 ] SEND     HEARTBEAT                    node3→node2
98    L=216   [node3 ] SEND     HEARTBEAT                    node3→node1
99    L=218   [node3 ] RECEIVE  HEARTBEAT                    node2→node3
100   L=222   [node3 ] RECEIVE  HEARTBEAT                    node1→node3
101   L=223   [node3 ] SEND     HEARTBEAT                    node3→node2
102   L=224   [node3 ] SEND     HEARTBEAT                    node3→node1
103   L=226   [node3 ] RECEIVE  HEARTBEAT                    node2→node3
104   L=230   [node3 ] RECEIVE  HEARTBEAT                    node1→node3
105   L=231   [node3 ] SEND     HEARTBEAT                    node3→node2
106   L=232   [node3 ] SEND     HEARTBEAT                    node3→node1
107   L=234   [node3 ] RECEIVE  HEARTBEAT                    node2→node3
108   L=238   [node3 ] RECEIVE  HEARTBEAT                    node1→node3
109   L=239   [node3 ] SEND     HEARTBEAT                    node3→node2
110   L=240   [node3 ] SEND     HEARTBEAT                    node3→node1
111   L=242   [node3 ] RECEIVE  HEARTBEAT                    node2→node3
112   L=246   [node3 ] RECEIVE  HEARTBEAT                    node1→node3
113   L=247   [node3 ] SEND     HEARTBEAT                    node3→node2
114   L=248   [node3 ] SEND     HEARTBEAT                    node3→node1
115   L=250   [node3 ] RECEIVE  HEARTBEAT                    node2→node3
116   L=254   [node3 ] RECEIVE  HEARTBEAT                    node1→node3
117   L=255   [node3 ] SEND     HEARTBEAT                    node3→node2
118   L=256   [node3 ] SEND     HEARTBEAT                    node3→node1
119   L=258   [node3 ] RECEIVE  HEARTBEAT                    node2→node3
120   L=262   [node3 ] RECEIVE  HEARTBEAT                    node1→node3
121   L=263   [node3 ] SEND     HEARTBEAT                    node3→node2
122   L=264   [node3 ] SEND     HEARTBEAT                    node3→node1
123   L=266   [node3 ] RECEIVE  HEARTBEAT                    node2→node3
124   L=270   [node3 ] RECEIVE  HEARTBEAT                    node1→node3
125   L=271   [node3 ] SEND     HEARTBEAT                    node3→node2
126   L=272   [node3 ] SEND     HEARTBEAT                    node3→node1
127   L=274   [node3 ] RECEIVE  HEARTBEAT                    node2→node3
128   L=278   [node3 ] RECEIVE  HEARTBEAT                    node1→node3
129   L=279   [node3 ] SEND     HEARTBEAT                    node3→node2
130   L=280   [node3 ] SEND     HEARTBEAT                    node3→node1
131   L=282   [node3 ] RECEIVE  HEARTBEAT                    node2→node3
132   L=286   [node3 ] RECEIVE  HEARTBEAT                    node1→node3
