[node1] Iniciando ServerNode
[node1] clientPort=5001 peerPort=6001
[node1] clientWorkerPool=64 peerWorkerPool=16 schedulerPool=4 coordinationExecutor=1
[node1] Peers configurados:
[node1]  - node2@localhost:5002:6002 [ALIVE]
[node1]  - node3@localhost:5003:6003 [ALIVE]
[node1][TcpPeerTransport] Iniciando TcpPeerTransport en puerto 6001
[node1][PeerListener] PeerListener escuchando en puerto 6001
[node1][PeerConnMgr] Enviando PEER_HELLO a node2 localhost:6002
[node1][L=1   ] SEND     PEER_HELLO                   node1→node2
[node1][PeerConnMgr] Enviando PEER_HELLO a node3 localhost:6003
[node1][L=2   ] SEND     PEER_HELLO                   node1→node3
[node1][TcpPeerTransport] TcpPeerTransport iniciado
[node1] Emisor de Heartbeats programado cada 2000ms
[node1] Sweeper de fallos programado. Tolerancia máxima de inactividad: 6000ms
[node1] ServerNode iniciado con comunicación TCP real entre nodos.
[node1][PeerConnMgr] Intento 1/3 fallido para node2: java.net.ConnectException: Connection refused
[node1][PeerConnMgr] Intento 1/3 fallido para node3: java.net.ConnectException: Connection refused
[node1][L=3   ] RECEIVE  PEER_HELLO                   node2→node1
[node1][PeerMsgHandler] Mensaje recibido: type=PEER_HELLO source=node2 L=3
[node1][PeerMsgHandler] PEER_HELLO recibido desde node2
[node1][PeerMsgHandler] Peer registrado/actualizado: node2@localhost:5002:6002 [ALIVE]
[node1][L=4   ] SEND     PEER_HELLO_ACK               node1→node2
[node1][PeerMsgHandler] PEER_HELLO_ACK enviado a node2 L=4
[node1][PeerMsgHandler] Peer detectado: node2
[node1][L=5   ] RECEIVE  PEER_HELLO                   node3→node1
[node1][PeerMsgHandler] Mensaje recibido: type=PEER_HELLO source=node3 L=5
[node1][PeerMsgHandler] PEER_HELLO recibido desde node3
[node1][PeerMsgHandler] Peer registrado/actualizado: node3@localhost:5003:6003 [ALIVE]
[node1][L=6   ] SEND     PEER_HELLO_ACK               node1→node3
[node1][PeerMsgHandler] PEER_HELLO_ACK enviado a node3 L=6
[node1][PeerMsgHandler] Peer detectado: node3
[node1][PeerConnMgr] PEER_HELLO enviado a node2
[node1][PeerConnMgr] PEER_HELLO enviado a node3
[node1][L=10  ] RECEIVE  PEER_HELLO_ACK               node2→node1
[node1][PeerConnMgr] PEER_HELLO_ACK recibido desde node2 L=10
[node1][PeerConnMgr] Peer detectado: node2
[node1][L=11  ] RECEIVE  PEER_HELLO_ACK               node3→node1
[node1][PeerConnMgr] PEER_HELLO_ACK recibido desde node3 L=11
[node1][PeerConnMgr] Peer detectado: node3
[node1][L=12  ] SEND     HEARTBEAT                    node1→node2
[node1][L=13  ] SEND     HEARTBEAT                    node1→node3
[node1][PeerConnMgr] Mensaje enviado a node3 type=HEARTBEAT L=13
[node1][PeerConnMgr] Mensaje enviado a node2 type=HEARTBEAT L=12
[node1][L=17  ] RECEIVE  HEARTBEAT                    node2→node1
[node1][PeerMsgHandler] Mensaje recibido: type=HEARTBEAT source=node2 L=17
[node1][PeerMsgHandler] HEARTBEAT recibido de node2 L=16
[node1][L=19  ] RECEIVE  HEARTBEAT                    node3→node1
[node1][PeerMsgHandler] Mensaje recibido: type=HEARTBEAT source=node3 L=19
[node1][PeerMsgHandler] HEARTBEAT recibido de node3 L=18
[node1][L=20  ] SEND     HEARTBEAT                    node1→node2
[node1][L=21  ] SEND     HEARTBEAT                    node1→node3
[node1][PeerConnMgr] Mensaje enviado a node2 type=HEARTBEAT L=20
[node1][PeerConnMgr] Mensaje enviado a node3 type=HEARTBEAT L=21
[node1][L=24  ] RECEIVE  HEARTBEAT                    node2→node1
[node1][PeerMsgHandler] Mensaje recibido: type=HEARTBEAT source=node2 L=24
[node1][PeerMsgHandler] HEARTBEAT recibido de node2 L=23
[node1][L=26  ] RECEIVE  HEARTBEAT                    node3→node1
[node1][PeerMsgHandler] Mensaje recibido: type=HEARTBEAT source=node3 L=26
[node1][PeerMsgHandler] HEARTBEAT recibido de node3 L=25
[node1][L=27  ] SEND     HEARTBEAT                    node1→node2
[node1][L=28  ] SEND     HEARTBEAT                    node1→node3
[node1][PeerConnMgr] Mensaje enviado a node2 type=HEARTBEAT L=27
[node1][PeerConnMgr] Mensaje enviado a node3 type=HEARTBEAT L=28
[node1][L=31  ] RECEIVE  HEARTBEAT                    node2→node1
[node1][PeerMsgHandler] Mensaje recibido: type=HEARTBEAT source=node2 L=31
[node1][PeerMsgHandler] HEARTBEAT recibido de node2 L=30
[node1][L=33  ] RECEIVE  HEARTBEAT                    node3→node1
[node1][PeerMsgHandler] Mensaje recibido: type=HEARTBEAT source=node3 L=33
[node1][PeerMsgHandler] HEARTBEAT recibido de node3 L=32
[node1][L=34  ] SEND     HEARTBEAT                    node1→node2
[node1][L=35  ] SEND     HEARTBEAT                    node1→node3
[node1][PeerConnMgr] Mensaje enviado a node2 type=HEARTBEAT L=34
[node1][PeerConnMgr] Mensaje enviado a node3 type=HEARTBEAT L=35
[node1][L=38  ] RECEIVE  HEARTBEAT                    node2→node1
[node1][PeerMsgHandler] Mensaje recibido: type=HEARTBEAT source=node2 L=38
[node1][PeerMsgHandler] HEARTBEAT recibido de node2 L=37
[node1][L=40  ] RECEIVE  HEARTBEAT                    node3→node1
[node1][PeerMsgHandler] Mensaje recibido: type=HEARTBEAT source=node3 L=40
[node1][PeerMsgHandler] HEARTBEAT recibido de node3 L=39
[node1][L=41  ] SEND     HEARTBEAT                    node1→node2
[node1][L=42  ] SEND     HEARTBEAT                    node1→node3
[node1][PeerConnMgr] Mensaje enviado a node2 type=HEARTBEAT L=41
[node1][PeerConnMgr] Mensaje enviado a node3 type=HEARTBEAT L=42
[node1][L=45  ] RECEIVE  HEARTBEAT                    node2→node1
[node1][PeerMsgHandler] Mensaje recibido: type=HEARTBEAT source=node2 L=45
[node1][PeerMsgHandler] HEARTBEAT recibido de node2 L=44
[node1][L=47  ] RECEIVE  HEARTBEAT                    node3→node1
[node1][PeerMsgHandler] Mensaje recibido: type=HEARTBEAT source=node3 L=47
[node1][PeerMsgHandler] HEARTBEAT recibido de node3 L=46
[node1][L=48  ] SEND     HEARTBEAT                    node1→node2
[node1][L=49  ] SEND     HEARTBEAT                    node1→node3
[node1][PeerConnMgr] Mensaje enviado a node3 type=HEARTBEAT L=49
[node1][PeerConnMgr] Mensaje enviado a node2 type=HEARTBEAT L=48
[node1][L=52  ] RECEIVE  HEARTBEAT                    node2→node1
[node1][PeerMsgHandler] Mensaje recibido: type=HEARTBEAT source=node2 L=52
[node1][PeerMsgHandler] HEARTBEAT recibido de node2 L=51
[node1][L=54  ] RECEIVE  HEARTBEAT                    node3→node1
[node1][PeerMsgHandler] Mensaje recibido: type=HEARTBEAT source=node3 L=54
[node1][PeerMsgHandler] HEARTBEAT recibido de node3 L=53
[node1] Deteniendo ServerNode
[node1][TcpPeerTransport] Deteniendo TcpPeerTransport
[node1][PeerListener] PeerListener detenido
[node1][TcpPeerTransport] TcpPeerTransport detenido

========== LOG DE EVENTOS ORDENADO POR LAMPORT [node1] ==========
SEQ   L       NODO   EVENTO   TIPO                         DETALLE
--------------------------------------------------------------------------------
1     L=1     [node1 ] SEND     PEER_HELLO                   node1→node2
2     L=2     [node1 ] SEND     PEER_HELLO                   node1→node3
3     L=3     [node1 ] RECEIVE  PEER_HELLO                   node2→node1
4     L=4     [node1 ] SEND     PEER_HELLO_ACK               node1→node2
5     L=5     [node1 ] RECEIVE  PEER_HELLO                   node3→node1
6     L=6     [node1 ] SEND     PEER_HELLO_ACK               node1→node3
7     L=10    [node1 ] RECEIVE  PEER_HELLO_ACK               node2→node1
8     L=11    [node1 ] RECEIVE  PEER_HELLO_ACK               node3→node1
9     L=12    [node1 ] SEND     HEARTBEAT                    node1→node2
10    L=13    [node1 ] SEND     HEARTBEAT                    node1→node3
11    L=17    [node1 ] RECEIVE  HEARTBEAT                    node2→node1
12    L=19    [node1 ] RECEIVE  HEARTBEAT                    node3→node1
13    L=20    [node1 ] SEND     HEARTBEAT                    node1→node2
14    L=21    [node1 ] SEND     HEARTBEAT                    node1→node3
15    L=24    [node1 ] RECEIVE  HEARTBEAT                    node2→node1
16    L=26    [node1 ] RECEIVE  HEARTBEAT                    node3→node1
17    L=27    [node1 ] SEND     HEARTBEAT                    node1→node2
18    L=28    [node1 ] SEND     HEARTBEAT                    node1→node3
19    L=31    [node1 ] RECEIVE  HEARTBEAT                    node2→node1
20    L=33    [node1 ] RECEIVE  HEARTBEAT                    node3→node1
21    L=34    [node1 ] SEND     HEARTBEAT                    node1→node2
22    L=35    [node1 ] SEND     HEARTBEAT                    node1→node3
23    L=38    [node1 ] RECEIVE  HEARTBEAT                    node2→node1
24    L=40    [node1 ] RECEIVE  HEARTBEAT                    node3→node1
25    L=41    [node1 ] SEND     HEARTBEAT                    node1→node2
26    L=42    [node1 ] SEND     HEARTBEAT                    node1→node3
27    L=45    [node1 ] RECEIVE  HEARTBEAT                    node2→node1
28    L=47    [node1 ] RECEIVE  HEARTBEAT                    node3→node1
29    L=48    [node1 ] SEND     HEARTBEAT                    node1→node2
30    L=49    [node1 ] SEND     HEARTBEAT                    node1→node3
31    L=52    [node1 ] RECEIVE  HEARTBEAT                    node2→node1
32    L=54    [node1 ] RECEIVE  HEARTBEAT                    node3→node1
================================================================================
[node1][EventLogger] Log escrito en /Users/felipeastudillo/Desktop/Proyectos/Universidad/Proyecto_Paralela/Parte_Fin<l/Aplicacion-WhatsApp/logs/events-node1.log (32 eventos)
[node1] ServerNode detenido
